Open Watcom Linker Version 1.9
Portions Copyright (c) 1985-2002 Sybase, Inc. All Rights Reserved.
Created on:       12/12/16 02:40:04
Executable Image: nov.dll
creating a Windows NT dynamic link library


                        +------------+
                        |   Groups   |
                        +------------+

Group                           Address              Size
=====                           =======              ====

.idata                          6e902000             00000179
DGROUP                          6e903000             0000189e



                        +--------------+
                        |   Segments   |
                        +--------------+

Segment                Class          Group          Address         Size
=======                =====          =====          =======         ====

_TEXT                  CODE           AUTO           6e901000        000008c3
TRANSFER CODE          CODE           AUTO           6e9018c4        00000054
.idata                 .idata         .idata         6e902000        00000179
CONST                  DATA           DGROUP         6e903000        00000054
CONST2                 DATA           DGROUP         6e903054        00000000
_DATA                  DATA           DGROUP         6e903054        00000008
_BSS                   BSS            DGROUP         6e904000        0000089e


                        +----------------+
                        |   Memory Map   |
                        +----------------+

* = unreferenced symbol
+ = symbol only referenced locally

Address        Symbol
=======        ======

Module: ntstrt.obj(/mnt/sda5/.user/root/src/openwatcom-1.9/bld/trap/common/nt/ntstrt.c)
6e901000       _LibMain@12
Module: mxutil.obj(/mnt/sda5/.user/root/src/openwatcom-1.9/bld/trap/common/mxutil.c)
6e901010*      GetInPtr_
6e901040       GetOutPtr_
6e901070*      GetTotalSize_
6e904000       _In_Mx_Ptr
6e904004       _Out_Mx_Ptr
6e904008       _Out_Mx_Num
6e904009       _In_Mx_Num
Module: remote.obj(/mnt/sda5/.user/root/src/openwatcom-1.9/bld/trap/common/remote.c)
6e9011f0       TrapInit_
6e901260       TrapRequest_
6e9012b0       TrapFini_
Module: ntstub.obj(/mnt/sda5/.user/root/src/openwatcom-1.9/bld/trap/common/nt/ntstub.c)
6e9012c0       InterruptProgram_
6e9012c0       InfoFunction_
Module: packet.obj(/mnt/sda5/.user/root/src/openwatcom-1.9/bld/trap/common/packet.c)
6e9012d0       StartPacket_
6e9012e0       PutPacket_
6e901300*      PutBuffPacket_
6e901320       AddPacket_
6e901370       GetPacket_
6e901390       RemovePacket_
6e9013e0*      GetPacketBuffPtr_
6e9013f0       MaxPacketSize_
Module: novlink.obj(/mnt/sda5/.user/root/src/openwatcom-1.9/bld/trap/nov/c/novlink.c)
6e90440c*      _nothing_really_common
Module: novnt.obj(/mnt/sda5/.user/root/src/openwatcom-1.9/bld/trap/nov/c/novnt.c)
6e901420       Terminate_
6e901430       RemoteGet_
6e901470       RemotePut_
6e9014d0       RemoteConnect_
6e901500       RemoteDisco_
6e9016f0       RemoteLink_
6e9017b0       RemoteUnLink_
Module: /mnt/sda5/.user/root/src/openwatcom-1.9/rel2/lib386/nt/clib3r.lib(memset.c)
6e9017f0       memset_
Module: /mnt/sda5/.user/root/src/openwatcom-1.9/rel2/lib386/nt/clib3r.lib(toupper.c)
6e901810       toupper_
Module: /mnt/sda5/.user/root/src/openwatcom-1.9/rel2/lib386/nt/clib3r.lib(__stos)
6e901820       __STOSB
6e901857*      __STOSD


                        +----------------------+
                        |   Imported Symbols   |
                        +----------------------+

Symbol                              Module
======                              ======

_recv@16                            WSOCK32.DLL
_send@16                            WSOCK32.DLL
_socket@12                          WSOCK32.DLL
_connect@12                         WSOCK32.DLL
_closesocket@4                      WSOCK32.DLL
_GetAddressByNameA@40               WSOCK32.DLL
_bind@12                            WSOCK32.DLL
_sendto@24                          WSOCK32.DLL
_WSAGetLastError@0                  WSOCK32.DLL
_select@20                          WSOCK32.DLL
_recvfrom@24                        WSOCK32.DLL
_WSAStartup@8                       WSOCK32.DLL
_WSACleanup@0                       WSOCK32.DLL
_Sleep@4                            KERNEL32.DLL


                        +--------------------+
                        |   Libraries Used   |
                        +--------------------+

/mnt/sda5/.user/root/src/openwatcom-1.9/rel2/lib386/nt/kernel32.lib
/mnt/sda5/.user/root/src/openwatcom-1.9/rel2/lib386/nt/clib3r.lib
/mnt/sda5/.user/root/src/openwatcom-1.9/rel2/lib386/nt/wsock32.lib


                        +-----------------------+
                        |   Linker Statistics   |
                        +-----------------------+

Stack size:  0000 (0.)
Memory size:  232f (9007.)
Entry point address: 00000000
Link time: 00:00.00
