Open Watcom Linker Version 1.9
Portions Copyright (c) 1985-2002 Sybase, Inc. All Rights Reserved.
Created on:       12/12/16 02:40:44
Executable Image: hllcv.d32
creating an OS/2 32-bit dynamic link library


                        +------------+
                        |   Groups   |
                        +------------+

Group                           Address              Size
=====                           =======              ====

DGROUP                          0002:00000000        00000190



                        +--------------+
                        |   Segments   |
                        +--------------+

Segment                Class          Group          Address         Size
=======                =====          =====          =======         ====

_TEXT                  CODE           AUTO           0001:00000000   0000aa80
CONST                  DATA           DGROUP         0002:00000000   00000025
CONST2                 DATA           DGROUP         0002:00000028   00000000
_DATA                  DATA           DGROUP         0002:00000028   000000f8
_BSS                   BSS            DGROUP         0002:00000120   00000070


                        +----------------+
                        |   Memory Map   |
                        +----------------+

* = unreferenced symbol
+ = symbol only referenced locally

Address        Symbol
=======        ======

Module: dipimp.obj(/mnt/sda5/.user/root/src/openwatcom-1.9/bld/dip/c/dipimp.c)
0001:00000000  DIPLOAD
0001:00000030  DCAlloc_
0001:00000040  DCAllocZ_
0001:00000070* DCRealloc_
0001:00000080  DCFree_
0001:00000090  DCMapAddr_
0001:000000a0  DCSymCreate_
0001:000000b0  DCItemLocation_
0001:000000c0  DCAssignLocation_
0001:000000d0* DCSameAddrSpace_
0001:00000100* DCAddrSection_
0001:00000110* DCOpen_
0001:00000120  DCSeek_
0001:00000130  DCRead_
0001:00000140  DCReadAt_
0001:000001a0  DCWrite_
0001:000001b0  DCClose_
0001:000001c0* DCRemove_
0001:000001d0  DCStatus_
0001:000001e0* DCCurrMAD_
0001:00000200* DCMachineData_
0001:00000250+ DIPImpOldTypeBase_
0002:00000028+ _ImpInterface
0002:00000120  _NilAddr
0002:00000128+ _Client
Module: hllmisc.obj(/mnt/sda5/.user/root/src/openwatcom-1.9/bld/dip/hllcv/c/hllmisc.c)
0001:00000268  _DIPImpName
0001:000002a0  DIPImpQueryHandleSize_
0001:000002b0  DIPImpMoreMem_
0001:000002c0  DIPImpStartup_
0001:000002d0  DIPImpCancel_
0001:000002d0  DIPImpShutdown_
0001:000002e0  hllNameCopy_
0001:00000320  hllFindDirEntry_
0001:000003f0  hllWalkDirList_
0001:00000500  hllGetNumLeaf_
0001:000005c0  hllDoIndirection_
0001:00000680  hllConfused_
Module: hllld.obj(/mnt/sda5/.user/root/src/openwatcom-1.9/bld/dip/hllcv/c/hllld.c)
0001:000012b0  DIPImpLoadInfo_
0001:000013a0  DIPImpMapInfo_
0001:000013d0  hllIsSegExecutable_
0001:000013f0  hllMapLogical_
0001:00001440  DIPImpUnloadInfo_
0002:0000012c* __nullarea
0002:00000130  _ImageList
Module: hllmod.obj(/mnt/sda5/.user/root/src/openwatcom-1.9/bld/dip/hllcv/c/hllmod.c)
0001:000014a0  DIPImpWalkModList_
0001:00001570  DIPImpModName_
0001:00001610+ GetCompInfo_
0001:00001690  DIPImpModSrcLang_
0001:000016f0  DIPImpModInfo_
0001:00001820+ hllAddrMod_
0001:000018d0  DIPImpAddrMod_
0001:00001900  DIPImpModAddr_
0001:00001a10  DIPImpModDefault_
0001:00001a70  hllGetModStyle_
Module: hlltype.obj(/mnt/sda5/.user/root/src/openwatcom-1.9/bld/dip/hllcv/c/hlltype.c)
0001:00001d40  hllTypeIndexFillIn_
0001:00001d60  DIPImpTypeFreeAll_
0001:00001d60  DIPImpTypeRelease_
0001:00001d60  DIPImpTypeAddRef_
0001:00001d60  DIPImpTypeMod_
0001:00001e00* hllTypeCallInfo_
0001:00001e90* hllTypeMemberFuncInfo_
0001:00001f40  hllTypeSymGetName_
0001:00002b90* hllTypeSymGetAddr_
0001:00002db0  hllTypeSymGetType_
0001:00002e80* hllTypeSymGetValue_
0001:00002f40  hllTypeSymGetInfo_
0001:00003210* hllTypeSymWalkList_
0001:000032e0* hllTypeSearchTagName_
0001:00003650* hllTypeSearchNestedSym_
0001:00003710  DIPImpWalkTypeList_
0001:000037f0+ hllTypeInfo_
0001:000037f0  DIPImpTypeInfo_
0001:00003b10+ hllTypeBase_
0001:00003cf0  DIPImpTypeBase_
0001:00004180  DIPImpTypeArrayInfo_
0001:00004190  DIPImpTypeProcInfo_
0001:00004270  DIPImpTypePtrAddrSpace_
0001:00004350  DIPImpTypeThunkAdjust_
0001:000044f0  DIPImpTypeCmp_
0001:00004510  DIPImpTypeName_
Module: hllsym.obj(/mnt/sda5/.user/root/src/openwatcom-1.9/bld/dip/hllcv/c/hllsym.c)
0001:000045d0* hllSymFillIn_
0001:00004610* cv3SymFillIn_
0001:000048e0  DIPImpSymFreeAll_
0001:000048e0  DIPImpSymRelease_
0001:000048e0  DIPImpSymAddRef_
0001:000048e0  DIPImpSymObjLocation_
0001:000048f0  hllSymLocation_
0001:000048f0  DIPImpSymLocation_
0001:00004fc0  hllSymFindMatchingSym_
0001:00005190+ hllWalkSymList_
0001:00005200  DIPImpWalkSymList_
0001:00005220  DIPImpWalkSymListEx_
0001:00005240  DIPImpSymMod_
0001:00005350  DIPImpSymName_
0001:00005370* hllSymType_
0001:00005370  DIPImpSymType_
0001:00005400* hllSymValue_
0001:00005400  DIPImpSymValue_
0001:00005410  DIPImpSymObjType_
0001:00005530  DIPImpSymInfo_
0001:00005670  DIPImpSymParmLocation_
0001:00005680  DIPImpAddrScope_
0001:00005680  DIPImpAddrSym_
0001:00005690  DIPImpLookupSymEx_
0001:00005690* DoImpLookupSym_
0001:000056a0  DIPImpLookupSym_
0001:000056b0  DIPImpScopeOuter_
0001:000056c0  DIPImpSymCmp_
Module: hllcue.obj(/mnt/sda5/.user/root/src/openwatcom-1.9/bld/dip/hllcv/c/hllcue.c)
0001:000059c0  DIPImpWalkFileList_
0001:00006110  DIPImpCueMod_
0001:00006120  DIPImpCueFile_
0001:00006180  DIPImpCueFileId_
0001:000061a0  DIPImpCueLine_
0001:00006200  DIPImpCueColumn_
0001:00006220  DIPImpCueAddr_
0001:000062e0  DIPImpCueAdjust_
0001:00006580  DIPImpLineCue_
0001:000067b0  DIPImpAddrCue_
0001:00006830  DIPImpCueCmp_
Module: hllvirt.obj(/mnt/sda5/.user/root/src/openwatcom-1.9/bld/dip/hllcv/c/hllvirt.c)
0001:00006880  VMInit_
0001:000068c0  VMFini_
0001:00006940  VMAddDtor_
0001:00006a90  VMBlock_
0001:00006e10  VMGetU8_
0001:00006e30* VMGetU16_
0001:00006e50* VMGetU32_
0001:00006e70  VMRecord_
0001:00006ef0  VMSsBlock_
0001:00006f10  VMSsGetU8_
0001:00006f40  VMSsGetU16_
0001:00006f70* VMSsGetU32_
0001:00006fa0  VMSsRecord_
0001:00007040  VMShrink_
Module: hllloc.obj(/mnt/sda5/.user/root/src/openwatcom-1.9/bld/dip/hllcv/c/hllloc.c)
0001:000072e0  hllLocationCreate_
0001:00007310  hllLocationAdd_
0001:00007400  hllLocationTrunc_
0001:00007450+ hllLocationManyReg_
0001:00007670  hllLocationOneReg_
Module: demangle.obj(/mnt/sda5/.user/root/src/openwatcom-1.9/bld/lib_misc/c/demangle.c)
0001:00009a70* __demangle_t_
0001:00009ad0  __demangle_l_
0001:00009b40* __demangle_r_
0001:00009bd0* __scope_name_
0001:00009c70  __is_mangled_
0001:00009d50* __is_mangled_internal_
0001:00009d90* __unmangled_name_
0001:00009e00* __demangled_basename_
0001:00009e70* __parse_mangled_name_
0001:00009ed0* __mangle_operator_
Module: /mnt/sda5/.user/root/src/openwatcom-1.9/rel2/lib386/os2/clib3r.lib(memset.c)
0001:0000a010  memset_
Module: /mnt/sda5/.user/root/src/openwatcom-1.9/rel2/lib386/os2/clib3r.lib(memcmp.c)
0001:0000a030  memcmp_
Module: /mnt/sda5/.user/root/src/openwatcom-1.9/rel2/lib386/os2/clib3r.lib(memicmp.c)
0001:0000a050  memicmp_
Module: /mnt/sda5/.user/root/src/openwatcom-1.9/rel2/lib386/os2/clib3r.lib(qsort.c)
0001:0000a0e0  qsort_
Module: /mnt/sda5/.user/root/src/openwatcom-1.9/rel2/lib386/os2/clib3r.lib(memmove.c)
0001:0000a790  memmove_
Module: /mnt/sda5/.user/root/src/openwatcom-1.9/rel2/lib386/os2/clib3r.lib(itoa.c)
0001:0000a7f0+ utoa_
0001:0000a840  itoa_
Module: /mnt/sda5/.user/root/src/openwatcom-1.9/rel2/lib386/os2/clib3r.lib(toupper.c)
0001:0000a870  toupper_
Module: /mnt/sda5/.user/root/src/openwatcom-1.9/rel2/lib386/os2/clib3r.lib(istable.c)
0001:0000a880  __IsTable
Module: /mnt/sda5/.user/root/src/openwatcom-1.9/rel2/lib386/os2/clib3r.lib(tolower.c)
0001:0000a990  tolower_
Module: /mnt/sda5/.user/root/src/openwatcom-1.9/rel2/lib386/os2/clib3r.lib(strncmp.c)
0001:0000a9a0  strncmp_
Module: /mnt/sda5/.user/root/src/openwatcom-1.9/rel2/lib386/os2/clib3r.lib(__stos)
0001:0000a9d0  __STOSB
0001:0000aa07* __STOSD
Module: /mnt/sda5/.user/root/src/openwatcom-1.9/rel2/lib386/os2/clib3r.lib(alphabet.c)
0002:00000000  ___Alphabet


                        +----------------------+
                        |   Imported Symbols   |
                        +----------------------+

Symbol                              Module
======                              ======



                        +--------------------+
                        |   Libraries Used   |
                        +--------------------+

/mnt/sda5/.user/root/src/openwatcom-1.9/rel2/lib386/os2/clib3r.lib


                        +-----------------------+
                        |   Linker Statistics   |
                        +-----------------------+

Stack size:  0000 (0.)
Memory size:  ac10 (44048.)
Link time: 00:00.00
