Open Watcom Linker Version 1.9
Portions Copyright (c) 1985-2002 Sybase, Inc. All Rights Reserved.
Created on:       12/12/16 02:40:19
Executable Image: tcp.trp
creating a PE dynamic link library


                        +------------+
                        |   Groups   |
                        +------------+

Group                           Address              Size
=====                           =======              ====

DGROUP                          00402000             00001438



                        +--------------+
                        |   Segments   |
                        +--------------+

Segment                Class          Group          Address         Size
=======                =====          =====          =======         ====

_TEXT                  CODE           AUTO           00401000        00000bee
CONST                  DATA           DGROUP         00402000        00000054
CONST2                 DATA           DGROUP         00402054        0000000c
_DATA                  DATA           DGROUP         00402060        00000008
_BSS                   BSS            DGROUP         00403000        00000438


                        +----------------+
                        |   Memory Map   |
                        +----------------+

* = unreferenced symbol
+ = symbol only referenced locally

Address        Symbol
=======        ======

Module: lnxstrt.obj(/mnt/sda5/.user/root/src/openwatcom-1.9/bld/trap/common/linux/lnxstrt.c)
00401000       TrapLoad_
00401020*      _nmalloc_
00401030*      malloc_
00401040*      _nrealloc_
00401050*      realloc_
00401060*      _nfree_
00401070*      free_
00401080*      getenv_
00402054+      _ImpInterface
00403000+      _Client
00403004+      _dbg_environ
Module: mxutil.obj(/mnt/sda5/.user/root/src/openwatcom-1.9/bld/trap/common/mxutil.c)
00401090*      GetInPtr_
004010c0       GetOutPtr_
004010f0*      GetTotalSize_
00403008       _In_Mx_Ptr
0040300c       _Out_Mx_Ptr
00403010       _Out_Mx_Num
00403011       _In_Mx_Num
Module: remote.obj(/mnt/sda5/.user/root/src/openwatcom-1.9/bld/trap/common/remote.c)
00401270       TrapInit_
004012e0       TrapRequest_
00401330       TrapFini_
Module: packet.obj(/mnt/sda5/.user/root/src/openwatcom-1.9/bld/trap/common/packet.c)
00401340       StartPacket_
00401350       PutPacket_
00401370*      PutBuffPacket_
00401390       AddPacket_
004013e0       GetPacket_
00401400       RemovePacket_
00401450*      GetPacketBuffPtr_
00401460       MaxPacketSize_
Module: tcplink.obj(/mnt/sda5/.user/root/src/openwatcom-1.9/bld/trap/tcp/c/tcplink.c)
00401470*      Terminate_
00401470       RemoteUnLink_
00401520       RemoteGet_
00401570       RemotePut_
00401630       RemoteConnect_
00401670       RemoteDisco_
00401680       RemoteLink_
Module: /mnt/sda5/.user/root/src/openwatcom-1.9/bld/clib/library/linux.386/mf_r/clib3r.lib(stsckopt.c)
00401770       setsockopt_
Module: /mnt/sda5/.user/root/src/openwatcom-1.9/bld/clib/library/linux.386/mf_r/clib3r.lib(close.c)
004017a0       close_
Module: /mnt/sda5/.user/root/src/openwatcom-1.9/bld/clib/library/linux.386/mf_r/clib3r.lib(recv.c)
004017d0       recv_
Module: /mnt/sda5/.user/root/src/openwatcom-1.9/bld/clib/library/linux.386/mf_r/clib3r.lib(send.c)
00401800       send_
Module: /mnt/sda5/.user/root/src/openwatcom-1.9/bld/clib/library/linux.386/mf_r/clib3r.lib(gtpronam.c)
00401840       getprotobyname_
Module: /mnt/sda5/.user/root/src/openwatcom-1.9/bld/clib/library/linux.386/mf_r/clib3r.lib(socket.c)
00401870       socket_
Module: /mnt/sda5/.user/root/src/openwatcom-1.9/bld/clib/library/linux.386/mf_r/clib3r.lib(connect.c)
00401890       connect_
Module: /mnt/sda5/.user/root/src/openwatcom-1.9/bld/clib/library/linux.386/mf_r/clib3r.lib(gtsrvnam.c)
004018b0       getservbyname_
Module: /mnt/sda5/.user/root/src/openwatcom-1.9/bld/clib/library/linux.386/mf_r/clib3r.lib(istable.c)
004018c0       __IsTable
Module: /mnt/sda5/.user/root/src/openwatcom-1.9/bld/clib/library/linux.386/mf_r/clib3r.lib(inetaddr.c)
004019d0       inet_addr_
Module: /mnt/sda5/.user/root/src/openwatcom-1.9/bld/clib/library/linux.386/mf_r/clib3r.lib(htons.c)
00401a40       htons_
Module: /mnt/sda5/.user/root/src/openwatcom-1.9/bld/clib/library/linux.386/mf_r/clib3r.lib(gthstnam.c)
00401a60       gethostbyname_
Module: /mnt/sda5/.user/root/src/openwatcom-1.9/bld/clib/library/linux.386/mf_r/clib3r.lib(sockcall.c)
00401a70       __socketcall_
Module: /mnt/sda5/.user/root/src/openwatcom-1.9/bld/clib/library/linux.386/mf_r/clib3r.lib(errno.c)
00401aa0       __get_errno_ptr_
00403434+      _errno
Module: /mnt/sda5/.user/root/src/openwatcom-1.9/bld/clib/library/linux.386/mf_r/clib3r.lib(_strcmp)
00401ab0       strcmp_


                        +----------------------+
                        |   Imported Symbols   |
                        +----------------------+

Symbol                              Module
======                              ======



                        +--------------------+
                        |   Libraries Used   |
                        +--------------------+

/mnt/sda5/.user/root/src/openwatcom-1.9/bld/clib/library/linux.386/mf_r/clib3r.lib


                        +-----------------------+
                        |   Linker Statistics   |
                        +-----------------------+

Stack size:  0000 (0.)
Memory size:  2026 (8230.)
Entry point address: 00000000
Link time: 00:00.00
