Open Watcom Linker Version 1.9
Portions Copyright (c) 1985-2002 Sybase, Inc. All Rights Reserved.
Created on:       12/12/16 02:40:01
Executable Image: novserv4.nlm
creating a Novell Netware executable


                        +------------+
                        |   Groups   |
                        +------------+

Group                           Address              Size
=====                           =======              ====

DGROUP                          DATA:00000000        00006bbf



                        +--------------+
                        |   Segments   |
                        +--------------+

Segment                Class          Group          Address         Size
=======                =====          =====          =======         ====

_TEXT                  CODE           AUTO           CODE:00000000   0000455c
CONST                  DATA           DGROUP         DATA:00000000   000004ec
CONST2                 DATA           DGROUP         DATA:000004ec   000000f0
_DATA                  DATA           DGROUP         DATA:000005dc   000000b4
_BSS                   BSS            DGROUP         DATA:00000690   0000652f


                        +----------------+
                        |   Memory Map   |
                        +----------------+

* = unreferenced symbol
+ = symbol only referenced locally

Address        Symbol
=======        ======

Module: nlmstrt.obj(/mnt/sda5/.user/root/src/openwatcom-1.9/bld/trap/common/nlm/nlmstrt.c)
DATA:00002694  AllocTag
DATA:00002698* skwoff
DATA:0000269c+ InterruptTag
DATA:000026a0  SocketTag
DATA:000026a4+ ScreenTag
DATA:000026a8  SemaphoreTag
DATA:000026ac* skwtmp
DATA:000026b0  TimerTag
DATA:000026b4* skwHandle
DATA:000026b8  ProcessTag
DATA:000026bc  BreakTag
DATA:000026c0  screenID
DATA:000026c4+ debugScreen
DATA:000005dc+ DebugMode
CODE:00000000  getcmd
CODE:00000024+ upper
CODE:00000034+ lower
CODE:00000044  isalpha
CODE:00000070  strnicmp
CODE:000000b4  stricmp
CODE:000000ec* strupr
CODE:00000114  strcpy
CODE:00000138* strcat
CODE:0000015c* strlen
CODE:00000174* memcpy
CODE:00000198* memcmp
CODE:000001c0  memset
CODE:000001dc* strchr
CODE:000001f8  toupper
CODE:0000020c* _Stop
CODE:00000238* _Check
CODE:00000264+ MainHelper
CODE:00000314* _Prelude
CODE:0000044c* __Init_Argv
CODE:0000044c* __Null_Argv
CODE:0000044c  __WATCOM_Prelude
CODE:00000450  WriteStdErr
DATA:000026c8  DebugTag
DATA:000026cc  MyNLMHandle
Module: mxutil.obj(/mnt/sda5/.user/root/src/openwatcom-1.9/bld/trap/common/mxutil.c)
CODE:00000490  GetInPtr
CODE:000004b8  GetOutPtr
CODE:000004e0  GetTotalSize
DATA:000026d0  In_Mx_Ptr
DATA:000026d4  Out_Mx_Ptr
DATA:000026d8  Out_Mx_Num
DATA:000026d9  In_Mx_Num
Module: serv.obj(/mnt/sda5/.user/root/src/openwatcom-1.9/bld/trap/common/serv.c)
CODE:00000510  ServError
CODE:0000052c* ServMessage
CODE:0000053c+ Initialize
CODE:000005c0* OpeningStatement
CODE:00000610  main
Module: nlmtrio.obj(/mnt/sda5/.user/root/src/openwatcom-1.9/bld/trap/common/nlm/nlmtrio.c)
CODE:000006f0  Output
CODE:00000724  SayGNiteGracey
CODE:00000744  StartupErr
CODE:00000778  KeyPress
CODE:00000788  KeyGet
CODE:000007c4  WantUsage
Module: servacc.obj(/mnt/sda5/.user/root/src/openwatcom-1.9/bld/trap/common/servacc.c)
CODE:000008f8  Session
CODE:00000a0c  TrapClientString
DATA:000026f0  RWBuff
DATA:00002af0  TrapVersion
Module: servcmd.obj(/mnt/sda5/.user/root/src/openwatcom-1.9/bld/trap/common/servcmd.c)
CODE:00000afc  ParseCommandLine
Module: servname.obj(/mnt/sda5/.user/root/src/openwatcom-1.9/bld/trap/nov/c/servname.c)
DATA:000005e8  ServUsage
DATA:00000624  ServName
Module: trpsupp.obj(/mnt/sda5/.user/root/src/openwatcom-1.9/bld/dig/c/trpsupp.c)
CODE:00000c90* TrapSetFailCallBack
CODE:00000c9c* TrapSetAccessCallBack
CODE:00000ca8* TrapFailAllRequests
CODE:00000cb0* TrapSimpAccess
CODE:00000d08  TrapAccess
CODE:00000d64* ReqFuncProxy
DATA:00002af4  ReqFunc
DATA:00002af8  TrapVer
Module: trpld.obj(/mnt/sda5/.user/root/src/openwatcom-1.9/bld/dig/c/nlm/trpld.c)
CODE:00000d90  KillTrap
CODE:00000d98  LoadTrap
Module: nlmnoth.obj(/mnt/sda5/.user/root/src/openwatcom-1.9/bld/trap/common/nlm/nlmnoth.c)
CODE:00000e30  NothingToDo
Module: packet.obj(/mnt/sda5/.user/root/src/openwatcom-1.9/bld/trap/common/packet.c)
CODE:00000e40* StartPacket
CODE:00000e48* PutPacket
CODE:00000e68  PutBuffPacket
CODE:00000e84* AddPacket
CODE:00000ed8  GetPacket
CODE:00000ef4* RemovePacket
CODE:00000f48  GetPacketBuffPtr
CODE:00000f54  MaxPacketSize
Module: novlink.obj(/mnt/sda5/.user/root/src/openwatcom-1.9/bld/trap/nov/c/novlink.c)
DATA:00002efc* nothing_really_common
Module: novnlm.obj(/mnt/sda5/.user/root/src/openwatcom-1.9/bld/trap/nov/c/novnlm.c)
DATA:00002f00+ Buffer
DATA:00003900+ IPXSocket
DATA:00003904+ RespECB
DATA:00003948+ Connection
DATA:0000394c+ SPXSocket
DATA:00003950+ SAPTimer
DATA:0000396c+ SAPStruct
DATA:00003a10+ Timer
DATA:00003a2c+ PartnerSPXSocket
DATA:00003a30+ Tick
DATA:00003a34+ ServECB
DATA:00003a78+ SendECB
DATA:00003abc+ RecECB
DATA:00003c10+ ConnECB
CODE:00000f60+ MyDelay
CODE:00000f80+ PostAListen
CODE:00001010+ DoRemoteGet
CODE:000010e4+ DoRemotePut
CODE:000011a4  RemoteGet
CODE:000011b8  RemotePut
CODE:00001208+ PostListens
CODE:00001240  RemoteConnect
CODE:000012f0  RemoteDisco
CODE:000013e0+ ServRespESR
CODE:00001480+ _Ticker
CODE:0000149c+ _Advertiser
CODE:000014c0+ InitServer
CODE:0000162c+ ASCIIZToLenStr
CODE:00001678+ ReadPropertyValue
CODE:000016ec+ FindPartner
CODE:0000181c  RemoteLink
CODE:000019d4  RemoteUnLink
DATA:00003c54+ RespHead
DATA:00003c72+ ServHead
DATA:00003c90+ SendHead
DATA:00003cba+ RecHead
DATA:00003d8c+ ConnHead
DATA:00003db6+ ServDummy
DATA:00003db7+ Listening
Module: nlmfile.obj(/mnt/sda5/.user/root/src/openwatcom-1.9/bld/trap/lcl/nlm/c/nlmfile.c)
CODE:00001a70  ReqFile_get_config
CODE:00001a90  ReqFile_open
CODE:00001b0c  ReqFile_close
CODE:00001b3c  ReqFile_write
CODE:00001ba0  ReqFile_write_console
CODE:00001bfc  ReqFile_seek
CODE:00001c50  ReqFile_read
CODE:00001ca4  ReqFile_string_to_fullpath
CODE:00001d38  ReqFile_erase
CODE:00001d50  ReqFile_run_cmd
Module: nlmclib.obj(/mnt/sda5/.user/root/src/openwatcom-1.9/bld/trap/lcl/nlm/c/nlmclib.c)
DATA:00000650+ pDebugValidatePID
DATA:00000654+ pDebugBoobyTrapPID
DATA:00000658+ pDebugUnBoobyTrapPID
DATA:0000065c+ pDebugGetPIDName
DATA:00000660+ pDebugGetNLMFromPID
DATA:00000664+ pDebugSetupPIDForACleanExit
CODE:00001d70  ImportCLIBSymbols
CODE:00001e08  ValidatePID
CODE:00001e84  BoobyTrapPID
CODE:00001ed0  UnBoobyTrapPID
CODE:00001f1c  GetPIDName
CODE:00001f48  GetNLMFromPID
CODE:00001f78  SetupPIDForACleanExit
Module: nlmio.obj(/mnt/sda5/.user/root/src/openwatcom-1.9/bld/trap/lcl/nlm/c/nlmio.c)
CODE:00002194  IOCreat
CODE:0000223c  StringToNLMPath
CODE:00002300  IOOpen
CODE:00002474  IOClose
CODE:000024f8  IOWriteConsole
CODE:0000250c  IOWrite
CODE:00002560  IOSeek
CODE:000025e8  IORead
DATA:00003db8+ Files
DATA:000046a0+ ccode
Module: nlmacc.obj(/mnt/sda5/.user/root/src/openwatcom-1.9/bld/trap/lcl/nlm/c/nlmacc.c)
DATA:000066a4+ WatchPoints
DATA:00006924+ CmdLine
DATA:00006a24+ UtilBuff
DATA:00006b24+ HelperThreadRegs
DATA:00006b64+ DR
DATA:00006b90+ WatchCount
DATA:00006b94  ReturnESP
DATA:00006b98+ ThreadId
DATA:00006b9c+ MSB
DATA:00006ba0+ MSBHead
DATA:00006ba4* DebugProcess
DATA:00006ba8+ NLMName
DATA:00006bb6* DebugPriority
DATA:00006bb7* RunningPriority
DATA:00006bb8+ ExpectingEvent
DATA:00006bb9+ FakeBreak
DATA:00006bba+ DebuggerRunning
DATA:00006bbb+ SavedFirstByte
DATA:00006bbc+ TrapInt1
DATA:00006bbd+ NLMState
DATA:0000066c+ DebugSem
DATA:00000670+ HelperSem
DATA:00000674+ DebuggerLoadedNLM
DATA:00000678+ NLMList
DATA:0000067c+ LastNLMListEntry
CODE:00002630+ NewNLMListEntry
CODE:0000266c+ DeadNLMListEntry
CODE:00002694* FreeAnNLMListEntry
CODE:000026ac+ LocateThread
CODE:00002724+ FreeThread
CODE:00002760+ FreeInvalidThreads
CODE:000027b8+ Suicide
CODE:000027c8* TheBigSleep
CODE:000027d0* WakeDebugger
CODE:000027f8* SleepDebugger
CODE:00002818* NPX
CODE:00002c74+ JumpTo
CODE:00002e38  ReqGet_sys_config
CODE:00002e74  ReqMap_addr
CODE:00002f74  ReqAddr_info
CODE:00002f88  ReqMachine_data
CODE:000030e8  ReqChecksum_mem
CODE:00003180  ReqRead_mem
CODE:000031c8  ReqWrite_mem
CODE:0000322c  ReqRead_io
CODE:00003280  ReqWrite_io
CODE:000032fc  ReqRead_cpu
CODE:00003340  ReqRead_fpu
CODE:00003384  ReqWrite_cpu
CODE:000033bc  ReqWrite_fpu
CODE:000033f4  ReqRead_regs
CODE:00003450  ReqWrite_regs
CODE:00003648  ReqProg_load
CODE:00003704  ReqProg_kill
CODE:000037b8+ Execute
CODE:00003920  ReqSet_watch
CODE:00003a60  ReqClear_watch
CODE:00003a68  ReqSet_break
CODE:00003ad0  ReqClear_break
CODE:00003d6c  ReqProg_go
CODE:00003d78  ReqProg_step
CODE:00003d84  ReqGet_next_alias
CODE:00003db8  ReqSet_debug_screen
CODE:00003db8  ReqSet_user_screen
CODE:00003dbc  ReqThread_get_next
CODE:00003e20  ReqThread_set
CODE:00003eac  ReqThread_freeze
CODE:00003ef8  ReqThread_thaw
CODE:00003f44  ReqThread_get_extra
CODE:00003fe0  ReqGet_err_text
CODE:00004024  ReqGet_message_text
CODE:00004094  ReqGet_lib_name
CODE:00004134  ReqRedirect_stdout
CODE:00004134  ReqRedirect_stdin
CODE:0000414c  ReqRead_user_keyboard
CODE:00004160  ReqSplit_cmd
CODE:000041c4  TrapInit
CODE:00004278  TrapFini
Module: nlmintr.obj(nlmintr)
CODE:0000430e  Return
CODE:00004315  DoALongJumpTo
CODE:0000433b  GetDS
CODE:0000433f  GetCS
Module: x86cpu.obj(/mnt/sda5/.user/root/src/openwatcom-1.9/bld/trap/lcl/c/x86cpu.c)
CODE:00004350  X86CPUType
Module: misc7386.obj(/mnt/sda5/.user/root/src/openwatcom-1.9/bld/trap/lcl/asm/misc7386.asm)
CODE:000043d9  NPXType
CODE:0000443a  Read387
CODE:00004443  Write387
Module: supp.obj(/mnt/sda5/.user/root/src/openwatcom-1.9/bld/trap/lcl/c/supp.c)
CODE:00004450  ReqGet_supplementary_service
CODE:000044c0  ReqPerform_supplementary_service
Module: core.obj(/mnt/sda5/.user/root/src/openwatcom-1.9/bld/trap/lcl/c/core.c)
CODE:000044f0+ ReqConnect
CODE:00004524+ ReqResume
CODE:00004524+ ReqSuspend
CODE:00004524+ ReqDisconnect
CODE:00004528  TrapRequest


                        +----------------------+
                        |   Imported Symbols   |
                        +----------------------+

Symbol
======

_exit
GetNLMHandle
GetFileServerMajorVersionNumber
GetFileServerMinorVersionNumber
CValidateMappedAddress
MapNameToID
ReadProperty
Abend
CIPXGetLocalTarget
CIPXCancelECB
CIPXListen
CIPXSendPacket
CIPXOpenSocketRTag
CIPXGetInternetworkAddress
CIPXCloseSocket
CSPXTerminateConnection
CSPXCancelSessionListen
CSPXListenForConnection
CSPXListenForSequencedPacket
CSPXSendSequencedPacket
ValidateModuleHandle
GetNextLoadedListEntry
GetSystemConsoleScreen
AllocateResourceTag
Enable
OpenScreen
CloseScreen
ActivateScreen
OutputToScreen
SetInputToOutputCursorPosition
EnableInputCursor
CGetMyProcessID
CDestroyProcess
CMakeProcess
KillMe
CheckKeyStatus
GetKey
CAllocSemaphore
CDeAllocateSemaphore
CSemaphoreReleaseAll
CVSemaphore
CPSemaphore
CYieldWithDelay
CSleepUntilInterrupt
Alloc
Free
LoadModule
RegisterDebuggerRTag
UnRegisterDebugger
ReserveABreakpointRTag
UnReserveABreakpoint
CSetABreakpoint
ConvertPathString
OpenFile
OpenFileUsingSearchPath
CreateFile
CloseFile
GetFileSize
WriteFile
ReadFile
INWDOSFindFirstFile
INWDOSRead
INWDOSClose
CScheduleInterruptTimeCallBack
CCancelInterruptTimeCallBack
GetRunningProcess
__GetThreadIDFromPCB
ImportSymbol


                        +-----------------------+
                        |   Linker Statistics   |
                        +-----------------------+

Stack size:  2000 (8192.)
Memory size:  b11b (45339.)
Link time: 00:00.00
