Open Watcom Linker Version 1.9
Portions Copyright (c) 1985-2002 Sybase, Inc. All Rights Reserved.
Created on:       12/12/16 02:40:53
Executable Image: madmips.dll
creating a Windows NT character-mode dynamic link library


                        +------------+
                        |   Groups   |
                        +------------+

Group                           Address              Size
=====                           =======              ====

DGROUP                          6eb07000             00000584



                        +--------------+
                        |   Segments   |
                        +--------------+

Segment                Class          Group          Address         Size
=======                =====          =====          =======         ====

_TEXT                  CODE           AUTO           6eb01000        000051f3
CONST                  DATA           DGROUP         6eb07000        00000000
CONST2                 DATA           DGROUP         6eb07000        00000000
_DATA                  DATA           DGROUP         6eb07000        0000014c
_BSS                   BSS            DGROUP         6eb0714c        00000438


                        +----------------+
                        |   Memory Map   |
                        +----------------+

* = unreferenced symbol
+ = symbol only referenced locally

Address        Symbol
=======        ======

Module: madimp.obj(/mnt/sda5/.user/root/src/openwatcom-1.9/bld/mad/c/madimp.c)
6eb01000       MADLOAD
6eb01020       MCAlloc_
6eb01030*      MCRealloc_
6eb01040       MCFree_
6eb01050*      MCOpen_
6eb01060*      MCSeek_
6eb01070*      MCRead_
6eb01080*      MCClose_
6eb01090       MCReadMem_
6eb010c0*      MCWriteMem_
6eb010f0*      MCString_
6eb01100*      MCAddString_
6eb01110*      MCRadixPrefix_
6eb01120       MCNotify_
6eb01130*      MCMachineData_
6eb01170       MCAddrToString_
6eb011b0       MCMemExpr_
6eb011c0*      MCAddrSection_
6eb011d0*      MCAddrOvlReturn_
6eb011e0       MCSystemConfig_
6eb011f0       MCTypeInfoForHost_
6eb01200*      MCTypeConvert_
6eb01220       MCTypeToString_
6eb01240*      MCStatus_
6eb07000+      _MadImpInterface
6eb0714c*      __nullarea
6eb07150+      _MadClient
Module: disentry.obj(/mnt/sda5/.user/root/src/openwatcom-1.9/bld/ndisasm/core/c/disentry.c)
6eb01260       _MIPSMaxInsName
6eb01261+      _DisStringTable
6eb016b4+      _DisInstructionTable
6eb021a4+      _DisRegisterTable
6eb02326*      _DisRefTypeTable
6eb0233c       _MIPSRangeTable
6eb0236c       _MIPSRangeTablePos
6eb02374+      _DisSelectorTable
6eb02a90       SEX_
6eb02ab0+      DisGetString_
6eb02b00*      DisDummyHandler_
6eb02b10       DisInit_
6eb02b30       DisFini_
6eb02b40       DisDecodeInit_
6eb02ba0       DisDecode_
6eb02d00+      DisAddReg_
6eb02d40+      DisOpFormat_
6eb02f10       DisFormat_
6eb03070       DisInsNameMax_
6eb03080*      DisInsSizeInc_
Module: dismips.obj(/mnt/sda5/.user/root/src/openwatcom-1.9/bld/ndisasm/core/c/dismips.c)
6eb030a0       _MIPSData
6eb03120       MIPSNull_
6eb03130       MIPSJType_
6eb03160       MIPSCode_
6eb03180       MIPSImmed1_
6eb031b0       MIPSImmed2_
6eb03200       MIPSImmed2U_
6eb03240       MIPSShift_
6eb03280       MIPSTrap1_
6eb032c0       MIPSMulDiv_
6eb032c0       MIPSTrap2_
6eb032f0       MIPSRegD_
6eb03310       MIPSJump1_
6eb03310       MIPSRegS_
6eb03330       MIPSReg2_
6eb03360       MIPSReg3_
6eb033a0       MIPSCache_
6eb03410       MIPSMemory_
6eb03480       MIPSJump2_
6eb034b0       MIPSBranch1_
6eb03520       MIPSBranch2_
6eb03590       MIPSBranch3_
6eb035e0       MIPSFGMove_
6eb03610       MIPSFPUOp2_
6eb03650       MIPSFPUOp3_
6eb036a0       MIPSFPUCmp_
6eb036f0       MIPSFPUMemory_
6eb03750       MIPSBranchCop_
Module: mpsaddr.obj(/mnt/sda5/.user/root/src/openwatcom-1.9/bld/mad/mips/c/mpsaddr.c)
6eb039f0       MIAddrAdd_
6eb03a00       MIAddrComp_
6eb03a20       MIAddrDiff_
6eb03a30       MIAddrInterrupt_
6eb03a30       MIAddrFlat_
6eb03a30       MIAddrMap_
Module: mpsctrl.obj(/mnt/sda5/.user/root/src/openwatcom-1.9/bld/mad/mips/c/mpsctrl.c)
6eb03a40       MIInit_
6eb03a70       MIFini_
6eb03a80       MIStateSize_
6eb03a90       MIStateInit_
6eb03ac0       MIStateSet_
6eb03ad0       MIStateCopy_
6eb07154       _MADState
Module: mpstypes.obj(/mnt/sda5/.user/root/src/openwatcom-1.9/bld/mad/mips/c/mpstypes.c)
6eb03b7c       _TypeArray
6eb03c40       MITypeWalk_
6eb03c90       MITypeName_
6eb03ca0       MITypePreferredRadix_
6eb03cc0       MITypeInfo_
6eb03d00       MITypeDefault_
6eb03d30       MITypeConvert_
6eb03d30       MITypeToString_
6eb03d60       MITypeForDIPType_
Module: mpsreg.obj(/mnt/sda5/.user/root/src/openwatcom-1.9/bld/mad/mips/c/mpsreg.c)
6eb03ea8+      _NAME_rm
6eb03eab+      _NAME_fi
6eb03eae+      _NAME_fu
6eb03eb1+      _NAME_fo
6eb03eb4+      _NAME_fz
6eb03eb7+      _NAME_fv
6eb03eba+      _NAME_ei
6eb03ebd+      _NAME_eu
6eb03ec0+      _NAME_eo
6eb03ec3+      _NAME_ez
6eb03ec6+      _NAME_ev
6eb03ec9+      _NAME_ci
6eb03ecc+      _NAME_cu
6eb03ecf+      _NAME_co
6eb03ed2+      _NAME_cz
6eb03ed5+      _NAME_cv
6eb03ed8+      _NAME_cn
6eb03edb+      _NAME_c
6eb04010+      _NAME_f0
6eb04013+      _NAME_f1
6eb04016+      _NAME_f2
6eb04019+      _NAME_f3
6eb0401c+      _NAME_f4
6eb0401f+      _NAME_f5
6eb04022+      _NAME_f6
6eb04025+      _NAME_f7
6eb04028+      _NAME_f8
6eb0402b+      _NAME_f9
6eb0402e+      _NAME_f10
6eb04032+      _NAME_f11
6eb04036+      _NAME_f12
6eb0403a+      _NAME_f13
6eb0403e+      _NAME_f14
6eb04042+      _NAME_f15
6eb04046+      _NAME_f16
6eb0404a+      _NAME_f17
6eb0404e+      _NAME_f18
6eb04052+      _NAME_f19
6eb04056+      _NAME_f20
6eb0405a+      _NAME_f21
6eb0405e+      _NAME_f22
6eb04062+      _NAME_f23
6eb04066+      _NAME_f24
6eb0406a+      _NAME_f25
6eb0406e+      _NAME_f26
6eb04072+      _NAME_f27
6eb04076+      _NAME_f28
6eb0407a+      _NAME_f29
6eb0407e+      _NAME_f30
6eb04082+      _NAME_f31
6eb04086+      _NAME_r0
6eb04089+      _NAME_r1
6eb0408c+      _NAME_r2
6eb0408f+      _NAME_r3
6eb04092+      _NAME_r4
6eb04095+      _NAME_r5
6eb04098+      _NAME_r6
6eb0409b+      _NAME_r7
6eb0409e+      _NAME_r8
6eb040a1+      _NAME_r9
6eb040a4+      _NAME_r10
6eb040a8+      _NAME_r11
6eb040ac+      _NAME_r12
6eb040b0+      _NAME_r13
6eb040b4+      _NAME_r14
6eb040b8+      _NAME_r15
6eb040bc+      _NAME_r16
6eb040c0+      _NAME_r17
6eb040c4+      _NAME_r18
6eb040c8+      _NAME_r19
6eb040cc+      _NAME_r20
6eb040d0+      _NAME_r21
6eb040d4+      _NAME_r22
6eb040d8+      _NAME_r23
6eb040dc+      _NAME_r24
6eb040e0+      _NAME_r25
6eb040e4+      _NAME_r26
6eb040e8+      _NAME_r27
6eb040ec+      _NAME_r28
6eb040f0+      _NAME_r29
6eb040f4+      _NAME_r30
6eb040f8+      _NAME_r31
6eb040fc+      _NAME_zero
6eb04101+      _NAME_at
6eb04104+      _NAME_v0
6eb04107+      _NAME_v1
6eb0410a+      _NAME_a0
6eb0410d+      _NAME_a1
6eb04110+      _NAME_a2
6eb04113+      _NAME_a3
6eb04116+      _NAME_t0
6eb04119+      _NAME_t1
6eb0411c+      _NAME_t2
6eb0411f+      _NAME_t3
6eb04122+      _NAME_t4
6eb04125+      _NAME_t5
6eb04128+      _NAME_t6
6eb0412b+      _NAME_t7
6eb0412e+      _NAME_s0
6eb04131+      _NAME_s1
6eb04134+      _NAME_s2
6eb04137+      _NAME_s3
6eb0413a+      _NAME_s4
6eb0413d+      _NAME_s5
6eb04140+      _NAME_s6
6eb04143+      _NAME_s7
6eb04146+      _NAME_t8
6eb04149+      _NAME_t9
6eb0414c+      _NAME_k0
6eb0414f+      _NAME_k1
6eb04152+      _NAME_gp
6eb04155+      _NAME_sp
6eb04158+      _NAME_fp
6eb0415b+      _NAME_ra
6eb0415e+      _NAME_pc
6eb04161+      _NAME_lo
6eb04164+      _NAME_hi
6eb04167+      _NAME_fpcsr
6eb0416d+      _NAME_fpivr
6eb04174       _RegList
6eb04850       MIRegistersSize_
6eb04860       MIRegSetDisplayGrouping_
6eb04860       MIRegistersTarget_
6eb04860       MIRegistersHost_
6eb04870       MIRegSetWalk_
6eb048b0       MIRegSetName_
6eb048d0       MIRegSetLevel_
6eb04bd0       MIRegSetDisplayGetPiece_
6eb04c00       MIRegSetDisplayModify_
6eb04c40       MIRegModified_
6eb04cf0       MIRegInspectAddr_
6eb04d50       MIRegSetDisplayToggleList_
6eb04d60       MIRegSetDisplayToggle_
6eb04dd0       MIRegWalk_
6eb04e80       MIRegSpecialGet_
6eb04eb0       MIRegSpecialSet_
6eb04ee0       MIRegSpecialName_
6eb04f50       MIRegFromContextItem_
6eb04fa0       MIRegUpdateStart_
6eb04fd0       MIRegUpdateEnd_
6eb05190       RegInit_
6eb05250       RegFini_
Module: mpscall.obj(/mnt/sda5/.user/root/src/openwatcom-1.9/bld/mad/mips/c/mpscall.c)
6eb052d0       MICallStackGrowsUp_
6eb052e0       MICallTypeList_
6eb052f0       MICallBuildFrame_
6eb05330       MICallReturnReg_
6eb05340       MICallParmRegList_
6eb05350       MICallUpStackSize_
6eb05360       MICallUpStackInit_
6eb05410       MICallUpStackLevel_
Module: mpsdisas.obj(/mnt/sda5/.user/root/src/openwatcom-1.9/bld/mad/mips/c/mpsdisas.c)
6eb054d0       _RegTrans
6eb055c0       DisasmInit_
6eb055f0       DisasmFini_
6eb05600       DisCliGetData_
6eb05640       DisCliValueString_
6eb05720       MIDisasmDataSize_
6eb05730       MIDisasmNameMax_
6eb05740*      DisasmOne_
6eb05740       MIDisasm_
6eb057b0       MIDisasmFormat_
6eb05920       MIDisasmInsSize_
6eb05930       MIDisasmInsUndoable_
6eb05a10       DisasmControl_
6eb05a10       MIDisasmControl_
6eb05b70       MIDisasmInsNext_
6eb05c00       MIDisasmMemRefWalk_
6eb05d50       MIDisasmToggleList_
6eb05d60       MIDisasmToggle_
6eb05da0       MIDisasmInspectAddr_
Module: mpstrace.obj(/mnt/sda5/.user/root/src/openwatcom-1.9/bld/mad/mips/c/mpstrace.c)
6eb05e00       MITraceSize_
6eb05e10       MITraceInit_
6eb05e20       MITraceHaveRecursed_
6eb05e40       MITraceOne_
6eb05ee0       MITraceSimulate_
6eb05f60       MITraceFini_
6eb05ff0       MIUnexpectedBreak_
Module: /mnt/sda5/.user/root/src/openwatcom-1.9/rel2/lib386/nt/clib3r.lib(toupper.c)
6eb06100       toupper_
Module: /mnt/sda5/.user/root/src/openwatcom-1.9/rel2/lib386/nt/clib3r.lib(memset.c)
6eb06110       memset_
Module: /mnt/sda5/.user/root/src/openwatcom-1.9/rel2/lib386/nt/clib3r.lib(strupr.c)
6eb06130       strupr_
Module: /mnt/sda5/.user/root/src/openwatcom-1.9/rel2/lib386/nt/clib3r.lib(__stos)
6eb06150       __STOSB
6eb06187*      __STOSD


                        +----------------------+
                        |   Imported Symbols   |
                        +----------------------+

Symbol                              Module
======                              ======



                        +--------------------+
                        |   Libraries Used   |
                        +--------------------+

/mnt/sda5/.user/root/src/openwatcom-1.9/rel2/lib386/nt/clib3r.lib


                        +-----------------------+
                        |   Linker Statistics   |
                        +-----------------------+

Stack size:  0000 (0.)
Memory size:  5777 (22391.)
Entry point address: 00000000
Link time: 00:00.00
