Open Watcom Linker Version 1.9
Portions Copyright (c) 1985-2002 Sybase, Inc. All Rights Reserved.
Created on:       12/12/16 02:39:43
Executable Image: pls.trp
creating a DOS executable


                        +------------+
                        |   Groups   |
                        +------------+

Group                           Address              Size
=====                           =======              ====

dgroup                          0000:0000            00004ff6



                        +--------------+
                        |   Segments   |
                        +--------------+

Segment                Class          Group          Address         Size
=======                =====          =====          =======         ====

_TEXT                  CODE           dgroup         0000:0000       0000275f
_DATA                  DATA           dgroup         0276:0000       000000a6
CONST                  DATA           dgroup         0280:0006       00000354
CONST2                 DATA           dgroup         02b5:000a       000000a4
_BSS                   BSS            dgroup         02c0:0000       000013f6
STACK                  STACK          dgroup         03ff:0006       00001000


                        +----------------+
                        |   Memory Map   |
                        +----------------+

* = unreferenced symbol
+ = symbol only referenced locally

Address        Symbol
=======        ======

Module: dosstrt.obj(TRAPSTRT)
0000:0000      _small_code_
Module: mxutil.obj(/mnt/sda5/.user/root/src/openwatcom-1.9/bld/trap/common/mxutil.c)
0000:0040      GetInPtr_
0000:006c      GetOutPtr_
0000:0098      GetTotalSize_
0000:2c00      _In_Mx_Ptr
0000:2c04      _Out_Mx_Ptr
0000:2c08      _Out_Mx_Num
0000:2c09      _In_Mx_Num
Module: dossplit.obj(/mnt/sda5/.user/root/src/openwatcom-1.9/bld/trap/lcl/dos/c/dossplit.c)
0000:00d0      ReqSplit_cmd_
Module: dosenv.obj(/mnt/sda5/.user/root/src/openwatcom-1.9/bld/trap/lcl/dos/c/dosenv.c)
0000:0160      DOSEnvFind_
Module: dosrfx.obj(/mnt/sda5/.user/root/src/openwatcom-1.9/bld/trap/lcl/dos/c/dosrfx.c)
0000:01c0      ReqRfx_rename_
0000:0222      ReqRfx_mkdir_
0000:0254      ReqRfx_rmdir_
0000:0286      ReqRfx_setdrive_
0000:02b8      ReqRfx_getdrive_
0000:02d0      ReqRfx_setcwd_
0000:0302      ReqRfx_getcwd_
0000:037c      ReqRfx_setfileattr_
0000:03d4      ReqRfx_getfileattr_
0000:0404      ReqRfx_getfreespace_
0000:05e6      ReqRfx_setdatetime_
0000:0728      ReqRfx_getdatetime_
0000:0762      ReqRfx_findfirst_
0000:07be      ReqRfx_findnext_
0000:0836      ReqRfx_findclose_
0000:083a      ReqRfx_nametocannonical_
Module: dosfile.obj(/mnt/sda5/.user/root/src/openwatcom-1.9/bld/trap/lcl/dos/c/dosfile.c)
0000:09c0      ReqFile_get_config_
0000:09e2      ReqFile_open_
0000:0a80      ReqFile_seek_
0000:0afc      ReqFile_read_
0000:0b6a      ReqFile_write_
0000:0bd6      ReqFile_write_console_
0000:0c2e      ReqFile_close_
0000:0c66      ReqFile_erase_
0000:0d18      FindFilePath_
0000:0e42      ReqFile_string_to_fullpath_
0000:0eda      ReqFile_run_cmd_
Module: doschk.obj(/mnt/sda5/.user/root/src/openwatcom-1.9/bld/trap/lcl/dos/c/doschk.c)
0000:0f50      CheckPointMem_
0000:11ca      CheckPointRestore_
Module: dosflip.obj(/mnt/sda5/.user/root/src/openwatcom-1.9/bld/trap/lcl/dos/c/dosflip.c)
0000:1270      ReqRead_user_keyboard_
0000:12fc      ReqSet_debug_screen_
0000:12fc      ReqSet_user_screen_
Module: fork.obj(FORK)
0000:1308      Fork_
Module: supp.obj(/mnt/sda5/.user/root/src/openwatcom-1.9/bld/trap/lcl/c/supp.c)
0000:1420      ReqGet_supplementary_service_
0000:14ce      ReqPerform_supplementary_service_
Module: core.obj(/mnt/sda5/.user/root/src/openwatcom-1.9/bld/trap/lcl/c/core.c)
0000:1500+     ReqConnect_
0000:1536+     ReqDisconnect_
0000:153a+     ReqResume_
0000:153a+     ReqSuspend_
0000:153e      TrapRequest_
Module: dosxlink.obj(/mnt/sda5/.user/root/src/openwatcom-1.9/bld/trap/lcl/dos/dosx/c/dosxlink.c)
0000:1590      RemoteGet_
0000:15c6      RemotePut_
0000:161e      BackFromProtMode_
0000:1932      RemoteLink_
0000:1b6e      RemoteUnLink_
0000:1ba6      RemoteConnect_
0000:1ba8      RemoteDisco_
0000:2c5f      _BackFromFork
Module: dosxremo.obj(/mnt/sda5/.user/root/src/openwatcom-1.9/bld/trap/lcl/dos/dosx/c/dosxremo.c)
0000:1bb0      ReqWrite_cpu_
0000:1bb0      ReqWrite_fpu_
0000:1bb0      ReqWrite_regs_
0000:1bb0      ReqSet_watch_
0000:1bb0      ReqClear_watch_
0000:1bb0      ReqSet_break_
0000:1bb0      ReqClear_break_
0000:1bb0      ReqGet_message_text_
0000:1bb0      ReqRedirect_stdin_
0000:1bb0      ReqRedirect_stdout_
0000:1c8a      ReqGet_sys_config_
0000:1cc6      ReqGet_err_text_
0000:1dd0      ReqMap_addr_
0000:1e26      ReqRead_mem_
0000:1e26      ReqRead_io_
0000:1e38      ReqWrite_io_
0000:1e5e      ReqRead_cpu_
0000:1e96      ReqRead_fpu_
0000:1ece      ReqRead_regs_
0000:1f06      ReqChecksum_mem_
0000:1f32      ReqGet_next_alias_
0000:1f5e      ReqProg_go_
0000:1f5e      ReqProg_step_
0000:1fa4      ReqAddr_info_
0000:1fca      ReqMachine_data_
0000:201a      ReqGet_lib_name_
0000:2054      ReqWrite_mem_
0000:207c      GetExeExtensions_
0000:2084      ReqProg_load_
0000:22ae      ReqProg_kill_
0000:22f4      TrapInit_
0000:23ee      TrapFini_
0000:2bf4+     _DOSEMUString
Module: dosxfork.obj(fork)
0000:23f6      GetPSP_
0000:2401      SetPSP_
0000:240c      SaveVectors_
0000:2426      RestoreVectors_
0000:2442      DbgPSP_
0000:2447      InitPSP_
0000:244f      _fork_
Module: dosxjump.obj(SETJMP)
0000:24c2      _setjmp_
0000:24f1      longjmp_
Module: packet.obj(/mnt/sda5/.user/root/src/openwatcom-1.9/bld/trap/common/packet.c)
0000:2520      StartPacket_
0000:252c      PutPacket_
0000:254e*     PutBuffPacket_
0000:256a      AddPacket_
0000:25b4      GetPacket_
0000:25ce      RemovePacket_
0000:261a*     GetPacketBuffPtr_
0000:262a      MaxPacketSize_
Module: /mnt/sda5/.user/root/src/openwatcom-1.9/rel2/lib286/dos/clibc.lib(i4d)
0000:262e*     __I4D
0000:2677      __U4D
Module: /mnt/sda5/.user/root/src/openwatcom-1.9/rel2/lib286/dos/clibc.lib(i4m)
0000:26fc      __I4M
0000:26fc*     __U4M
Module: /mnt/sda5/.user/root/src/openwatcom-1.9/rel2/lib286/dos/clibc.lib(toupper.c)
0000:2714      toupper_
Module: /mnt/sda5/.user/root/src/openwatcom-1.9/rel2/lib286/dos/clibc.lib(stricmp.c)
0000:2722      stricmp_


                        +--------------------+
                        |   Libraries Used   |
                        +--------------------+

/mnt/sda5/.user/root/src/openwatcom-1.9/rel2/lib286/dos/clibc.lib


                        +-----------------------+
                        |   Linker Statistics   |
                        +-----------------------+

Stack size:  1000 (4096.)
Memory size:  4ff6 (20470.)
Entry point address: 0000:002d
Link time: 00:00.00
