Open Watcom Linker Version 1.9
Portions Copyright (c) 1985-2002 Sybase, Inc. All Rights Reserved.
Created on:       12/12/16 02:42:53
Executable Image: parsedlg.exe
creating an OS/2 32-bit executable


                        +------------+
                        |   Groups   |
                        +------------+

Group                           Address              Size
=====                           =======              ====

DGROUP                          0003:00000000        00013250



                        +--------------+
                        |   Segments   |
                        +--------------+

Segment                Class          Group          Address         Size
=======                =====          =====          =======         ====

_TEXT16                CODE           AUTO           0001:00000000   00000068
BEGTEXT                CODE           AUTO           0002:00000000   00000007
_TEXT                  CODE           AUTO           0002:00000010   000074bb
_NULL                  BEGDATA        DGROUP         0003:00000000   00000004
_AFTERNULL             BEGDATA        DGROUP         0003:00000004   00000000
CONST                  DATA           DGROUP         0003:00000004   00000028
CONST2                 DATA           DGROUP         0003:0000002c   00000000
_DATA                  DATA           DGROUP         0003:0000002c   00000a88
XIB                    DATA           DGROUP         0003:00000ab4   00000000
XI                     DATA           DGROUP         0003:00000ab4   0000002a
XIE                    DATA           DGROUP         0003:00000ade   00000000
YIB                    DATA           DGROUP         0003:00000ade   00000000
YI                     DATA           DGROUP         0003:00000ade   00000012
YIE                    DATA           DGROUP         0003:00000af0   00000000
TIB                    DATA           DGROUP         0003:00000af0   00000000
TI                     DATA           DGROUP         0003:00000af0   00000000
TIE                    DATA           DGROUP         0003:00000af0   00000000
DATA                   DATA           DGROUP         0003:00000af0   00000000
_BSS                   BSS            DGROUP         0003:00000af0   00000751
STACK                  STACK          DGROUP         0003:00001250   00012000


                        +----------------+
                        |   Memory Map   |
                        +----------------+

* = unreferenced symbol
+ = symbol only referenced locally

Address        Symbol
=======        ======

Module: parsedlg.obj(/mnt/sda5/.user/root/src/openwatcom-1.9/bld/parsedlg/c/parsedlg.c)
0003:0000002c+ _control_type_win
0003:00000064+ _control_type_os2
0003:0000009c+ _control_class_win
0003:000000b4+ _control_class_os2
0003:000000cc+ _font_win
0003:000000dc+ _font_os2
0003:000000ec+ _window_style_win
0003:00000160+ _window_style_os2
0003:000001d4+ _style_win_items
0002:00000cd0+ my_fgets_
0002:00000d20+ disp_usage_
0002:00000d50+ process_f_option_
0002:00000e70+ process_cmdl_
0002:00001030+ skip_separator_
0002:00001050+ check_statement_
0002:00001100+ skip_keyword_
0002:00001230+ check_control_style_
0002:000012b0+ check_parm_item_
0002:000012e0+ convert_parm_table_
0002:00001390+ process_parms_
0002:00001480+ convert_buttons_
0002:00001560+ add_parms_item_
0002:00001640+ add_parms_list_
0002:00001810* remove_parms_item_
0002:00001850+ convert_font_
0002:000018c0+ out_parms_style_
0002:00001a30+ process_style_
0002:00001cf0+ out_color_style_
0002:00001df0+ get_rectangle_list_
0002:00001e90+ get_rectangle_parms_
0002:00001f90+ process_statement_
0002:000023e0+ process_dialog_declaration_
0002:00002ab0+ alloc_statement_
0002:00002ae0+ free_statement_
0002:00002b10  main_
0003:00000364+ _style_os2_items
0003:000004f4+ _style_cnt
0003:0000052c+ _style_win
0003:00000564+ _style_os2
0003:0000059c+ _control_style_win
0003:000005a0+ _control_style_os2
0003:000005a4+ _usage
0003:000005c0+ _options_text
0003:000005d4+ _dialogs_cnt
0003:00000af0+ _dlg_hdr
0003:00000d2c+ _opt
0003:00000dc0+ _dlg_item
Module: /mnt/sda5/.user/root/src/openwatcom-1.9/rel2/lib386/os2/clib3r.lib(fgets.c)
0002:000030b0  fgets_
Module: /mnt/sda5/.user/root/src/openwatcom-1.9/rel2/lib386/os2/clib3r.lib(istable.c)
0002:00003120  __IsTable
Module: /mnt/sda5/.user/root/src/openwatcom-1.9/rel2/lib386/os2/clib3r.lib(printf.c)
0002:00003230  printf_
Module: /mnt/sda5/.user/root/src/openwatcom-1.9/rel2/lib386/os2/clib3r.lib(fopen.c)
0002:00003260+ __open_flags_
0002:00003470+ _fsopen_
0002:000034c0  fopen_
0002:00003550* freopen_
Module: /mnt/sda5/.user/root/src/openwatcom-1.9/rel2/lib386/os2/clib3r.lib(fseek.c)
0002:00003610  fseek_
Module: /mnt/sda5/.user/root/src/openwatcom-1.9/rel2/lib386/os2/clib3r.lib(nmalloc.c)
0002:00003720  _nmalloc_
0002:00003720  malloc_
0003:000005d8  ___nheapbeg
0003:000005dc  ___MiniHeapRover
0003:000005e0  ___LargestSizeB4MiniHeapRover
Module: /mnt/sda5/.user/root/src/openwatcom-1.9/rel2/lib386/os2/clib3r.lib(fclose.c)
0002:00003820  __doclose_
0002:000038c0  __shutdown_stream_
0002:000038e0  fclose_
0003:00000ffc+ ___RmTmpFileFn
Module: /mnt/sda5/.user/root/src/openwatcom-1.9/rel2/lib386/os2/clib3r.lib(strnicmp.c)
0002:00003930  strnicmp_
Module: /mnt/sda5/.user/root/src/openwatcom-1.9/rel2/lib386/os2/clib3r.lib(stricmp.c)
0002:00003980  stricmp_
Module: /mnt/sda5/.user/root/src/openwatcom-1.9/rel2/lib386/os2/clib3r.lib(strtol.c)
0002:00003be0* strtoul_
0002:00003bf0  strtol_
Module: /mnt/sda5/.user/root/src/openwatcom-1.9/rel2/lib386/os2/clib3r.lib(strupr.c)
0002:00003c00  strupr_
Module: /mnt/sda5/.user/root/src/openwatcom-1.9/rel2/lib386/os2/clib3r.lib(strtok.c)
0002:00003c20  strtok_
Module: /mnt/sda5/.user/root/src/openwatcom-1.9/rel2/lib386/os2/clib3r.lib(_strcmp)
0002:00003ce0  strcmp_
Module: /mnt/sda5/.user/root/src/openwatcom-1.9/rel2/lib386/os2/clib3r.lib(strstr.c)
0002:00003e20  strstr_
Module: /mnt/sda5/.user/root/src/openwatcom-1.9/rel2/lib386/os2/clib3r.lib(iob.c)
0003:00000670  ___iob
0003:00000878  __fmode
0003:00001000  ___OpenStreams
0003:00001004  ___ClosedStreams
Module: /mnt/sda5/.user/root/src/openwatcom-1.9/rel2/lib386/os2/clib3r.lib(fprintf.c)
0002:00003ed0  fprintf_
Module: /mnt/sda5/.user/root/src/openwatcom-1.9/rel2/lib386/os2/clib3r.lib(nfree.c)
0002:00003f00  _nfree_
0002:00003f00  free_
0003:00001008  ___MiniHeapFreeRover
Module: /mnt/sda5/.user/root/src/openwatcom-1.9/rel2/lib386/os2/clib3r.lib(atoi.c)
0002:00004010  atoi_
Module: /mnt/sda5/.user/root/src/openwatcom-1.9/rel2/lib386/os2/clib3r.lib(tolower.c)
0002:00004060  tolower_
Module: /mnt/sda5/.user/root/src/openwatcom-1.9/rel2/lib386/os2/clib3r.lib(strncmp.c)
0002:00004070  strncmp_
Module: /mnt/sda5/.user/root/src/openwatcom-1.9/rel2/lib386/os2/clib3r.lib(strncpy.c)
0002:000040a0  strncpy_
Module: /mnt/sda5/.user/root/src/openwatcom-1.9/rel2/lib386/os2/clib3r.lib(strrchr.c)
0002:000040e0  strrchr_
Module: /mnt/sda5/.user/root/src/openwatcom-1.9/rel2/lib386/os2/clib3r.lib(strncat.c)
0002:00004100  strncat_
Module: /mnt/sda5/.user/root/src/openwatcom-1.9/rel2/lib386/os2/clib3r.lib(cstart)
0002:0000413a  _cstart_
Module: /mnt/sda5/.user/root/src/openwatcom-1.9/rel2/lib386/os2/clib3r.lib(argcv.c)
0003:0000100c  __argc
0003:00001010  __argv
0003:00001014  ___argc
0003:00001018  ___argv
Module: /mnt/sda5/.user/root/src/openwatcom-1.9/rel2/lib386/os2/clib3r.lib(maino32.c)
0003:0000087c+ ___FirstThreadData
0003:00000880  ___GetThreadPtr
0003:00000884  __AccessFileH
0003:00000888  __ReleaseFileH
0003:0000088c  __AccessIOB
0003:00000890  __ReleaseIOB
0003:00000894  __AccessNHeap
0003:00000898* __AccessFHeap
0003:0000089c  __ReleaseNHeap
0003:000008a0* __ReleaseFHeap
0002:000041a6  __threadstack_
0002:000041ad* __threadid_
0002:000041b4  __OS2MainInit_
0002:00004223+ __OS2Init_
0002:00004261* __OS2Fini_
0002:00004269* __shutdown_stack_checking_
0002:0000427e  __exit_
0003:000008a4* __AccessTDList
0003:000008a8* __ReleaseTDList
0003:000008ac+ ___sig_init_rtn
0003:000008b0* ___sig_fini_rtn
0003:000008b4  __threadstksize
0003:000008b8  ___process_fini
0003:0000101c  ___Is_DLL
0003:00001020+ ___saved_CS
Module: /mnt/sda5/.user/root/src/openwatcom-1.9/rel2/lib386/os2/clib3r.lib(fgetc.c)
0002:000042d0+ __fill_buffer_
0002:000043d0  fgetc_
Module: /mnt/sda5/.user/root/src/openwatcom-1.9/rel2/lib386/os2/clib3r.lib(fprtf.c)
0002:000044b0  __fprtf_
Module: /mnt/sda5/.user/root/src/openwatcom-1.9/rel2/lib386/os2/clib3r.lib(comtflag.c)
0002:00004570* __set_commode_
0003:000008bc  __commode
Module: /mnt/sda5/.user/root/src/openwatcom-1.9/rel2/lib386/os2/clib3r.lib(seterrno.c)
0002:0000457b  __set_errno_
0002:00004589* __set_EDOM_
0002:00004597* __set_ERANGE_
0002:000045a5* __set_EINVAL_
0002:000045b8  __set_doserrno_
Module: /mnt/sda5/.user/root/src/openwatcom-1.9/rel2/lib386/os2/clib3r.lib(openos2.c)
0002:00004790* open_
0002:000047b0  sopen_
Module: /mnt/sda5/.user/root/src/openwatcom-1.9/rel2/lib386/os2/clib3r.lib(chktty.c)
0002:000047e0  __chktty_
Module: /mnt/sda5/.user/root/src/openwatcom-1.9/rel2/lib386/os2/clib3r.lib(freefp.c)
0002:00004820  __freefp_
0002:00004870  __purgefp_
Module: /mnt/sda5/.user/root/src/openwatcom-1.9/rel2/lib386/os2/clib3r.lib(allocfp.c)
0002:000048a0  __allocfp_
Module: /mnt/sda5/.user/root/src/openwatcom-1.9/rel2/lib386/os2/clib3r.lib(lseek.c)
0002:00004970  lseek_
Module: /mnt/sda5/.user/root/src/openwatcom-1.9/rel2/lib386/os2/clib3r.lib(flush.c)
0002:000049a0  __flush_
Module: /mnt/sda5/.user/root/src/openwatcom-1.9/rel2/lib386/os2/clib3r.lib(tell.c)
0002:00004aa0  tell_
Module: /mnt/sda5/.user/root/src/openwatcom-1.9/rel2/lib386/os2/clib3r.lib(nmemneed.c)
0002:00004ac0  __nmemneed_
Module: /mnt/sda5/.user/root/src/openwatcom-1.9/rel2/lib386/os2/clib3r.lib(mem.c)
0002:00004ad0  __MemAllocator
0002:00004b80  __MemFree
Module: /mnt/sda5/.user/root/src/openwatcom-1.9/rel2/lib386/os2/clib3r.lib(grownear.c)
0002:00004e20  __ExpandDGROUP_
Module: /mnt/sda5/.user/root/src/openwatcom-1.9/rel2/lib386/os2/clib3r.lib(__lseek.c)
0002:00004e40  __lseek_
Module: /mnt/sda5/.user/root/src/openwatcom-1.9/rel2/lib386/os2/clib3r.lib(_clseos2.c)
0002:00004e70  __close_
Module: /mnt/sda5/.user/root/src/openwatcom-1.9/rel2/lib386/os2/clib3r.lib(setbits.c)
0002:00004eb0  __setbits_
Module: /mnt/sda5/.user/root/src/openwatcom-1.9/rel2/lib386/os2/clib3r.lib(bits.c)
0002:00004ef0  __Bits
Module: /mnt/sda5/.user/root/src/openwatcom-1.9/rel2/lib386/os2/clib3r.lib(initfile.c)
0002:00004f30  __InitFiles_
Module: /mnt/sda5/.user/root/src/openwatcom-1.9/rel2/lib386/os2/clib3r.lib(ioexit.c)
0002:00005030* fcloseall_
0002:00005040  __full_io_exit_
Module: /mnt/sda5/.user/root/src/openwatcom-1.9/rel2/lib386/os2/clib3r.lib(main2o32.c)
0002:00005050  __OS2Main
Module: /mnt/sda5/.user/root/src/openwatcom-1.9/rel2/lib386/os2/clib3r.lib(segdefns)
0002:00000003  ___begtext
0003:00000000* __nullarea
0003:00000ab4  __Start_XI
0003:00000ade  __End_XI
0003:00000ade  __Start_YI
0003:00000af0  __End_YI
Module: /mnt/sda5/.user/root/src/openwatcom-1.9/rel2/lib386/os2/clib3r.lib(initargv.c)
0002:000050c0  __Init_Argv_
0002:00005110+ _getargv_
0002:000052b0  __Fini_Argv_
Module: /mnt/sda5/.user/root/src/openwatcom-1.9/rel2/lib386/os2/clib3r.lib(crwdata)
0003:00000904  __osmajor
0003:00000905  __osminor
0003:000008d0* __LpDllName
0003:000008d4* __LpwCmdLine
0003:000008d8* __LpwPgmName
0003:000008dc* __LpwDllName
0003:000008c8  __LpCmdLine
0003:000008cc  __LpPgmName
0003:000008c0* __dynend
0003:000008c4  __curbrk
0003:000008e0* __STACKLOW
0003:000008e4* __STACKTOP
0003:000008e8  __ASTACKSIZ
0003:000008ec  __ASTACKPTR
0003:000008f0  __cbyte
0003:000008f4  __cbyte2
0003:000008f8* __child
0003:000008fe  __Envptr
0003:00000902* __Envseg
0003:000008fc* __no87
0003:00000906* ___FPE_handler
Module: /mnt/sda5/.user/root/src/openwatcom-1.9/rel2/lib386/os2/clib3r.lib(cinit.c)
0002:000052c0  __CommonInit_
0003:00001128  ___hmodule
Module: /mnt/sda5/.user/root/src/openwatcom-1.9/rel2/lib386/os2/clib3r.lib(initrtns.c)
0002:000052e0  __InitRtns
0002:00005330  __FiniRtns
Module: /mnt/sda5/.user/root/src/openwatcom-1.9/rel2/lib386/os2/clib3r.lib(flushall.c)
0002:00005390  __flushall_
0002:000053d0* flushall_
Module: /mnt/sda5/.user/root/src/openwatcom-1.9/rel2/lib386/os2/clib3r.lib(gtcheos2.c)
0002:000053e0  getche_
Module: /mnt/sda5/.user/root/src/openwatcom-1.9/rel2/lib386/os2/clib3r.lib(ioalloc.c)
0002:00005410  __ioalloc_
Module: /mnt/sda5/.user/root/src/openwatcom-1.9/rel2/lib386/os2/clib3r.lib(qread.c)
0002:000054b0  __qread_
Module: /mnt/sda5/.user/root/src/openwatcom-1.9/rel2/lib386/os2/clib3r.lib(fputc.c)
0002:000054e0  fputc_
Module: /mnt/sda5/.user/root/src/openwatcom-1.9/rel2/lib386/os2/clib3r.lib(prtf.c)
0002:000055c0  __prtf_
Module: /mnt/sda5/.user/root/src/openwatcom-1.9/rel2/lib386/os2/clib3r.lib(umaskval.c)
0003:0000090c  ___umaskval
Module: /mnt/sda5/.user/root/src/openwatcom-1.9/rel2/lib386/os2/clib3r.lib(os2fil64.c)
0003:00000910  ___os2_DosOpenL
0003:00000914+ ___os2_DosSetFilePtrL
0003:00000918+ ___os2_DosSetFileSizeL
0003:0000091c+ ___os2_DosSetFileLocksL
Module: /mnt/sda5/.user/root/src/openwatcom-1.9/rel2/lib386/os2/clib3r.lib(iomode.c)
0002:00006380  __GetIOMode_
0002:000063a0  __SetIOMode_nogrow_
0003:00000920  ___NFiles
0003:00000924  ___init_mode
0003:00000974  ___io_mode
Module: /mnt/sda5/.user/root/src/openwatcom-1.9/rel2/lib386/os2/clib3r.lib(isattos2.c)
0002:000063c0  isatty_
Module: /mnt/sda5/.user/root/src/openwatcom-1.9/rel2/lib386/os2/clib3r.lib(stiomode.c)
0002:000063f0  __grow_iomode_
0002:000064c0+ __shrink_iomode_
0002:00006540  __SetIOMode_
Module: /mnt/sda5/.user/root/src/openwatcom-1.9/rel2/lib386/os2/clib3r.lib(dosret.c)
0002:000065b0* _dosretax_
0002:000065c0* _dosret0_
0002:000065d0  __set_errno_dos_
0002:00006600* __set_errno_dos_reterr_
Module: /mnt/sda5/.user/root/src/openwatcom-1.9/rel2/lib386/os2/clib3r.lib(memset.c)
0002:00006610  memset_
Module: /mnt/sda5/.user/root/src/openwatcom-1.9/rel2/lib386/os2/clib3r.lib(fsync.c)
0002:00006630  fsync_
Module: /mnt/sda5/.user/root/src/openwatcom-1.9/rel2/lib386/os2/clib3r.lib(qwrit.c)
0002:00006660  __qwrite_
Module: /mnt/sda5/.user/root/src/openwatcom-1.9/rel2/lib386/os2/clib3r.lib(amblksiz.c)
0003:00000a7c  __amblksiz
Module: /mnt/sda5/.user/root/src/openwatcom-1.9/rel2/lib386/os2/clib3r.lib(heapen.c)
0002:00006700* _heapenable_
0003:00000a80  ___heap_enabled
Module: /mnt/sda5/.user/root/src/openwatcom-1.9/rel2/lib386/os2/clib3r.lib(nheapmin.c)
0002:00006730  _nheapshrink_
0002:00006730* _nheapmin_
0002:00006730* _heapmin_
0002:00006730* _heapshrink_
Module: /mnt/sda5/.user/root/src/openwatcom-1.9/rel2/lib386/os2/clib3r.lib(xmsgo32.c)
0002:00006820+ __exit_with_msg_
0002:00006870  __fatal_runtime_error_
Module: /mnt/sda5/.user/root/src/openwatcom-1.9/rel2/lib386/os2/clib3r.lib(mthrdini.c)
0002:00006890  __InitThreadData_
0003:00000a84  ___ThreadDataSize
Module: /mnt/sda5/.user/root/src/openwatcom-1.9/rel2/lib386/os2/clib3r.lib(cmain386.c)
0002:000068b0  __CMain
Module: /mnt/sda5/.user/root/src/openwatcom-1.9/rel2/lib386/os2/clib3r.lib(dosseg)
0000:00001234  __DOSseg__
Module: /mnt/sda5/.user/root/src/openwatcom-1.9/rel2/lib386/os2/clib3r.lib(histsplt.c)
0003:00001130  ___historical_splitparms
Module: /mnt/sda5/.user/root/src/openwatcom-1.9/rel2/lib386/os2/clib3r.lib(___argc.c)
0003:00001134  ____Argc
0003:00001138  ____Argv
Module: /mnt/sda5/.user/root/src/openwatcom-1.9/rel2/lib386/os2/clib3r.lib(getchos2.c)
0002:000068f0  getch_
Module: /mnt/sda5/.user/root/src/openwatcom-1.9/rel2/lib386/os2/clib3r.lib(putchos2.c)
0002:000069b0  putch_
Module: /mnt/sda5/.user/root/src/openwatcom-1.9/rel2/lib386/os2/clib3r.lib(wctomb.c)
0002:00006a00  wctomb_
Module: /mnt/sda5/.user/root/src/openwatcom-1.9/rel2/lib386/os2/clib3r.lib(itoa.c)
0002:00006a30+ utoa_
0002:00006a80  itoa_
Module: /mnt/sda5/.user/root/src/openwatcom-1.9/rel2/lib386/os2/clib3r.lib(noefgfmt.c)
0003:00000a88  ___EFG_printf
0003:00000a8c* ___EFG_scanf
Module: /mnt/sda5/.user/root/src/openwatcom-1.9/rel2/lib386/os2/clib3r.lib(lltoa.c)
0002:00006b00  ulltoa_
0002:00006b70* lltoa_
Module: /mnt/sda5/.user/root/src/openwatcom-1.9/rel2/lib386/os2/clib3r.lib(ltoa.c)
0002:00006ba0  ultoa_
0002:00006bf0* ltoa_
Module: /mnt/sda5/.user/root/src/openwatcom-1.9/rel2/lib386/os2/clib3r.lib(mbisdbcs.c)
0003:0000113c  ___IsDBCS
Module: /mnt/sda5/.user/root/src/openwatcom-1.9/rel2/lib386/os2/clib3r.lib(mbislead.c)
0002:00006c20* _ismbblead_
0003:00001140  ___MBCSIsTable
Module: /mnt/sda5/.user/root/src/openwatcom-1.9/rel2/lib386/os2/clib3r.lib(nrealloc.c)
0002:00006c40* _nrealloc_
0002:00006c40  realloc_
Module: /mnt/sda5/.user/root/src/openwatcom-1.9/rel2/lib386/os2/clib3r.lib(hdlman.c)
0002:00006cc0* __set_handles_
0002:00006cd0* _grow_handles_
0003:00000a90  ___NHandles
Module: /mnt/sda5/.user/root/src/openwatcom-1.9/rel2/lib386/os2/clib3r.lib(iomodtty.c)
0002:00006d30  __ChkTTYIOMode_
0002:00006d70* __IOMode_
Module: /mnt/sda5/.user/root/src/openwatcom-1.9/rel2/lib386/os2/clib3r.lib(__stos)
0002:00006d90  __STOSB
0002:00006dc7* __STOSD
Module: /mnt/sda5/.user/root/src/openwatcom-1.9/rel2/lib386/os2/clib3r.lib(enterdb.c)
0002:00006e40  __EnterWVIDEO_
0003:00000a94+ ___WD_Present
Module: /mnt/sda5/.user/root/src/openwatcom-1.9/rel2/lib386/os2/clib3r.lib(exit.c)
0002:00006e66+ __null_int23_exit_
0002:00006e67  exit_
0002:00006eb7* _exit_
0003:00000a98+ ___int23_exit
0003:00000a9c+ ___FPE_handler_exit
Module: /mnt/sda5/.user/root/src/openwatcom-1.9/rel2/lib386/os2/clib3r.lib(thunk)
0002:00006ee2  __TNK
0002:00006ece* __TNC
Module: /mnt/sda5/.user/root/src/openwatcom-1.9/rel2/lib386/os2/clib3r.lib(far16fun)
0002:00006f32  __Far16Func2
0002:00006f7b* __Far16Func
0002:00006fc9* __Far16Pascal2
0002:00007010* __Far16Pascal
0002:0000705c* __Far16Cdecl2
0002:000070aa* __Far16Cdecl
0002:000070fd  __FlatToFar16
0002:00007106* __Far16ToFlat
Module: /mnt/sda5/.user/root/src/openwatcom-1.9/rel2/lib386/os2/clib3r.lib(alphabet.c)
0003:00000004  ___Alphabet
Module: /mnt/sda5/.user/root/src/openwatcom-1.9/rel2/lib386/os2/clib3r.lib(mbinit.c)
0002:0000714a  __mbinit_
0003:00000aa0+ ___MBCodePage
Module: /mnt/sda5/.user/root/src/openwatcom-1.9/rel2/lib386/os2/clib3r.lib(nmsize.c)
0002:00007250  _nmsize_
0002:00007250* _msize_
Module: /mnt/sda5/.user/root/src/openwatcom-1.9/rel2/lib386/os2/clib3r.lib(nexpand.c)
0002:00007260  _nexpand_
0002:00007260* _expand_
0002:000072a0+ __HeapManager_expand_
Module: /mnt/sda5/.user/root/src/openwatcom-1.9/rel2/lib386/os2/clib3r.lib(stk)
0002:00007469  __STK
0002:00007459* __CHK
0002:00007498* __GRO
0002:00007488* __STKOVERFLOW_
Module: /mnt/sda5/.user/root/src/openwatcom-1.9/rel2/lib386/os2/clib3r.lib(itsto32.c)
0002:000074c0  __init_threadstksize_


                        +----------------------+
                        |   Imported Symbols   |
                        +----------------------+

Symbol                              Module
======                              ======

DosQuerySysInfo                     DOSCALLS
DosExit                             DOSCALLS
DosOpen                             DOSCALLS
DosClose                            DOSCALLS
DosAllocMem                         DOSCALLS
DosSetFilePtr                       DOSCALLS
DosRead                             DOSCALLS
DosQueryModuleHandle                DOSCALLS
DosQueryProcAddr                    DOSCALLS
DosQueryHType                       DOSCALLS
DosSetRelMaxFH                      DOSCALLS
DosResetBuffer                      DOSCALLS
DosWrite                            DOSCALLS
DosFreeMem                          DOSCALLS
KBD16CHARIN                         KBDCALLS
VIO16WRTTTY                         VIOCALLS
DosFlatToSel                        DOSCALLS
DosSelToFlat                        DOSCALLS
DosQueryDBCSEnv                     NLS
DosQueryCp                          DOSCALLS


                        +--------------------+
                        |   Libraries Used   |
                        +--------------------+

/mnt/sda5/.user/root/src/openwatcom-1.9/rel2/lib386/os2/clib3r.lib
/mnt/sda5/.user/root/src/openwatcom-1.9/rel2/lib386/os2/os2386.lib


                        +-----------------------+
                        |   Linker Statistics   |
                        +-----------------------+

Stack size:  00012000 (73728.)
Memory size:  0001a783 (108419.)
Entry point address: 0002:0000413a
Link time: 00:00.00
