Open Watcom Linker Version 1.9
Portions Copyright (c) 1985-2002 Sybase, Inc. All Rights Reserved.
Created on:       12/12/16 02:11:20
Executable Image: testpp.exe
creating a DOS executable


                        +------------+
                        |   Groups   |
                        +------------+

Group                           Address              Size
=====                           =======              ====

DGROUP                          0926:0000            00002550



                        +--------------+
                        |   Segments   |
                        +--------------+

Segment                Class          Group          Address         Size
=======                =====          =====          =======         ====

testpp_TEXT            CODE           AUTO           0000:0000       000000de
preproc_TEXT           CODE           AUTO           0000:00e0       00001b5d
ppexpr_TEXT            CODE           AUTO           0000:1c40       00000d55
ppmacro_TEXT           CODE           AUTO           0000:29a0       00001581
ppmem_TEXT             CODE           AUTO           0000:3f30       00000041
_TEXT                  CODE           AUTO           0000:3f80       000052d8
FAR_DATA               FAR_DATA       AUTO           0925:0008       00000000
_NULL                  BEGDATA        DGROUP         0926:0000       00000020
_AFTERNULL             BEGDATA        DGROUP         0928:0000       00000002
CONST                  DATA           DGROUP         0928:0002       0000024c
CONST2                 DATA           DGROUP         094c:000e       00000102
_DATA                  DATA           DGROUP         095d:0000       000003ac
XIB                    DATA           DGROUP         0997:000c       00000000
XI                     DATA           DGROUP         0997:000c       0000001e
XIE                    DATA           DGROUP         0999:000a       00000000
YIB                    DATA           DGROUP         0999:000a       00000000
YI                     DATA           DGROUP         0999:000a       00000018
YIE                    DATA           DGROUP         099b:0002       00000000
STRINGS                DATA           DGROUP         099b:0002       00000000
DATA                   DATA           DGROUP         099b:0002       00000000
_BSS                   BSS            DGROUP         099c:0000       000015ea
STACK                  STACK          DGROUP         0afb:0000       00000800


                        +----------------+
                        |   Memory Map   |
                        +----------------+

* = unreferenced symbol
+ = symbol only referenced locally

Address        Symbol
=======        ======

Module: testpp.obj(/mnt/sda5/.user/root/src/openwatcom-1.9/bld/cpp/testpp.c)
0000:0000*     dumpheap_
0000:0002      main_
Module: preproc.obj(/mnt/sda5/.user/root/src/openwatcom-1.9/bld/cpp/preproc.c)
0926:0860+     _PPStack
0926:0864      _PPTokenList
0926:0868      _PPCurToken
0926:086c+     _PPIncludePath
0926:0870+     _PPHashTable
0926:0bbc      _PPCharPtr
0926:0bc0+     _PP_CallBack
0926:0bc4+     _PPBufPtr
0926:0bc8      _PPTokenPtr
0926:0bcc      _PP_File
0926:0bd0+     _PPLineBuf
0926:1bd2+     _NestLevel
0926:1bd4      _PPFlags
0926:1bd6+     _SkipLevel
0926:0370      _PP__DATE__
0926:037e      _PP__TIME__
0926:0389      _PreProcChar
0000:0132+     isAbsPath_
0000:0156+     PP_Open_
0000:022e+     PP_FindInclude_
0000:02d4+     PP_OpenInclude_
0000:05fc+     PP_SetLeadBytes_
0000:0622      PP_Init_
0000:063a+     PP_Init2_
0000:074e*     PP_Dependency_List_
0000:07d4      PP_Fini_
0000:082c+     PP_ReadBuf_
0000:0888+     PP_ReadLine_
0000:09ca+     PP_Hash_
0000:0a08      PP_Class_
0000:0a30      PP_ScanName_
0000:0a5a+     PP_Include_
0000:0b18+     PP_RCInclude_
0000:0bc6+     PP_AddMacro_
0000:0c72+     PP_SkipSpace_
0000:0cb8+     PP_SkipComment_
0000:0d44      PP_SkipWhiteSpace_
0000:0dac+     PP_Define_
0000:0fb8      PP_MacroLookup_
0000:1030      PP_ScanMacroLookup_
0000:10dc+     PP_Undef_
0000:10f6*     PP_Ifdef_
0000:1110*     PP_Ifndef_
0000:112a+     PPConstExpr_
0000:115e+     PP_If_
0000:1190+     PP_Elif_
0000:120e+     PP_Else_
0000:1264+     PP_Endif_
0000:12a8+     PP_Sharp_
0000:15ec+     PP_Read_
0000:167c+     PPScanLiteral_
0000:16ba+     PPScanDigits_
0000:16d6+     PPScanSuffix_
0000:16f6+     PPScanHexNumber_
0000:1742+     PPScanNumber_
0000:1796+     PPScanOther_
0000:17fe      PP_ScanToken_
0000:19e8      PP_ScanNextToken_
0000:1a48      PP_Char_
0000:1b9a*     PreprocVarInit_
0926:1bd8      _PPLineNumber
0926:1bda      _PPSavedChar
Module: ppexpr.obj(/mnt/sda5/.user/root/src/openwatcom-1.9/bld/cpp/ppexpr.c)
0000:1c40*     PPEvalExpr_
0000:1c9a      PP_ConstExpr_
0000:1d1e+     PP_Expr1_
0000:1d6c+     PP_Expr2_
0000:1dba+     PP_Expr3_
0000:1e06+     PP_Expr4_
0000:1e4c+     PP_Expr5_
0000:1e98+     PP_Expr6_
0000:1f44+     PP_Expr7_
0000:20c2+     PP_Expr8_
0000:215c+     PP_Expr9_
0000:21d0+     PP_Expr10_
0000:22c6+     PP_Expr11_
0000:2402+     PP_AdvanceToken_
0000:24a4+     PP_HexNumber_
0000:2502+     PP_CharConst_
0000:267c+     PP_Constant_
0000:27aa+     PP_Identifier_
Module: ppmacro.obj(/mnt/sda5/.user/root/src/openwatcom-1.9/bld/cpp/ppmacro.c)
0000:29a0+     FreeTokenList_
0000:29d2      DeleteNestedMacro_
0000:2a96      PPNextToken_
0000:2af4      NextMToken_
0000:2bba+     PPTrimWhiteSpace_
0000:2c2a+     PPCollectParms_
0000:2e36*     DumpMTokens_
0000:2e78*     DumpNestedMacros_
0000:2ec8+     TokLength_
0000:2ee0+     BuildAToken_
0000:2f1a+     AppendToken_
0000:2f80+     Expandable_
0000:305a+     MacroBeingExpanded_
0000:30ac+     ExpandNestedMacros_
0000:343a+     Glue2Tokens_
0000:3542+     GlueTokens_
0000:367a+     BuildMTokenList_
0000:3870+     DuplicateList_
0000:38fe+     MakeString_
0000:3990+     BuildString_
0000:3a1c+     SubstituteParms_
0000:3c6a+     BuildSpecialToken_
0000:3d2a+     MacroExpansion_
0000:3ee2*     NestedMacroExpansion_
0000:3ef2      DoMacroExpansion_
0000:3f12*     PPMacroVarInit_
0926:1be0+     _NestedMacros
0926:1be4+     _MacroDepth
Module: ppmem.obj(/mnt/sda5/.user/root/src/openwatcom-1.9/bld/cpp/ppmem.c)
0000:3f30      PP_Malloc_
0000:3f56      PP_Free_
0000:3f5c      PP_OutOfMemory_
Module: /mnt/sda5/.user/root/src/openwatcom-1.9/rel2/lib286/dos/clibl.lib(iob.c)
0926:03bc      ___iob
0926:0524      __fmode
0926:1be6      ___OpenStreams
0926:1bea      ___ClosedStreams
Module: /mnt/sda5/.user/root/src/openwatcom-1.9/rel2/lib286/dos/clibl.lib(fputc.c)
0000:3f80      fputc_
Module: /mnt/sda5/.user/root/src/openwatcom-1.9/rel2/lib286/dos/clibl.lib(printf.c)
0000:4050      printf_
Module: /mnt/sda5/.user/root/src/openwatcom-1.9/rel2/lib286/dos/clibl.lib(exit.c)
0000:407f+     __null_int23_exit_
0000:4080      exit_
0000:40b1*     _exit_
0926:0526+     ___int23_exit
0926:052a+     ___FPE_handler_exit
Module: /mnt/sda5/.user/root/src/openwatcom-1.9/rel2/lib286/dos/clibl.lib(cstart)
0926:0000*     __nullarea
0926:052e*     __ovlflag
0926:052f*     __intno
0926:0530*     __ovlvec
0000:40ca      _cstart_
0000:419d*     _Not_Enough_Memory_
0000:42d1      __exit_
0000:42f0      __do_exit_with_msg__
0000:434e      __GETDS
Module: /mnt/sda5/.user/root/src/openwatcom-1.9/rel2/lib286/dos/clibl.lib(cmodel)
0000:4358      _big_code_
0000:4358*     CodeModelMismatch
Module: /mnt/sda5/.user/root/src/openwatcom-1.9/rel2/lib286/dos/clibl.lib(argcv.c)
0926:1bee      __argv
0926:1bf2      ___argv
0926:1bf6      __argc
0926:1bf8      ___argc
Module: /mnt/sda5/.user/root/src/openwatcom-1.9/rel2/lib286/dos/clibl.lib(open.c)
0000:4554      open_
0000:458b+     sopen_
Module: /mnt/sda5/.user/root/src/openwatcom-1.9/rel2/lib286/dos/clibl.lib(close.c)
0000:45b8      close_
Module: /mnt/sda5/.user/root/src/openwatcom-1.9/rel2/lib286/dos/clibl.lib(accss.c)
0000:45bd      access_
Module: /mnt/sda5/.user/root/src/openwatcom-1.9/rel2/lib286/dos/clibl.lib(splitpat.c)
0000:464f      _splitpath_
Module: /mnt/sda5/.user/root/src/openwatcom-1.9/rel2/lib286/dos/clibl.lib(makepath.c)
0000:4769      _makepath_
Module: /mnt/sda5/.user/root/src/openwatcom-1.9/rel2/lib286/dos/clibl.lib(getenv.c)
0000:49b5      getenv_
Module: /mnt/sda5/.user/root/src/openwatcom-1.9/rel2/lib286/dos/clibl.lib(sprintf.c)
0000:4a7a      sprintf_
Module: /mnt/sda5/.user/root/src/openwatcom-1.9/rel2/lib286/dos/clibl.lib(time.c)
0000:4aa9      time_
Module: /mnt/sda5/.user/root/src/openwatcom-1.9/rel2/lib286/dos/clibl.lib(localtim.c)
0000:4af4+     _localtime_
0000:4b83      localtime_
Module: /mnt/sda5/.user/root/src/openwatcom-1.9/rel2/lib286/dos/clibl.lib(read.c)
0000:4b92      read_
Module: /mnt/sda5/.user/root/src/openwatcom-1.9/rel2/lib286/dos/clibl.lib(stricmp.c)
0000:4c76      stricmp_
Module: /mnt/sda5/.user/root/src/openwatcom-1.9/rel2/lib286/dos/clibl.lib(tolower.c)
0000:4cb3      tolower_
Module: /mnt/sda5/.user/root/src/openwatcom-1.9/rel2/lib286/dos/clibl.lib(istable.c)
0926:026e      __IsTable
Module: /mnt/sda5/.user/root/src/openwatcom-1.9/rel2/lib286/dos/clibl.lib(i4d)
0000:4cc2      __I4D
0000:4d11      __U4D
Module: /mnt/sda5/.user/root/src/openwatcom-1.9/rel2/lib286/dos/clibl.lib(i4m)
0000:4d96      __I4M
0000:4d96      __U4M
Module: /mnt/sda5/.user/root/src/openwatcom-1.9/rel2/lib286/dos/clibl.lib(fflush.c)
0000:4dae      fflush_
Module: /mnt/sda5/.user/root/src/openwatcom-1.9/rel2/lib286/dos/clibl.lib(fmalloc.c)
0000:4dc3      _fmalloc_
0000:4dc3      malloc_
0926:0534+     ___fheap
0926:0536      ___fheapRover
0926:0538      ___LargestSizeB4Rover
Module: /mnt/sda5/.user/root/src/openwatcom-1.9/rel2/lib286/dos/clibl.lib(ffree.c)
0000:4ed0      _ffree_
0000:4ed0      free_
Module: /mnt/sda5/.user/root/src/openwatcom-1.9/rel2/lib286/dos/clibl.lib(initfile.c)
0000:4f16      __InitFiles_
Module: /mnt/sda5/.user/root/src/openwatcom-1.9/rel2/lib286/dos/clibl.lib(ioexit.c)
0000:5064*     fcloseall_
0000:506b      __full_io_exit_
Module: /mnt/sda5/.user/root/src/openwatcom-1.9/rel2/lib286/dos/clibl.lib(ioalloc.c)
0000:5075      __ioalloc_
Module: /mnt/sda5/.user/root/src/openwatcom-1.9/rel2/lib286/dos/clibl.lib(flush.c)
0000:510f      __flush_
Module: /mnt/sda5/.user/root/src/openwatcom-1.9/rel2/lib286/dos/clibl.lib(seterrno.c)
0000:5242      __set_errno_
0000:5256*     __set_EDOM_
0000:5268*     __set_ERANGE_
0000:527a*     __set_EINVAL_
0000:528f      __set_doserrno_
Module: /mnt/sda5/.user/root/src/openwatcom-1.9/rel2/lib286/dos/clibl.lib(fprtf.c)
0000:52b5      __fprtf_
Module: /mnt/sda5/.user/root/src/openwatcom-1.9/rel2/lib286/dos/clibl.lib(initrtns.c)
0000:53bb      __InitRtns
0000:53bb*     __FInitRtns
0000:5416      __FiniRtns
0000:5416*     __FFiniRtns
Module: /mnt/sda5/.user/root/src/openwatcom-1.9/rel2/lib286/dos/clibl.lib(xmsg.c)
0000:547a*     __exit_with_msg_
0000:547f      __fatal_runtime_error_
Module: /mnt/sda5/.user/root/src/openwatcom-1.9/rel2/lib286/dos/clibl.lib(cmain086.c)
0000:549d      __CMain
Module: /mnt/sda5/.user/root/src/openwatcom-1.9/rel2/lib286/dos/clibl.lib(crwdata)
0926:053a      __curbrk
0926:0542      __STACKLOW
0926:0544      __STACKTOP
0926:0546      __cbyte
0926:0548      __child
0926:054a      __no87
0926:0558      ___FPE_handler
0926:053c      __psp
0926:054c      __get_ovl_stack
0926:0550      __restore_ovl_stack
0926:0554      __close_ovl_file
0926:055c      __LpCmdLine
0926:0560      __LpPgmName
0926:053e      __osmajor
0926:053f      __osminor
0926:0540      __osmode
0926:0541      __HShift
Module: /mnt/sda5/.user/root/src/openwatcom-1.9/rel2/lib286/dos/clibl.lib(uselfn.c)
0926:0564      ___uselfn
Module: /mnt/sda5/.user/root/src/openwatcom-1.9/rel2/lib286/dos/clibl.lib(dosseg)
0000:54c8      __DOSseg__
Module: /mnt/sda5/.user/root/src/openwatcom-1.9/rel2/lib286/dos/clibl.lib(initargv.c)
0000:54c9      __Init_Argv_
0000:552c+     _getargv_
0000:572b      __Fini_Argv_
Module: /mnt/sda5/.user/root/src/openwatcom-1.9/rel2/lib286/dos/clibl.lib(opendos.c)
0000:5755      _dos_open_
Module: /mnt/sda5/.user/root/src/openwatcom-1.9/rel2/lib286/dos/clibl.lib(iomode.c)
0000:577b      __GetIOMode_
0000:57a0      __SetIOMode_nogrow_
0926:0566      ___NFiles
0926:0568      ___init_mode
0926:0590      ___io_mode
Module: /mnt/sda5/.user/root/src/openwatcom-1.9/rel2/lib286/dos/clibl.lib(isatt.c)
0000:57c3      isatty_
Module: /mnt/sda5/.user/root/src/openwatcom-1.9/rel2/lib286/dos/clibl.lib(dosret.c)
0000:57df*     _dosretax_
0000:57e4*     _dosret0_
0000:57eb      __set_errno_dos_
0000:5849*     __set_errno_dos_reterr_
Module: /mnt/sda5/.user/root/src/openwatcom-1.9/rel2/lib286/dos/clibl.lib(errno.c)
0000:5854      __get_errno_ptr_
0000:585b      __get_doserrno_ptr_
0926:1c10+     _errno
0926:1c12+     __doserrno
Module: /mnt/sda5/.user/root/src/openwatcom-1.9/rel2/lib286/dos/clibl.lib(umaskval.c)
0926:05a8      ___umaskval
Module: /mnt/sda5/.user/root/src/openwatcom-1.9/rel2/lib286/dos/clibl.lib(creatdos.c)
0000:5862      _dos_creat_
0000:5886*     _dos_creatnew_
Module: /mnt/sda5/.user/root/src/openwatcom-1.9/rel2/lib286/dos/clibl.lib(stiomode.c)
0000:58a8+     __grow_iomode_
0000:596b+     __shrink_iomode_
0000:59a6      __SetIOMode_
Module: /mnt/sda5/.user/root/src/openwatcom-1.9/rel2/lib286/dos/clibl.lib(_clse.c)
0000:5a09      __close_
Module: /mnt/sda5/.user/root/src/openwatcom-1.9/rel2/lib286/dos/clibl.lib(gfattdos.c)
0000:5a3c      _dos_getfileattr_
Module: /mnt/sda5/.user/root/src/openwatcom-1.9/rel2/lib286/dos/clibl.lib(mbsnccnt.c)
0000:5a53      _mbsnccnt_
Module: /mnt/sda5/.user/root/src/openwatcom-1.9/rel2/lib286/dos/clibl.lib(mbsncpy.c)
0000:5a87      _mbsncpy_
Module: /mnt/sda5/.user/root/src/openwatcom-1.9/rel2/lib286/dos/clibl.lib(mbsnbcnt.c)
0000:5abd      _mbsnbcnt_
Module: /mnt/sda5/.user/root/src/openwatcom-1.9/rel2/lib286/dos/clibl.lib(mbsnextc.c)
0000:5b36      _mbsnextc_
Module: /mnt/sda5/.user/root/src/openwatcom-1.9/rel2/lib286/dos/clibl.lib(mbsinc.c)
0000:5b67      _mbsinc_
Module: /mnt/sda5/.user/root/src/openwatcom-1.9/rel2/lib286/dos/clibl.lib(mbconv.c)
0000:5ba3      _mbvtop_
Module: /mnt/sda5/.user/root/src/openwatcom-1.9/rel2/lib286/dos/clibl.lib(mbclen.c)
0000:5bb8      _mbclen_
Module: /mnt/sda5/.user/root/src/openwatcom-1.9/rel2/lib286/dos/clibl.lib(mbsdec.c)
0000:5be6      _mbsdec_
Module: /mnt/sda5/.user/root/src/openwatcom-1.9/rel2/lib286/dos/clibl.lib(environ.c)
0926:1c16      ___env_mask
0926:1c1a      _environ
0926:1c1e*     __wenviron
Module: /mnt/sda5/.user/root/src/openwatcom-1.9/rel2/lib286/dos/clibl.lib(mbterm.c)
0000:5c73      _mbterm_
Module: /mnt/sda5/.user/root/src/openwatcom-1.9/rel2/lib286/dos/clibl.lib(mbcupper.c)
0000:5cb5      _mbctoupper_
Module: /mnt/sda5/.user/root/src/openwatcom-1.9/rel2/lib286/dos/clibl.lib(vsprintf.c)
0000:5cf1      vsprintf_
Module: /mnt/sda5/.user/root/src/openwatcom-1.9/rel2/lib286/dos/clibl.lib(gtctm.c)
0000:5d1c      __getctime_
Module: /mnt/sda5/.user/root/src/openwatcom-1.9/rel2/lib286/dos/clibl.lib(mktime.c)
0000:5da5      mktime_
Module: /mnt/sda5/.user/root/src/openwatcom-1.9/rel2/lib286/dos/clibl.lib(tzset.c)
0926:05aa      ___start_dst
0926:05bc      ___end_dst
0926:06d0*     _tzname
0926:06d8      _timezone
0926:06dc      _daylight
0926:06de      ___dst_adjust
0000:5e5f*     __DontCacheOSTZ_
0000:5e78*     __CacheOSTZ_
0000:6400+     __parse_tz_
0000:65d1      tzset_
Module: /mnt/sda5/.user/root/src/openwatcom-1.9/rel2/lib286/dos/clibl.lib(gmtime.c)
0000:6645      __brktime_
0000:67a8+     _gmtime_
0000:67cc*     gmtime_
Module: /mnt/sda5/.user/root/src/openwatcom-1.9/rel2/lib286/dos/clibl.lib(timeutil.c)
0000:690a      __isindst_
Module: /mnt/sda5/.user/root/src/openwatcom-1.9/rel2/lib286/dos/clibl.lib(iomodtty.c)
0000:6bfd      __ChkTTYIOMode_
0000:6c3b*     __IOMode_
Module: /mnt/sda5/.user/root/src/openwatcom-1.9/rel2/lib286/dos/clibl.lib(__lseek.c)
0000:6c4b      __lseek_
Module: /mnt/sda5/.user/root/src/openwatcom-1.9/rel2/lib286/dos/clibl.lib(flushall.c)
0000:6c85*     __flushall_
0000:6ce2      flushall_
Module: /mnt/sda5/.user/root/src/openwatcom-1.9/rel2/lib286/dos/clibl.lib(hpgrw086.c)
0000:6ce7      __CMain_nheapgrow_
Module: /mnt/sda5/.user/root/src/openwatcom-1.9/rel2/lib286/dos/clibl.lib(mem.c)
0000:6cf0      __MemAllocator
0000:6dba      __MemFree
Module: /mnt/sda5/.user/root/src/openwatcom-1.9/rel2/lib286/dos/clibl.lib(growseg.c)
0000:6f17      __GrowSeg_
Module: /mnt/sda5/.user/root/src/openwatcom-1.9/rel2/lib286/dos/clibl.lib(allocseg.c)
0000:7009      __AllocSeg_
Module: /mnt/sda5/.user/root/src/openwatcom-1.9/rel2/lib286/dos/clibl.lib(fmemneed.c)
0000:70a0      __fmemneed_
Module: /mnt/sda5/.user/root/src/openwatcom-1.9/rel2/lib286/dos/clibl.lib(nmalloc.c)
0000:70a3      _nmalloc_
0926:0706      ___nheapbeg
0926:0708      ___MiniHeapRover
0926:070a      ___LargestSizeB4MiniHeapRover
Module: /mnt/sda5/.user/root/src/openwatcom-1.9/rel2/lib286/dos/clibl.lib(nfree.c)
0000:717d      _nfree_
0926:1c34+     ___MiniHeapFreeRover
Module: /mnt/sda5/.user/root/src/openwatcom-1.9/rel2/lib286/dos/clibl.lib(fclose.c)
0000:7278+     __doclose_
0000:7329      __shutdown_stream_
0000:7343*     fclose_
0926:1c36+     ___RmTmpFileFn
Module: /mnt/sda5/.user/root/src/openwatcom-1.9/rel2/lib286/dos/clibl.lib(freefp.c)
0000:738e      __freefp_
0000:7409      __purgefp_
Module: /mnt/sda5/.user/root/src/openwatcom-1.9/rel2/lib286/dos/clibl.lib(chktty.c)
0000:744a      __chktty_
Module: /mnt/sda5/.user/root/src/openwatcom-1.9/rel2/lib286/dos/clibl.lib(qwrit.c)
0000:7475      __qwrite_
Module: /mnt/sda5/.user/root/src/openwatcom-1.9/rel2/lib286/dos/clibl.lib(fsync.c)
0000:74d2      fsync_
Module: /mnt/sda5/.user/root/src/openwatcom-1.9/rel2/lib286/dos/clibl.lib(prtf.c)
0000:74d7      __prtf_
Module: /mnt/sda5/.user/root/src/openwatcom-1.9/rel2/lib286/dos/clibl.lib(sgdef086)
0926:071c      __Start_XI
0926:073a      __End_XI
0926:073a      __Start_YI
0926:0752      __End_YI
Module: /mnt/sda5/.user/root/src/openwatcom-1.9/rel2/lib286/dos/clibl.lib(enterdb.c)
0000:82a6      __EnterWVIDEO_
0926:070c+     ___WD_Present
Module: /mnt/sda5/.user/root/src/openwatcom-1.9/rel2/lib286/dos/clibl.lib(___argc.c)
0926:1c3a      ____Argv
0926:1c3e      ____Argc
Module: /mnt/sda5/.user/root/src/openwatcom-1.9/rel2/lib286/dos/clibl.lib(amblksiz.c)
0926:070e      __amblksiz
Module: /mnt/sda5/.user/root/src/openwatcom-1.9/rel2/lib286/dos/clibl.lib(histsplt.c)
0926:1c40      ___historical_splitparms
Module: /mnt/sda5/.user/root/src/openwatcom-1.9/rel2/lib286/dos/clibl.lib(doserror)
0000:82ca      __doserror_
Module: /mnt/sda5/.user/root/src/openwatcom-1.9/rel2/lib286/dos/clibl.lib(frealloc.c)
0000:82d8*     _frealloc_
0000:82d8      realloc_
Module: /mnt/sda5/.user/root/src/openwatcom-1.9/rel2/lib286/dos/clibl.lib(mbsnbcpy.c)
0000:83b4      _mbsnbcpy_
Module: /mnt/sda5/.user/root/src/openwatcom-1.9/rel2/lib286/dos/clibl.lib(mbisdbcs.c)
0926:1c42      ___IsDBCS
Module: /mnt/sda5/.user/root/src/openwatcom-1.9/rel2/lib286/dos/clibl.lib(mbislead.c)
0000:842c*     _ismbblead_
0926:1c44      ___MBCSIsTable
Module: /mnt/sda5/.user/root/src/openwatcom-1.9/rel2/lib286/dos/clibl.lib(setenvp.c)
0000:8466      __setenvp_
0000:8569      __freeenvp_
Module: /mnt/sda5/.user/root/src/openwatcom-1.9/rel2/lib286/dos/clibl.lib(mbinit.c)
0000:8605      __mbinit_
0926:0710      ___MBCodePage
Module: /mnt/sda5/.user/root/src/openwatcom-1.9/rel2/lib286/dos/clibl.lib(mbdtoupp.c)
0000:86e0      _mbdtoupper_
Module: /mnt/sda5/.user/root/src/openwatcom-1.9/rel2/lib286/dos/clibl.lib(toupper.c)
0000:86ee      toupper_
Module: /mnt/sda5/.user/root/src/openwatcom-1.9/rel2/lib286/dos/clibl.lib(locmktim.c)
0000:86fc      __local_mktime_
Module: /mnt/sda5/.user/root/src/openwatcom-1.9/rel2/lib286/dos/clibl.lib(leapyear.c)
0000:88c3      __leapyear_
0926:01f2      ___diyr
0926:020c      ___dilyr
Module: /mnt/sda5/.user/root/src/openwatcom-1.9/rel2/lib286/dos/clibl.lib(heapgrow.c)
0000:88ed*     _heapgrow_
0000:88ed*     _fheapgrow_
0000:88ee      _nheapgrow_
Module: /mnt/sda5/.user/root/src/openwatcom-1.9/rel2/lib286/dos/clibl.lib(heapen.c)
0000:8968*     _heapenable_
0926:0712      ___heap_enabled
Module: /mnt/sda5/.user/root/src/openwatcom-1.9/rel2/lib286/dos/clibl.lib(nmemneed.c)
0000:8979      __nmemneed_
Module: /mnt/sda5/.user/root/src/openwatcom-1.9/rel2/lib286/dos/clibl.lib(grownear.c)
0000:8a01      __LastFree_
0000:8a7b      __ExpandDGROUP_
Module: /mnt/sda5/.user/root/src/openwatcom-1.9/rel2/lib286/dos/clibl.lib(filedos.c)
0000:8b8c*     _dos_close_
0000:8b9a      _dos_commit_
Module: /mnt/sda5/.user/root/src/openwatcom-1.9/rel2/lib286/dos/clibl.lib(wctomb.c)
0000:8baa      wctomb_
Module: /mnt/sda5/.user/root/src/openwatcom-1.9/rel2/lib286/dos/clibl.lib(itoa.c)
0000:8bd3+     utoa_
0000:8c30      itoa_
Module: /mnt/sda5/.user/root/src/openwatcom-1.9/rel2/lib286/dos/clibl.lib(strupr.c)
0000:8c54      strupr_
Module: /mnt/sda5/.user/root/src/openwatcom-1.9/rel2/lib286/dos/clibl.lib(noefgfmt.c)
0926:0714      ___EFG_printf
0926:0718*     ___EFG_scanf
Module: /mnt/sda5/.user/root/src/openwatcom-1.9/rel2/lib286/dos/clibl.lib(lltoa.c)
0000:8c89      ulltoa_
0000:8d6e*     lltoa_
Module: /mnt/sda5/.user/root/src/openwatcom-1.9/rel2/lib286/dos/clibl.lib(ltoa.c)
0000:8dd0      ultoa_
0000:8e3f*     ltoa_
Module: /mnt/sda5/.user/root/src/openwatcom-1.9/rel2/lib286/dos/clibl.lib(fmsize.c)
0000:8e6e*     _msize_
0000:8e6e      _fmsize_
Module: /mnt/sda5/.user/root/src/openwatcom-1.9/rel2/lib286/dos/clibl.lib(nexpand.c)
0000:8e7f      __HeapManager_expand_
0000:8ff6      _nexpand_
Module: /mnt/sda5/.user/root/src/openwatcom-1.9/rel2/lib286/dos/clibl.lib(fexpand.c)
0000:9049      _fexpand_
0000:9049*     _expand_
Module: /mnt/sda5/.user/root/src/openwatcom-1.9/rel2/lib286/dos/clibl.lib(clearenv.c)
0000:907e      clearenv_
Module: /mnt/sda5/.user/root/src/openwatcom-1.9/rel2/lib286/dos/clibl.lib(sbrk.c)
0000:9160*     sbrk_
0000:9170      __brk_
Module: /mnt/sda5/.user/root/src/openwatcom-1.9/rel2/lib286/dos/clibl.lib(alphabet.c)
0926:0248      ___Alphabet
Module: /mnt/sda5/.user/root/src/openwatcom-1.9/rel2/lib286/dos/clibl.lib(bfree.c)
0000:91da      _bfree_
Module: /mnt/sda5/.user/root/src/openwatcom-1.9/rel2/lib286/dos/clibl.lib(bexpand.c)
0000:91ff      _bexpand_


                        +--------------------+
                        |   Libraries Used   |
                        +--------------------+

/mnt/sda5/.user/root/src/openwatcom-1.9/rel2/lib286/dos/clibl.lib


                        +-----------------------+
                        |   Linker Statistics   |
                        +-----------------------+

Stack size:  0800 (2048.)
Memory size:  b7b0 (47024.)
Entry point address: 0000:40ca
Link time: 00:00.00
