Open Watcom Linker Version 1.9
Portions Copyright (c) 1985-2002 Sybase, Inc. All Rights Reserved.
Created on:       12/12/16 02:42:52
Executable Image: wic.exe
creating an OS/2 32-bit executable


                        +------------+
                        |   Groups   |
                        +------------+

Group                           Address              Size
=====                           =======              ====

DGROUP                          0003:00000000        0001ebd0



                        +--------------+
                        |   Segments   |
                        +--------------+

Segment                Class          Group          Address         Size
=======                =====          =====          =======         ====

_TEXT16                CODE           AUTO           0001:00000000   00000068
BEGTEXT                CODE           AUTO           0002:00000000   00000007
_TEXT                  CODE           AUTO           0002:00000010   0001999b
_NULL                  BEGDATA        DGROUP         0003:00000000   00000004
_AFTERNULL             BEGDATA        DGROUP         0003:00000004   00000000
CONST                  DATA           DGROUP         0003:00000004   00000028
CONST2                 DATA           DGROUP         0003:0000002c   00000000
_DATA                  DATA           DGROUP         0003:0000002c   00004110
XIB                    DATA           DGROUP         0003:0000413c   00000000
XI                     DATA           DGROUP         0003:0000413c   00000042
XIE                    DATA           DGROUP         0003:0000417e   00000000
YIB                    DATA           DGROUP         0003:0000417e   00000000
YI                     DATA           DGROUP         0003:0000417e   0000001e
YIE                    DATA           DGROUP         0003:0000419c   00000000
TIB                    DATA           DGROUP         0003:0000419c   00000000
TI                     DATA           DGROUP         0003:0000419c   00000000
TIE                    DATA           DGROUP         0003:0000419c   00000000
DATA                   DATA           DGROUP         0003:0000419c   00000000
_BSS                   BSS            DGROUP         0003:0000419c   00008a28
STACK                  STACK          DGROUP         0003:0000cbd0   00012000


                        +----------------+
                        |   Memory Map   |
                        +----------------+

* = unreferenced symbol
+ = symbol only referenced locally

Address        Symbol
=======        ======

Module: cmdline.obj(/mnt/sda5/.user/root/src/openwatcom-1.9/bld/wic/c/cmdline.c)
0002:000000e0  initFDReadInd_
0002:000000f0  createFDReadInd_
0002:00000110  FDReadIndHashFunc_
0002:00000120  FDReadIndCmpFunc_
0002:00000130  zapFDReadInd_
0002:000006a0  getCmdLineOptions_
0002:00000820  zapCmdLineOptions_
Module: cparse.obj(/mnt/sda5/.user/root/src/openwatcom-1.9/bld/wic/c/cparse.c)
0003:0000419c+ _cnerrs
0003:000041a0+ _cpvt
0003:000041a4+ _cerrflag
0003:000041a8+ _cchar
0003:000041ac+ _clval
0003:000041b0+ _cval
0002:00000890* cerror_
0002:000008a0  cparseInterface_
0002:00000c20+ cparse_
Module: ctree.obj(/mnt/sda5/.user/root/src/openwatcom-1.9/bld/wic/c/ctree.c)
0002:00002340  createTokenLabel_
0002:00002350  createListLabel_
0002:00002360  createDeclInfoLabel_
0002:00002370  isExternDecl_
0002:00002380* createDeclListLabel_
0002:00002390  createConstr0Label_
0002:000023c0  createConstr1Label_
0002:00002400  createConstr2Label_
0002:00002440  createConstr3Label_
0002:00002490  createConstr4Label_
0002:000024f0  createCTreeRoot_
0002:00002510  createNULLCTree_
0002:00002520  createCTree1_
0002:00002530  createCTree2_
0002:00002540  getCTreeLabel_
0002:00002550* getCTreeChild1Label_
0002:00002560* getCTreeChild2Label_
0002:00002570  getCTreeChild1_
0002:00002580  getCTreeChild2_
0002:00002590  createDclrList_
0002:000025b0  addDclrList_
0002:00002600  createQualifierDeclInfo_
0002:00002620  createStgClassDeclInfo_
0002:00002660  createDeclInfoENUM_
0002:00002680  createDeclInfoSTRUCT_
0002:000026a0  createDeclInfoSCALAR_
0002:000026d0  initNoTypeDecl_
0002:00002760  combine2DeclInfo_
0002:00002870  createDeclStructInfo_
0002:000028c0  createDeclStructBody_
0002:000028e0  addDeclInfoDclrList_
0002:000028f0* setDeclDclr_
0002:00002900  addDeclDclr_
0002:00002920  addDeclPunct_
0002:00002930  createDeclList_
0002:00002950  addDeclList_
0002:00002960  createDclr_
0002:000029c0  isDclrFunc_
0002:000029d0  isDclrPtr_
0002:000029f0  getDclrName_
0002:00002a00  addDclrPragmaModifier_
0002:00002a50  addDclrMemModifier_
0002:00002ad0  addDclrPtrModifier_
0002:00002b40  addDclrArray_
0002:00002b70  addDclrFuncArgs_
0002:00002bc0  addDclrInitializer_
0002:00002bf0+ combine2Dclr_
0002:00002d10  createDclrPtr_
0002:00002d50  createDeclEnum_
0002:00002d80  createEnumList_
0002:00002da0  finishEnumListCreation_
0002:00002eb0  addEnumList_
0002:00002ec0  createEnumElem_
0002:00002ee0  createEnumFromDefine_
0002:00002f40  addEnumElemBegPunct_
0002:00002f50  logMessage_
Module: dupzap.obj(/mnt/sda5/.user/root/src/openwatcom-1.9/bld/wic/c/dupzap.c)
0002:000034e0* dupCTree_
0002:00003510* dupLabel_
0002:00003530  dupDeclInfo_
0002:00003550* dupDclr_
0002:00003580* dupDeclStructInfo_
0002:000035b0* dupDeclStructBody_
0002:000035e0* dupArrElem_
0002:00003610* dupDclrPtr_
0002:00003640* dupDeclEnum_
0002:00003670* dupEnumElem_
0002:000036a0  dupToken_
0002:000036d0  dupTokPos_
0002:00003760  zapCTree_
0002:000037a0* zapLabel_
0002:00003860  zapDeclInfo_
0002:000038d0  zapDclr_
0002:00003940* zapDeclStructInfo_
0002:00003970  zapDeclStructBody_
0002:000039a0* zapArrElem_
0002:000039d0* zapDclrPtr_
0002:000039f0* zapDeclEnum_
0002:00003a20* zapEnumElem_
0002:00003a70  zapTokPos_
0002:00003ac0  zapTokens2_
0002:00003ae0  zapTokens3_
0002:00003af0  zapToken_
Module: exptok.obj(/mnt/sda5/.user/root/src/openwatcom-1.9/bld/wic/c/exptok.c)
0002:00003b20  initExpandToken_
0002:00003b40  zapExpandToken_
0002:000042e0  getExpandToken_
0003:00004424+ __pushMacroCodeFirstToken
Module: gentypes.obj(/mnt/sda5/.user/root/src/openwatcom-1.9/bld/wic/c/gentypes.c)
0002:00004380  createSLList_
0002:00004380* createWicStack_
0002:000043b0  isEmptySLList_
0002:000043c0  dupSLList_
0002:00004420  addSLListElem_
0002:00004450  addBegSLListElem_
0002:00004450* pushWicStackElem_
0002:00004470  addBegSLListSLList_
0002:000044b0  combine2SLList_
0002:000044f0  insertSLListAfterCurrPosElem_
0002:00004530  setCurrSLListPosElem_
0002:00004540  getCurrSLListPosElem_
0002:00004560  incCurrSLListPos_
0002:00004580  rewindCurrSLListPos_
0002:00004590  forAllInSLList_
0002:000045b0  zapSLList_
0002:00004600  unqueSLListElem_
Module: globals.obj(/mnt/sda5/.user/root/src/openwatcom-1.9/bld/wic/c/globals.c)
0003:00000fd0  _g_commentList
0003:00000fd4  _g_dirList
0003:00000fd8  _g_currLineCode
0003:00000fdc  _g_currLineNum
0003:00000fe0  _g_currColNum
0003:00000fe4  _g_currFileName
0003:00000fe8  _g_currPos
0003:00000fec  _g_memUsed
0003:00000ff0  _g_numSymbols
0003:00000ff4  _g_debugCount
0003:00000ff8  _g_dribbleCounter
0003:00000ffc  _g_logList
0003:00001000  _g_totalNumLines
0003:00001004  _g_numErrNotDisp
0003:00001008  _g_fileTable
0003:0000442c  _g_opt
Module: hash.obj(/mnt/sda5/.user/root/src/openwatcom-1.9/bld/wic/c/hash.c)
0002:00004a00  initHashTable_
0002:00004a90  tabLookup_
0003:0000100c+ _tokenTable
Module: main.obj(/mnt/sda5/.user/root/src/openwatcom-1.9/bld/wic/c/main.c)
0002:00004b00+ initWicBasics_
0002:00004b70+ doConversion_
0002:00004bc0  main_
0002:00004be0  wicExit_
Module: outfort.obj(/mnt/sda5/.user/root/src/openwatcom-1.9/bld/wic/c/outfort.c)
0003:00001770  _printCTreeFortTable
0003:00001b3c  _printExpandFortTable
0003:00001bac  _fortKeywordsTable
Module: outasm.obj(/mnt/sda5/.user/root/src/openwatcom-1.9/bld/wic/c/outasm.c)
0002:00006c70+ getDeclIdName_
0002:00006cb0* getStructName_
0002:00006db0+ getAsmPragmaName_
0002:00006e10+ getFuncMemTypeAsmName_
0003:00002074  _printCTreeAsmTable
0003:00002374  _printExpandAsmTable
0003:000023e4  _asmKeywordsTable
Module: output.obj(/mnt/sda5/.user/root/src/openwatcom-1.9/bld/wic/c/output.c)
0003:0000b360+ _g_tlang
0002:000074f0  createOUnitText_
0002:00007500  createOUnitTextId_
0002:00007520  createOUnitNewline_
0002:00007540  createOUnitFromTok_
0002:000075c0+ addOUnitPrefix_
0002:00007600  addOUnitPrePost_
0002:00007610  addOUnitPostfix_
0002:00007640* zapOUnit_
0002:00007650+ addOUnitPostfixImmediate_
0002:000076b0  createOUnitDclrName_
0002:00007710+ _outputCurrAsmLine_
0002:00007810+ _outputCurrFortLine_
0002:00007cf0* _outputContinueLine_
0002:00007d10+ _outputOUnit_
0002:00007e60+ _popFileStack_
0002:00007f50+ _popAllFiles_
0002:00007f70+ _pushFileStack_
0002:000089f0+ getTokDataStr_
0002:00008bc0+ getTokenStr_
0002:00008c00  staticGetTokenStr_
0002:00008c10  getTokListString_
0002:00008cc0  expandPushTree_
0002:00008e50+ getNextCTreeOUnit_
0002:00008f60  pushPrintStackParam_
0002:00008fd0+ pushPrintStackListParam_
0002:00009040+ popPrintStack_
0002:000090c0  initExpandPushListParam_
0002:000090e0+ expandPushListParam_
0002:00009130+ cmpTokPos_
0002:00009190  getDeclPos_
0002:000091e0  paramListNotVoid_
0002:000093a0  initPrinting_
0002:00009460  initOutputSystem_
0002:00009540  zapOutputSystem_
0002:00009550  zapPrinting_
0002:00009570+ printAll_
0002:00009650  outputZapAll_
0002:000096d0  outputZapEOF_
Module: preparse.obj(/mnt/sda5/.user/root/src/openwatcom-1.9/bld/wic/c/preparse.c)
0003:0000b780+ _prepvt
0003:0000b784+ _prenerrs
0003:0000b788+ _successfulExpand
0003:0000b794+ _prelval
0003:0000b798+ _preval
0003:0000b79c+ _prechar
0003:0000b7a4+ _expandThisLineHideErrors
0002:00009740* preerror_
0002:00009750  preparseInterface_
0002:00009870+ createDefineMacroCTree_
0002:00009980+ eatPreDirList_
0002:00009d00+ preparse_
0003:0000b7ac+ _preerrflag
Module: symtab.obj(/mnt/sda5/.user/root/src/openwatcom-1.9/bld/wic/c/symtab.c)
0002:0000b530  SymInit_
0002:0000b570  SymFini_
0002:0000b600  SymFind_
0002:0000b640  SymAdd_
0002:0000b8f0  SymWalk_
Module: tables.obj(/mnt/sda5/.user/root/src/openwatcom-1.9/bld/wic/c/tables.c)
0002:0000ba70  initSymbolTable_
0002:0000ba90  addSymbol_
0002:0000bae0  findSymbol_
0002:0000bb00+ zapSymbolTableElem_
0002:0000bb50  zapSymbolTable_
0002:0000bb70  createTabEntry_
0002:0000bbc0+ printSymTabElement_
0002:0000bc20* printSymTab_
0002:0000bc50  createHTable_
0002:0000bca0  addHTableElem_
0002:0000bd40  findHTableElem_
0002:0000bda0* walkHTable_
0002:0000bde0  zapHTable_
0002:0000be40  getHTableStats_
0002:0000be50  stringHashFunc_
0002:0000be80  stringiHashFunc_
0002:0000beb0* computeKey_
Module: token.obj(/mnt/sda5/.user/root/src/openwatcom-1.9/bld/wic/c/token.c)
0002:0000c100+ pushChar_
0002:0000c140* pushGetNextChar_
0002:0000c160+ popChars_
0002:0000c410  pushTokFile_
0002:0000c550  popTokFile_
0002:0000c5a0  initTokenizer_
0002:0000c600  zapTokenizer_
0002:0000c690+ scanId_
0002:0000d050  getNextToken_
0002:0000d940  setTokPos_
0002:0000d970  getTokDataType_
0002:0000d9a0  getTokenIdName_
0002:0000d9b0  getTokDataIdName_
0002:0000d9c0  createToken_
0002:0000d9e0  createTokPos_
0002:0000da10  createTokData_
0002:0000da40  createEnumNumToken_
0002:0000da80  createPLUSToken_
0002:0000dab0  createEQUALToken_
0002:0000dae0  createIDTokenAfter_
0002:0000db30* createCommentToken_
0002:0000db60+ cmpTokData_
0002:0000db90  combine2TokPos_
0002:0000dbb0  combine2Token_
Module: trandecl.obj(/mnt/sda5/.user/root/src/openwatcom-1.9/bld/wic/c/trandecl.c)
0002:0000dd00+ createDeclTreeElem_
0002:0000dd70+ _get1stDclrName_
0002:0000ddc0+ _createUnnamedDeclStructDclrList_
0002:0000e3e0+ _pushDeclTree_
0002:0000e440+ _flattenDeclTree_
0002:0000e510+ _expandDeclDclrList_
0002:0000e610+ _checkNonTranslatableConstructs_
0002:0000e6a0  transformDecl_
Module: wicgener.obj(/mnt/sda5/.user/root/src/openwatcom-1.9/bld/wic/c/wicgener.c)
0003:00003b30+ _FingerMsg
0003:00003b4c  _WResRtns
0003:00003b74+ __debugSize
0003:00003b78+ __modifyMe
0002:0000e9c0  initWicResources_
0002:0000ea40+ getResStr_
0002:0000ea80  zapWicResources_
0002:0000ea90  initErrorFile_
0002:0000eac0  zapErrorFile_
0002:0000eae0+ logError_
0002:0000eb20  reportError_
0002:0000ed70* printMemUsage_
0002:0000ed90  outOfMemory_
0002:0000eda0+ BasicAlloc_
0002:0000edf0  wicStrdup_
0002:0000ee40+ BasicFree_
0002:0000ee70  initMemory_
0002:0000eea0  zapMemory_
0002:0000eef0  checkMemory_
0002:0000ef30  printUsageAndExit_
0002:0000efe0* incDebugCount_
0002:0000f010* wicAssert_
0002:0000f040  debugOut_
0002:0000f040  zapDebug_
0002:0000f040  initDebug_
0002:0000f050  wicFclose_
0002:0000f080  wicFopen_
0002:0000f0e0  fileReadable_
0002:0000f100  dribble_
0002:0000f200+ wicPrintMessage_
0002:0000f260  setNewFileExt_
0002:0000f310  setDefaultExt_
Module: wicstr.obj(/mnt/sda5/.user/root/src/openwatcom-1.9/bld/wic/c/wicstr.c)
0002:0000f3c0  registerString_
0002:0000f4b0  zapString_
0002:0000f530  zapStringTable_
Module: fmem.obj(/mnt/sda5/.user/root/src/openwatcom-1.9/bld/wic/c/fmem.c)
0002:0000f620+ FMemMsg_
0002:0000f6c0  InitFMem_
0002:0000f700  FiniFMem_
0002:0000f760+ adjustSize_
0002:0000f790  FAlloc_
0002:0000f820  FFree_
Module: carver.obj(/mnt/sda5/.user/root/src/openwatcom-1.9/bld/wic/c/carver.c)
0002:0000f930* GuessCarverBlockSize_
0002:0000faa0+ InitCarver_
0002:0000fb20  CreateCarver_
0002:0000fbf0  AllocCarverElem_
0002:0000fc70  FreeCarverElem_
0002:0000fcc0  FiniCarver_
0002:0000fd60  CarverDefaultPrintMsg_
Module: /mnt/sda5/.user/root/src/openwatcom-1.9/rel2/lib386/os2/clib3r.lib(sscanf.c)
0002:0000fdb0+ vsscanf_
0002:0000fde0  sscanf_
Module: /mnt/sda5/.user/root/src/openwatcom-1.9/rel2/lib386/os2/clib3r.lib(_strcmp)
0002:0000fe10  strcmp_
Module: /mnt/sda5/.user/root/src/openwatcom-1.9/rel2/lib386/os2/clib3r.lib(strtok.c)
0002:0000ff50  strtok_
Module: /mnt/sda5/.user/root/src/openwatcom-1.9/rel2/lib386/os2/clib3r.lib(splitpat.c)
0002:00010050  _splitpath_
Module: /mnt/sda5/.user/root/src/openwatcom-1.9/rel2/lib386/os2/clib3r.lib(makepath.c)
0002:00010140  _makepath_
Module: /mnt/sda5/.user/root/src/openwatcom-1.9/rel2/lib386/os2/clib3r.lib(getenv.c)
0002:000102f0  getenv_
Module: /mnt/sda5/.user/root/src/openwatcom-1.9/rel2/lib386/os2/clib3r.lib(memset.c)
0002:00010380  memset_
Module: /mnt/sda5/.user/root/src/openwatcom-1.9/rel2/lib386/os2/clib3r.lib(strncpy.c)
0002:000103a0  strncpy_
Module: /mnt/sda5/.user/root/src/openwatcom-1.9/rel2/lib386/os2/clib3r.lib(printf.c)
0002:000103e0  printf_
Module: /mnt/sda5/.user/root/src/openwatcom-1.9/rel2/lib386/os2/clib3r.lib(ioexit.c)
0002:00010470  fcloseall_
0002:00010480  __full_io_exit_
Module: /mnt/sda5/.user/root/src/openwatcom-1.9/rel2/lib386/os2/clib3r.lib(exit.c)
0002:0001048c+ __null_int23_exit_
0002:0001048d  exit_
0002:000104dd* _exit_
0003:00003b88+ ___int23_exit
0003:00003b8c+ ___FPE_handler_exit
Module: /mnt/sda5/.user/root/src/openwatcom-1.9/rel2/lib386/os2/clib3r.lib(cstart)
0002:000104f4  _cstart_
Module: /mnt/sda5/.user/root/src/openwatcom-1.9/rel2/lib386/os2/clib3r.lib(fltused.c)
0003:00003b90  _fltused_
Module: /mnt/sda5/.user/root/src/openwatcom-1.9/rel2/lib386/os2/emu387.lib(386)
0002:00010550  __init_387_emulator
0002:00010551* __fini_387_emulator
Module: /mnt/sda5/.user/root/src/openwatcom-1.9/rel2/lib386/os2/clib3r.lib(_8087)
0003:00003b94  __8087
0003:00003b95  __real87
Module: /mnt/sda5/.user/root/src/openwatcom-1.9/rel2/lib386/os2/clib3r.lib(argcv.c)
0003:0000c864  __argc
0003:0000c868  __argv
0003:0000c86c  ___argc
0003:0000c870  ___argv
Module: /mnt/sda5/.user/root/src/openwatcom-1.9/rel2/lib386/os2/clib3r.lib(vfprintf.c)
0002:00010560  vfprintf_
Module: /mnt/sda5/.user/root/src/openwatcom-1.9/rel2/lib386/os2/clib3r.lib(istable.c)
0002:00010570  __IsTable
Module: /mnt/sda5/.user/root/src/openwatcom-1.9/rel2/lib386/os2/clib3r.lib(errno.c)
0002:00010680  __get_errno_ptr_
0002:00010690* __get_doserrno_ptr_
Module: /mnt/sda5/.user/root/src/openwatcom-1.9/rel2/lib386/os2/clib3r.lib(strerror.c)
0002:000109c0  strerror_
0002:000109e0* _strerror_
0003:00003b98+ __sys_errlist
0003:00003c3c+ __sys_nerr
Module: /mnt/sda5/.user/root/src/openwatcom-1.9/rel2/lib386/os2/clib3r.lib(sprintf.c)
0002:00010ab0  sprintf_
Module: /mnt/sda5/.user/root/src/openwatcom-1.9/rel2/lib386/math387r.lib(fchop87)
0002:00010ad4  __CHP
Module: /mnt/sda5/.user/root/src/openwatcom-1.9/rel2/lib386/os2/clib3r.lib(stricmp.c)
0002:00010af0  stricmp_
Module: /mnt/sda5/.user/root/src/openwatcom-1.9/rel2/lib386/os2/clib3r.lib(nmalloc.c)
0002:00010b30  _nmalloc_
0002:00010b30  malloc_
0003:00003c40  ___nheapbeg
0003:00003c44  ___MiniHeapRover
0003:00003c48  ___LargestSizeB4MiniHeapRover
Module: /mnt/sda5/.user/root/src/openwatcom-1.9/rel2/lib386/os2/clib3r.lib(nfree.c)
0002:00010c30  _nfree_
0002:00010c30  free_
0003:0000c974  ___MiniHeapFreeRover
Module: /mnt/sda5/.user/root/src/openwatcom-1.9/rel2/lib386/os2/clib3r.lib(stack386.c)
0002:00010d40  stackavail_
Module: /mnt/sda5/.user/root/src/openwatcom-1.9/rel2/lib386/os2/clib3r.lib(stk)
0002:00010d65  __STK
0002:00010d55* __CHK
0002:00010d94  __GRO
0002:00010d84  __STKOVERFLOW_
Module: /mnt/sda5/.user/root/src/openwatcom-1.9/rel2/lib386/os2/clib3r.lib(toupper.c)
0002:00010dc0  toupper_
Module: /mnt/sda5/.user/root/src/openwatcom-1.9/rel2/lib386/os2/clib3r.lib(fgetc.c)
0002:00010dd0+ __fill_buffer_
0002:00010ed0  fgetc_
Module: /mnt/sda5/.user/root/src/openwatcom-1.9/rel2/lib386/os2/clib3r.lib(fseek.c)
0002:00010fe0  fseek_
Module: /mnt/sda5/.user/root/src/openwatcom-1.9/rel2/lib386/os2/clib3r.lib(ftell.c)
0002:000110f0  ftell_
Module: /mnt/sda5/.user/root/src/openwatcom-1.9/rel2/lib386/os2/clib3r.lib(openos2.c)
0002:00011320  open_
0002:00011340  sopen_
Module: /mnt/sda5/.user/root/src/openwatcom-1.9/rel2/lib386/os2/clib3r.lib(close.c)
0002:00011370  close_
Module: /mnt/sda5/.user/root/src/openwatcom-1.9/rel2/lib386/os2/clib3r.lib(write.c)
0002:00011480  write_
Module: /mnt/sda5/.user/root/src/openwatcom-1.9/rel2/lib386/os2/clib3r.lib(read.c)
0002:000116b0  read_
Module: /mnt/sda5/.user/root/src/openwatcom-1.9/rel2/lib386/os2/clib3r.lib(tell.c)
0002:00011820  tell_
Module: /mnt/sda5/.user/root/src/openwatcom-1.9/rel2/lib386/os2/clib3r.lib(lseek.c)
0002:00011840  lseek_
Module: /mnt/sda5/.user/root/src/openwatcom-1.9/bld/sdk/rc/wres/flat386/mf_r/wres.lib(loadfind.c)
0002:00011888  FindResources_
0003:00003c5c  _FileShift
Module: /mnt/sda5/.user/root/src/openwatcom-1.9/bld/sdk/rc/wres/flat386/mf_r/wres.lib(loadstr.c)
0002:00011ac8+ WResLoadString2_
0002:00011b78  WResLoadString_
0002:00011b90* OpenResFile_
0002:00011ba0+ InitResources2_
0002:00011bc8  InitResources_
0002:00011bd8* CloseResFile2_
0002:00011be4  CloseResFile_
0002:00011bfc* LoadstrInitStatics_
0003:0000c978+ _MainDir
Module: /mnt/sda5/.user/root/src/openwatcom-1.9/rel2/lib386/os2/clib3r.lib(wrlang.c)
0002:00011c30  _WResLanguage_
Module: /mnt/sda5/.user/root/src/openwatcom-1.9/rel2/lib386/os2/clib3r.lib(iob.c)
0003:00003c60  ___iob
0003:00003e68  __fmode
0003:0000c97c  ___OpenStreams
0003:0000c980  ___ClosedStreams
Module: /mnt/sda5/.user/root/src/openwatcom-1.9/rel2/lib386/os2/clib3r.lib(fprintf.c)
0002:00011cc0  fprintf_
Module: /mnt/sda5/.user/root/src/openwatcom-1.9/rel2/lib386/os2/clib3r.lib(vsprintf.c)
0002:00011d10  vsprintf_
Module: /mnt/sda5/.user/root/src/openwatcom-1.9/rel2/lib386/os2/clib3r.lib(nmsize.c)
0002:00011d30  _nmsize_
0002:00011d30  _msize_
Module: /mnt/sda5/.user/root/src/openwatcom-1.9/rel2/lib386/os2/clib3r.lib(nheapset.c)
0002:00011d40* _nheapset_
0002:00011d40  _heapset_
Module: /mnt/sda5/.user/root/src/openwatcom-1.9/rel2/lib386/os2/clib3r.lib(nheapwal.c)
0002:00011dd0* _nheapwalk_
0002:00011dd0  _heapwalk_
0002:00011e00  __NHeapWalk_
Module: /mnt/sda5/.user/root/src/openwatcom-1.9/rel2/lib386/os2/clib3r.lib(fclose.c)
0002:00011eb0  __doclose_
0002:00011f50  __shutdown_stream_
0002:00011f70  fclose_
0003:0000c984+ ___RmTmpFileFn
Module: /mnt/sda5/.user/root/src/openwatcom-1.9/rel2/lib386/os2/clib3r.lib(fopen.c)
0002:00011fc0+ __open_flags_
0002:000121d0+ _fsopen_
0002:00012220  fopen_
0002:000122b0* freopen_
Module: /mnt/sda5/.user/root/src/openwatcom-1.9/rel2/lib386/os2/clib3r.lib(accssos2.c)
0002:00012320  access_
Module: /mnt/sda5/.user/root/src/openwatcom-1.9/rel2/lib386/os2/clib3r.lib(cprintf.c)
0002:000123a0* vcprintf_
0002:000123c0  cprintf_
Module: /mnt/sda5/.user/root/src/openwatcom-1.9/rel2/lib386/os2/clib3r.lib(fflush.c)
0002:000123f0  fflush_
Module: /mnt/sda5/.user/root/src/openwatcom-1.9/rel2/lib386/os2/clib3r.lib(memmove.c)
0002:00012400  memmove_
Module: /mnt/sda5/.user/root/src/openwatcom-1.9/rel2/lib386/os2/clib3r.lib(scnf.c)
0002:00012fc0  __scnf_
Module: /mnt/sda5/.user/root/src/openwatcom-1.9/rel2/lib386/os2/clib3r.lib(setbits.c)
0002:00013230  __setbits_
Module: /mnt/sda5/.user/root/src/openwatcom-1.9/rel2/lib386/os2/clib3r.lib(bits.c)
0002:00013270  __Bits
Module: /mnt/sda5/.user/root/src/openwatcom-1.9/rel2/lib386/os2/clib3r.lib(maino32.c)
0003:00003e6c+ ___FirstThreadData
0003:00003e70  ___GetThreadPtr
0003:00003e74  __AccessFileH
0003:00003e78  __ReleaseFileH
0003:00003e7c  __AccessIOB
0003:00003e80  __ReleaseIOB
0003:00003e84  __AccessNHeap
0003:00003e88* __AccessFHeap
0003:00003e8c  __ReleaseNHeap
0003:00003e90* __ReleaseFHeap
0002:0001327e  __threadstack_
0002:00013285* __threadid_
0002:0001328c  __OS2MainInit_
0002:000132fb+ __OS2Init_
0002:00013339* __OS2Fini_
0002:00013341* __shutdown_stack_checking_
0002:00013356  __exit_
0003:00003e94* __AccessTDList
0003:00003e98* __ReleaseTDList
0003:00003e9c+ ___sig_init_rtn
0003:00003ea0* ___sig_fini_rtn
0003:00003ea4  __threadstksize
0003:00003ea8  ___process_fini
0003:0000c988  ___Is_DLL
0003:0000c98c+ ___saved_CS
Module: /mnt/sda5/.user/root/src/openwatcom-1.9/rel2/lib386/os2/clib3r.lib(mbsnccnt.c)
0002:000133a0  _mbsnccnt_
Module: /mnt/sda5/.user/root/src/openwatcom-1.9/rel2/lib386/os2/clib3r.lib(mbsncpy.c)
0002:000133d0  _mbsncpy_
Module: /mnt/sda5/.user/root/src/openwatcom-1.9/rel2/lib386/os2/clib3r.lib(mbsnbcnt.c)
0002:000133f0  _mbsnbcnt_
Module: /mnt/sda5/.user/root/src/openwatcom-1.9/rel2/lib386/os2/clib3r.lib(mbsnextc.c)
0002:00013460  _mbsnextc_
Module: /mnt/sda5/.user/root/src/openwatcom-1.9/rel2/lib386/os2/clib3r.lib(mbsinc.c)
0002:000134a0  _mbsinc_
Module: /mnt/sda5/.user/root/src/openwatcom-1.9/rel2/lib386/os2/clib3r.lib(mbconv.c)
0002:000134d0  _mbvtop_
Module: /mnt/sda5/.user/root/src/openwatcom-1.9/rel2/lib386/os2/clib3r.lib(mbclen.c)
0002:000134f0  _mbclen_
Module: /mnt/sda5/.user/root/src/openwatcom-1.9/rel2/lib386/os2/clib3r.lib(mbsdec.c)
0002:00013520  _mbsdec_
Module: /mnt/sda5/.user/root/src/openwatcom-1.9/rel2/lib386/os2/clib3r.lib(environ.c)
0003:0000ca90  ___env_mask
0003:0000ca94  _environ
0003:0000ca98* __wenviron
Module: /mnt/sda5/.user/root/src/openwatcom-1.9/rel2/lib386/os2/clib3r.lib(mbterm.c)
0002:000135a0  _mbterm_
Module: /mnt/sda5/.user/root/src/openwatcom-1.9/rel2/lib386/os2/clib3r.lib(mbcupper.c)
0002:000135e0  _mbctoupper_
Module: /mnt/sda5/.user/root/src/openwatcom-1.9/rel2/lib386/os2/clib3r.lib(__stos)
0002:00013600  __STOSB
0002:00013637* __STOSD
Module: /mnt/sda5/.user/root/src/openwatcom-1.9/rel2/lib386/os2/clib3r.lib(fprtf.c)
0002:000136d0  __fprtf_
Module: /mnt/sda5/.user/root/src/openwatcom-1.9/rel2/lib386/os2/clib3r.lib(freefp.c)
0002:00013790  __freefp_
0002:000137e0  __purgefp_
Module: /mnt/sda5/.user/root/src/openwatcom-1.9/rel2/lib386/os2/clib3r.lib(initrtns.c)
0002:00013820  __InitRtns
0002:00013870  __FiniRtns
Module: /mnt/sda5/.user/root/src/openwatcom-1.9/rel2/lib386/os2/clib3r.lib(main2o32.c)
0002:000138d0  __OS2Main
Module: /mnt/sda5/.user/root/src/openwatcom-1.9/rel2/lib386/os2/clib3r.lib(segdefns)
0002:00000003  ___begtext
0003:00000000* __nullarea
0003:0000413c  __Start_XI
0003:0000417e  __End_XI
0003:0000417e  __Start_YI
0003:0000419c  __End_YI
Module: /mnt/sda5/.user/root/src/openwatcom-1.9/rel2/lib386/os2/clib3r.lib(setefg.c)
0002:00013940  __setEFGfmt_
Module: /mnt/sda5/.user/root/src/openwatcom-1.9/rel2/lib386/os2/clib3r.lib(chk8087.c)
0002:00013960* _fpreset_
0002:00013980* __init_8087_
0002:00013990  __chk8087_
Module: /mnt/sda5/.user/root/src/openwatcom-1.9/rel2/lib386/os2/clib3r.lib(crwdata)
0003:00003ef0  __osmajor
0003:00003ef1  __osminor
0003:00003ebc* __LpDllName
0003:00003ec0* __LpwCmdLine
0003:00003ec4* __LpwPgmName
0003:00003ec8* __LpwDllName
0003:00003eb4  __LpCmdLine
0003:00003eb8  __LpPgmName
0003:00003eac* __dynend
0003:00003eb0  __curbrk
0003:00003ecc* __STACKLOW
0003:00003ed0* __STACKTOP
0003:00003ed4  __ASTACKSIZ
0003:00003ed8  __ASTACKPTR
0003:00003edc  __cbyte
0003:00003ee0  __cbyte2
0003:00003ee4* __child
0003:00003eea  __Envptr
0003:00003eee* __Envseg
0003:00003ee8  __no87
0003:00003ef2* ___FPE_handler
Module: /mnt/sda5/.user/root/src/openwatcom-1.9/rel2/lib386/os2/clib3r.lib(initargv.c)
0002:000139e0  __Init_Argv_
0002:00013a30+ _getargv_
0002:00013bd0  __Fini_Argv_
Module: /mnt/sda5/.user/root/src/openwatcom-1.9/rel2/lib386/os2/clib3r.lib(nmemneed.c)
0002:00013be0  __nmemneed_
Module: /mnt/sda5/.user/root/src/openwatcom-1.9/rel2/lib386/os2/clib3r.lib(mem.c)
0002:00013bf0  __MemAllocator
0002:00013ca0  __MemFree
Module: /mnt/sda5/.user/root/src/openwatcom-1.9/rel2/lib386/os2/clib3r.lib(grownear.c)
0002:00013f40  __ExpandDGROUP_
Module: /mnt/sda5/.user/root/src/openwatcom-1.9/rel2/lib386/os2/clib3r.lib(xmsgo32.c)
0002:00013f60+ __exit_with_msg_
0002:00013fb0  __fatal_runtime_error_
Module: /mnt/sda5/.user/root/src/openwatcom-1.9/rel2/lib386/os2/clib3r.lib(flushall.c)
0002:00013fd0  __flushall_
0002:00014010  flushall_
Module: /mnt/sda5/.user/root/src/openwatcom-1.9/rel2/lib386/os2/clib3r.lib(gtcheos2.c)
0002:00014020  getche_
Module: /mnt/sda5/.user/root/src/openwatcom-1.9/rel2/lib386/os2/clib3r.lib(ioalloc.c)
0002:00014050  __ioalloc_
Module: /mnt/sda5/.user/root/src/openwatcom-1.9/rel2/lib386/os2/clib3r.lib(qread.c)
0002:000140f0  __qread_
Module: /mnt/sda5/.user/root/src/openwatcom-1.9/rel2/lib386/os2/clib3r.lib(seterrno.c)
0002:0001411e  __set_errno_
0002:0001412c* __set_EDOM_
0002:0001413a  __set_ERANGE_
0002:00014148* __set_EINVAL_
0002:0001415b  __set_doserrno_
Module: /mnt/sda5/.user/root/src/openwatcom-1.9/rel2/lib386/os2/clib3r.lib(flush.c)
0002:00014170  __flush_
Module: /mnt/sda5/.user/root/src/openwatcom-1.9/rel2/lib386/os2/clib3r.lib(umaskval.c)
0003:00003ef8  ___umaskval
Module: /mnt/sda5/.user/root/src/openwatcom-1.9/rel2/lib386/os2/clib3r.lib(os2fil64.c)
0003:00003efc  ___os2_DosOpenL
0003:00003f00+ ___os2_DosSetFilePtrL
0003:00003f04+ ___os2_DosSetFileSizeL
0003:00003f08+ ___os2_DosSetFileLocksL
Module: /mnt/sda5/.user/root/src/openwatcom-1.9/rel2/lib386/os2/clib3r.lib(iomode.c)
0002:00014360  __GetIOMode_
0002:00014380  __SetIOMode_nogrow_
0003:00003f0c  ___NFiles
0003:00003f10  ___init_mode
0003:00003f60  ___io_mode
Module: /mnt/sda5/.user/root/src/openwatcom-1.9/rel2/lib386/os2/clib3r.lib(isattos2.c)
0002:000143a0  isatty_
Module: /mnt/sda5/.user/root/src/openwatcom-1.9/rel2/lib386/os2/clib3r.lib(stiomode.c)
0002:000143d0  __grow_iomode_
0002:000144a0+ __shrink_iomode_
0002:00014520  __SetIOMode_
Module: /mnt/sda5/.user/root/src/openwatcom-1.9/rel2/lib386/os2/clib3r.lib(dosret.c)
0002:00014590* _dosretax_
0002:000145a0* _dosret0_
0002:000145b0  __set_errno_dos_
0002:000145e0* __set_errno_dos_reterr_
Module: /mnt/sda5/.user/root/src/openwatcom-1.9/rel2/lib386/os2/clib3r.lib(_clseos2.c)
0002:000145f0  __close_
Module: /mnt/sda5/.user/root/src/openwatcom-1.9/rel2/lib386/os2/clib3r.lib(__lseek.c)
0002:00014630  __lseek_
Module: /mnt/sda5/.user/root/src/openwatcom-1.9/rel2/lib386/os2/clib3r.lib(iomodtty.c)
0002:00014660  __ChkTTYIOMode_
0002:000146a0* __IOMode_
Module: /mnt/sda5/.user/root/src/openwatcom-1.9/bld/sdk/rc/wres/flat386/mf_r/wres.lib(wriidfn.c)
0002:000146c0  WResInitIDFromNum_
Module: /mnt/sda5/.user/root/src/openwatcom-1.9/bld/sdk/rc/wres/flat386/mf_r/wres.lib(wrfindrs.c)
0002:000146d0  __FindType_
0002:000146f4  __FindRes_
0002:00014718  __FindLang_
0002:00014754  WResFindResource_
Module: /mnt/sda5/.user/root/src/openwatcom-1.9/bld/sdk/rc/wres/flat386/mf_r/wres.lib(wrgetli.c)
0002:000147e0  WResGetLangInfo_
0002:000147f4* WResGetFileInfo_
Module: /mnt/sda5/.user/root/src/openwatcom-1.9/bld/sdk/rc/wres/flat386/mf_r/wres.lib(ropenfro.c)
0002:00014810  ResOpenFileRO_
Module: /mnt/sda5/.user/root/src/openwatcom-1.9/bld/sdk/rc/wres/flat386/mf_r/wres.lib(wrinitdi.c)
0002:00014860  WResInitDir_
Module: /mnt/sda5/.user/root/src/openwatcom-1.9/bld/sdk/rc/wres/flat386/mf_r/wres.lib(wrreaddi.c)
0002:00014fd8  WResReadDir_
0002:00014fe4+ WResReadDir2_
Module: /mnt/sda5/.user/root/src/openwatcom-1.9/bld/sdk/rc/wres/flat386/mf_r/wres.lib(wrfreedi.c)
0002:000150a0+ __FreeLangList_
0002:000150cc+ __FreeResList_
0002:00015104  __FreeTypeList_
0002:0001513c  WResFreeDir_
Module: /mnt/sda5/.user/root/src/openwatcom-1.9/bld/sdk/rc/wres/flat386/mf_r/wres.lib(rclosef.c)
0002:00015160  ResCloseFile_
Module: /mnt/sda5/.user/root/src/openwatcom-1.9/rel2/lib386/os2/clib3r.lib(initfile.c)
0002:000151b0  __InitFiles_
Module: /mnt/sda5/.user/root/src/openwatcom-1.9/rel2/lib386/os2/clib3r.lib(prtf.c)
0002:00015250  __prtf_
Module: /mnt/sda5/.user/root/src/openwatcom-1.9/rel2/lib386/os2/clib3r.lib(nheapchk.c)
0002:00016040* _nheapchk_
0002:00016040  _heapchk_
0003:0000caa4+ ___nheapchk_current
Module: /mnt/sda5/.user/root/src/openwatcom-1.9/rel2/lib386/os2/clib3r.lib(comtflag.c)
0002:000160d0* __set_commode_
0003:00004068  __commode
Module: /mnt/sda5/.user/root/src/openwatcom-1.9/rel2/lib386/os2/clib3r.lib(tolower.c)
0002:000160e0  tolower_
Module: /mnt/sda5/.user/root/src/openwatcom-1.9/rel2/lib386/os2/clib3r.lib(chktty.c)
0002:000160f0  __chktty_
Module: /mnt/sda5/.user/root/src/openwatcom-1.9/rel2/lib386/os2/clib3r.lib(allocfp.c)
0002:00016130  __allocfp_
Module: /mnt/sda5/.user/root/src/openwatcom-1.9/rel2/lib386/os2/clib3r.lib(putchos2.c)
0002:00016200  putch_
Module: /mnt/sda5/.user/root/src/openwatcom-1.9/rel2/lib386/os2/clib3r.lib(mbisdbcs.c)
0003:0000caa8  ___IsDBCS
Module: /mnt/sda5/.user/root/src/openwatcom-1.9/rel2/lib386/os2/clib3r.lib(mbislead.c)
0002:00016250* _ismbblead_
0003:0000caac  ___MBCSIsTable
Module: /mnt/sda5/.user/root/src/openwatcom-1.9/rel2/lib386/os2/clib3r.lib(mbtowc.c)
0002:00016270  mbtowc_
Module: /mnt/sda5/.user/root/src/openwatcom-1.9/rel2/lib386/os2/clib3r.lib(noefgfmt.c)
0003:0000406c  ___EFG_printf
0003:00004070  ___EFG_scanf
Module: /mnt/sda5/.user/root/src/openwatcom-1.9/rel2/lib386/os2/clib3r.lib(fdfs386)
0002:00016374  __FDFS
Module: /mnt/sda5/.user/root/src/openwatcom-1.9/rel2/lib386/os2/clib3r.lib(i8m)
0002:000163c0* __I8M
0002:000163c0  __U8M
Module: /mnt/sda5/.user/root/src/openwatcom-1.9/rel2/lib386/os2/clib3r.lib(cinit.c)
0002:000163e0  __CommonInit_
0003:0000cbb0  ___hmodule
Module: /mnt/sda5/.user/root/src/openwatcom-1.9/rel2/lib386/os2/clib3r.lib(mbsnbcpy.c)
0002:000163f0  _mbsnbcpy_
Module: /mnt/sda5/.user/root/src/openwatcom-1.9/rel2/lib386/os2/clib3r.lib(setenvp.c)
0002:00016450  __setenvp_
0002:00016510  __freeenvp_
Module: /mnt/sda5/.user/root/src/openwatcom-1.9/rel2/lib386/os2/clib3r.lib(mbinit.c)
0002:00016597  __mbinit_
0003:00004074  ___MBCodePage
Module: /mnt/sda5/.user/root/src/openwatcom-1.9/rel2/lib386/os2/clib3r.lib(mbdtoupp.c)
0002:00016690  _mbdtoupper_
Module: /mnt/sda5/.user/root/src/openwatcom-1.9/rel2/lib386/os2/clib3r.lib(fputc.c)
0002:000166b0  fputc_
Module: /mnt/sda5/.user/root/src/openwatcom-1.9/rel2/lib386/os2/clib3r.lib(mthrdini.c)
0002:00016790  __InitThreadData_
0003:00004078  ___ThreadDataSize
Module: /mnt/sda5/.user/root/src/openwatcom-1.9/rel2/lib386/os2/clib3r.lib(cmain386.c)
0002:000167b0  __CMain
Module: /mnt/sda5/.user/root/src/openwatcom-1.9/rel2/lib386/os2/clib3r.lib(dosseg)
0000:00001234  __DOSseg__
Module: /mnt/sda5/.user/root/src/openwatcom-1.9/rel2/lib386/math387r.lib(efgfmt.c)
0002:000167f0  _EFG_Format_
Module: /mnt/sda5/.user/root/src/openwatcom-1.9/rel2/lib386/math387r.lib(cnvs2d.c)
0002:0001695a  __cnvs2d_
Module: /mnt/sda5/.user/root/src/openwatcom-1.9/rel2/lib386/os2/clib3r.lib(8087cw.c)
0003:0000407c  __8087cw
Module: /mnt/sda5/.user/root/src/openwatcom-1.9/rel2/lib386/os2/clib3r.lib(init8087)
0002:00016970  __x87id
Module: /mnt/sda5/.user/root/src/openwatcom-1.9/rel2/lib386/os2/clib3r.lib(histsplt.c)
0003:0000cbb8  ___historical_splitparms
Module: /mnt/sda5/.user/root/src/openwatcom-1.9/rel2/lib386/os2/clib3r.lib(___argc.c)
0003:0000cbbc  ____Argc
0003:0000cbc0  ____Argv
Module: /mnt/sda5/.user/root/src/openwatcom-1.9/rel2/lib386/os2/clib3r.lib(amblksiz.c)
0003:00004080  __amblksiz
Module: /mnt/sda5/.user/root/src/openwatcom-1.9/rel2/lib386/os2/clib3r.lib(heapen.c)
0002:000169b0* _heapenable_
0003:00004084  ___heap_enabled
Module: /mnt/sda5/.user/root/src/openwatcom-1.9/rel2/lib386/os2/clib3r.lib(nheapmin.c)
0002:000169e0  _nheapshrink_
0002:000169e0* _nheapmin_
0002:000169e0* _heapmin_
0002:000169e0* _heapshrink_
Module: /mnt/sda5/.user/root/src/openwatcom-1.9/rel2/lib386/os2/clib3r.lib(enterdb.c)
0002:00016ad0  __EnterWVIDEO_
0003:00004088+ ___WD_Present
Module: /mnt/sda5/.user/root/src/openwatcom-1.9/rel2/lib386/os2/clib3r.lib(getchos2.c)
0002:00016b00  getch_
Module: /mnt/sda5/.user/root/src/openwatcom-1.9/rel2/lib386/os2/clib3r.lib(fsync.c)
0002:00016bc0  fsync_
Module: /mnt/sda5/.user/root/src/openwatcom-1.9/rel2/lib386/os2/clib3r.lib(qwrit.c)
0002:00016bf0  __qwrite_
Module: /mnt/sda5/.user/root/src/openwatcom-1.9/rel2/lib386/os2/clib3r.lib(nrealloc.c)
0002:00016c90* _nrealloc_
0002:00016c90  realloc_
Module: /mnt/sda5/.user/root/src/openwatcom-1.9/rel2/lib386/os2/clib3r.lib(hdlman.c)
0002:00016d10* __set_handles_
0002:00016d20* _grow_handles_
0003:0000408c  ___NHandles
Module: /mnt/sda5/.user/root/src/openwatcom-1.9/bld/sdk/rc/wres/flat386/mf_r/wres.lib(wridcmp.c)
0002:00016d80  WResIDCmp_
Module: /mnt/sda5/.user/root/src/openwatcom-1.9/rel2/lib386/os2/clib3r.lib(setmd.c)
0002:00016dc0  setmode_
Module: /mnt/sda5/.user/root/src/openwatcom-1.9/bld/sdk/rc/wres/flat386/mf_r/wres.lib(wrerror.c)
0002:00016ea0  WresRecordError_
Module: /mnt/sda5/.user/root/src/openwatcom-1.9/bld/sdk/rc/wres/flat386/mf_r/wres.lib(ralliae.c)
0002:00016eb0  ResAddLLItemAtEnd_
Module: /mnt/sda5/.user/root/src/openwatcom-1.9/bld/sdk/rc/wres/flat386/mf_r/wres.lib(wrrfrr.c)
0002:00016ee0  WResReadFixedResRecord_
0002:00016f20  WResReadFixedResRecord1_
0002:00016f60  WResReadFixedResRecord2_
Module: /mnt/sda5/.user/root/src/openwatcom-1.9/bld/sdk/rc/wres/flat386/mf_r/wres.lib(wridexby.c)
0002:00016fe0  WResIDExtraBytes_
Module: /mnt/sda5/.user/root/src/openwatcom-1.9/bld/sdk/rc/wres/flat386/mf_r/wres.lib(wrrewrid.c)
0002:00016ff0  WResReadExtraWResID_
Module: /mnt/sda5/.user/root/src/openwatcom-1.9/bld/sdk/rc/wres/flat386/mf_r/wres.lib(wrrftr.c)
0002:00017050  WResReadFixedTypeRecord_
0002:00017098  WResReadFixedTypeRecord2_
Module: /mnt/sda5/.user/root/src/openwatcom-1.9/bld/sdk/rc/wres/flat386/mf_r/wres.lib(wrrhr.c)
0002:00017110  WResReadHeaderRecord_
0002:00017188  WResReadExtHeader_
Module: /mnt/sda5/.user/root/src/openwatcom-1.9/bld/sdk/rc/wres/flat386/mf_r/wres.lib(mrrdrh.c)
0002:000171d0  M32ResReadResourceHeader_
0002:0001733c  MResReadResourceHeader_
Module: /mnt/sda5/.user/root/src/openwatcom-1.9/bld/sdk/rc/wres/flat386/mf_r/wres.lib(wrfree.c)
0002:000173e0  MResFreeResourceHeader_
Module: /mnt/sda5/.user/root/src/openwatcom-1.9/bld/sdk/rc/wres/flat386/mf_r/wres.lib(wridfnoo.c)
0002:00017420  WResIDFromNameOrOrd_
Module: /mnt/sda5/.user/root/src/openwatcom-1.9/bld/sdk/rc/wres/flat386/mf_r/wres.lib(wraddres.c)
0002:00017590* WResAddResource_
0002:000175ec  WResAddResource2_
Module: /mnt/sda5/.user/root/src/openwatcom-1.9/bld/sdk/rc/wres/flat386/mf_r/wres.lib(wriswrf.c)
0002:00017710  WResFindResType_
0002:000177a8* WResIsWResFile_
Module: /mnt/sda5/.user/root/src/openwatcom-1.9/rel2/lib386/os2/clib3r.lib(wctomb.c)
0002:000177c0  wctomb_
Module: /mnt/sda5/.user/root/src/openwatcom-1.9/rel2/lib386/os2/clib3r.lib(itoa.c)
0002:000177f0+ utoa_
0002:00017840  itoa_
Module: /mnt/sda5/.user/root/src/openwatcom-1.9/rel2/lib386/os2/clib3r.lib(strupr.c)
0002:00017870  strupr_
Module: /mnt/sda5/.user/root/src/openwatcom-1.9/rel2/lib386/os2/clib3r.lib(lltoa.c)
0002:00017890  ulltoa_
0002:00017900* lltoa_
Module: /mnt/sda5/.user/root/src/openwatcom-1.9/rel2/lib386/os2/clib3r.lib(ltoa.c)
0002:00017930  ultoa_
0002:00017980* ltoa_
Module: /mnt/sda5/.user/root/src/openwatcom-1.9/rel2/lib386/os2/clib3r.lib(thunk)
0002:000179b8  __TNK
0002:000179a4* __TNC
Module: /mnt/sda5/.user/root/src/openwatcom-1.9/rel2/lib386/os2/clib3r.lib(far16fun)
0002:00017a08  __Far16Func2
0002:00017a51* __Far16Func
0002:00017a9f* __Far16Pascal2
0002:00017ae6* __Far16Pascal
0002:00017b32* __Far16Cdecl2
0002:00017b80* __Far16Cdecl
0002:00017bd3  __FlatToFar16
0002:00017bdc* __Far16ToFlat
Module: /mnt/sda5/.user/root/src/openwatcom-1.9/rel2/lib386/os2/clib3r.lib(clearenv.c)
0002:00017bf0  clearenv_
Module: /mnt/sda5/.user/root/src/openwatcom-1.9/rel2/lib386/os2/clib3r.lib(rtcntrl.c)
0002:00017c80* _SetLD64bit_
0002:00017c90* _SetLD80bit_
0002:00017ca0  _LDisDouble_
Module: /mnt/sda5/.user/root/src/openwatcom-1.9/rel2/lib386/math387r.lib(ldcvt.c)
0002:00017d8f  _LDScale10x_
0002:00018336  __LDcvt_
Module: /mnt/sda5/.user/root/src/openwatcom-1.9/rel2/lib386/math387r.lib(strtod.c)
0002:00018c97+ __Strtold_
0002:00018dfe  strtod_
Module: /mnt/sda5/.user/root/src/openwatcom-1.9/rel2/lib386/os2/clib3r.lib(nexpand.c)
0002:00018f50  _nexpand_
0002:00018f50* _expand_
0002:00018f90+ __HeapManager_expand_
Module: /mnt/sda5/.user/root/src/openwatcom-1.9/bld/sdk/rc/wres/flat386/mf_r/wres.lib(wridnacm.c)
0002:00019190  WResIDNameCmp_
Module: /mnt/sda5/.user/root/src/openwatcom-1.9/bld/sdk/rc/wres/flat386/mf_r/wres.lib(resseek.c)
0002:000191e0* ResSeek_
0002:00019200  ResPadDWord_
Module: /mnt/sda5/.user/root/src/openwatcom-1.9/bld/sdk/rc/wres/flat386/mf_r/wres.lib(rduint32.c)
0002:00019260  ResReadUint32_
Module: /mnt/sda5/.user/root/src/openwatcom-1.9/bld/sdk/rc/wres/flat386/mf_r/wres.lib(rrnamoor.c)
0002:000192b0  ResReadNameOrOrdinal_
0002:00019398  ResRead32NameOrOrdinal_
Module: /mnt/sda5/.user/root/src/openwatcom-1.9/bld/sdk/rc/wres/flat386/mf_r/wres.lib(rduint16.c)
0002:00019480  ResReadUint16_
Module: /mnt/sda5/.user/root/src/openwatcom-1.9/bld/sdk/rc/wres/flat386/mf_r/wres.lib(wridfrst.c)
0002:000194d0  WResIDFromStr_
Module: /mnt/sda5/.user/root/src/openwatcom-1.9/bld/sdk/rc/wres/flat386/mf_r/wres.lib(wridfrnu.c)
0002:00019540  WResIDFromNum_
Module: /mnt/sda5/.user/root/src/openwatcom-1.9/bld/sdk/rc/wres/flat386/mf_r/wres.lib(wrfirres.c)
0002:000195a0* WResFirstResource_
0002:000195cc  WResSetEmptyWindow_
0002:000195e8  WResMakeWindow_
Module: /mnt/sda5/.user/root/src/openwatcom-1.9/rel2/lib386/os2/clib3r.lib(alphabet.c)
0003:00000004  ___Alphabet
Module: /mnt/sda5/.user/root/src/openwatcom-1.9/rel2/lib386/os2/clib3r.lib(itsto32.c)
0002:00019600  __init_threadstksize_
Module: /mnt/sda5/.user/root/src/openwatcom-1.9/rel2/lib386/math387r.lib(ldclass.c)
0002:0001960b  __LDClass_
0002:0001965b* _FLClass_
Module: /mnt/sda5/.user/root/src/openwatcom-1.9/rel2/lib386/math387r.lib(bufld386)
0002:0001966c  __ZBuf2LD
Module: /mnt/sda5/.user/root/src/openwatcom-1.9/rel2/lib386/math387r.lib(inf_nan.c)
0002:0001970f* ___f_infinity
0002:00019713* ___f_posqnan
0002:00019717  ___d_infinity
0002:0001971f  ___d_posqnan
0002:00019727* ___ld_infinity
0002:0001972f* ___ld_posqnan
Module: /mnt/sda5/.user/root/src/openwatcom-1.9/rel2/lib386/os2/clib3r.lib(hugeval.c)
0002:00019740  __HugeValue
Module: /mnt/sda5/.user/root/src/openwatcom-1.9/bld/sdk/rc/wres/flat386/mf_r/wres.lib(rduint8.c)
0002:00019750  ResReadUint8_
Module: /mnt/sda5/.user/root/src/openwatcom-1.9/bld/sdk/rc/wres/flat386/mf_r/wres.lib(rrdstr.c)
0002:000197a0  ResReadString_
0002:00019810  ResRead32String_
Module: /mnt/sda5/.user/root/src/openwatcom-1.9/bld/sdk/rc/wres/flat386/mf_r/wres.lib(varstr.c)
0002:00019890  VarStringStart_
0002:000198c4  VarStringAddChar_
0002:0001991c  VarStringEnd_


                        +----------------------+
                        |   Imported Symbols   |
                        +----------------------+

Symbol                              Module
======                              ======

DosOpen                             DOSCALLS
DosClose                            DOSCALLS
DosWrite                            DOSCALLS
DosSetFilePtr                       DOSCALLS
DosRead                             DOSCALLS
DosQueryCp                          DOSCALLS
DosQueryPathInfo                    DOSCALLS
DosQuerySysInfo                     DOSCALLS
DosExit                             DOSCALLS
DosDevConfig                        DOSCALLS
DosAllocMem                         DOSCALLS
DosQueryModuleHandle                DOSCALLS
DosQueryProcAddr                    DOSCALLS
DosQueryHType                       DOSCALLS
DosSetRelMaxFH                      DOSCALLS
VIO16WRTTTY                         VIOCALLS
DosQueryDBCSEnv                     NLS
DosFreeMem                          DOSCALLS
KBD16CHARIN                         KBDCALLS
DosResetBuffer                      DOSCALLS
DosFlatToSel                        DOSCALLS
DosSelToFlat                        DOSCALLS


                        +--------------------+
                        |   Libraries Used   |
                        +--------------------+

/mnt/sda5/.user/root/src/openwatcom-1.9/bld/sdk/rc/wres/flat386/mf_r/wres.lib
/mnt/sda5/.user/root/src/openwatcom-1.9/rel2/lib386/math387r.lib
/mnt/sda5/.user/root/src/openwatcom-1.9/rel2/lib386/os2/emu387.lib
/mnt/sda5/.user/root/src/openwatcom-1.9/rel2/lib386/os2/clib3r.lib
/mnt/sda5/.user/root/src/openwatcom-1.9/rel2/lib386/os2/os2386.lib


                        +-----------------------+
                        |   Linker Statistics   |
                        +-----------------------+

Stack size:  00012000 (73728.)
Memory size:  000385e3 (230883.)
Entry point address: 0002:000104f4
Link time: 00:00.00
