Open Watcom Linker Version 1.9
Portions Copyright (c) 1985-2002 Sybase, Inc. All Rights Reserved.
Created on:       12/12/16 02:40:43
Executable Image: hllcv.dll
creating a Windows NT character-mode dynamic link library


                        +------------+
                        |   Groups   |
                        +------------+

Group                           Address              Size
=====                           =======              ====

DGROUP                          0040c000             00000190



                        +--------------+
                        |   Segments   |
                        +--------------+

Segment                Class          Group          Address         Size
=======                =====          =====          =======         ====

_TEXT                  CODE           AUTO           00401000        0000aa80
CONST                  DATA           DGROUP         0040c000        00000025
CONST2                 DATA           DGROUP         0040c028        00000000
_DATA                  DATA           DGROUP         0040c028        000000f8
_BSS                   BSS            DGROUP         0040c120        00000070


                        +----------------+
                        |   Memory Map   |
                        +----------------+

* = unreferenced symbol
+ = symbol only referenced locally

Address        Symbol
=======        ======

Module: dipimp.obj(/mnt/sda5/.user/root/src/openwatcom-1.9/bld/dip/c/dipimp.c)
00401000       DIPLOAD
00401030       DCAlloc_
00401040       DCAllocZ_
00401070*      DCRealloc_
00401080       DCFree_
00401090       DCMapAddr_
004010a0       DCSymCreate_
004010b0       DCItemLocation_
004010c0       DCAssignLocation_
004010d0*      DCSameAddrSpace_
00401100*      DCAddrSection_
00401110*      DCOpen_
00401120       DCSeek_
00401130       DCRead_
00401140       DCReadAt_
004011a0       DCWrite_
004011b0       DCClose_
004011c0*      DCRemove_
004011d0       DCStatus_
004011e0*      DCCurrMAD_
00401200*      DCMachineData_
00401250+      DIPImpOldTypeBase_
0040c028+      _ImpInterface
0040c120       _NilAddr
0040c128+      _Client
Module: hllmisc.obj(/mnt/sda5/.user/root/src/openwatcom-1.9/bld/dip/hllcv/c/hllmisc.c)
00401268       _DIPImpName
004012a0       DIPImpQueryHandleSize_
004012b0       DIPImpMoreMem_
004012c0       DIPImpStartup_
004012d0       DIPImpCancel_
004012d0       DIPImpShutdown_
004012e0       hllNameCopy_
00401320       hllFindDirEntry_
004013f0       hllWalkDirList_
00401500       hllGetNumLeaf_
004015c0       hllDoIndirection_
00401680       hllConfused_
Module: hllld.obj(/mnt/sda5/.user/root/src/openwatcom-1.9/bld/dip/hllcv/c/hllld.c)
004022b0       DIPImpLoadInfo_
004023a0       DIPImpMapInfo_
004023d0       hllIsSegExecutable_
004023f0       hllMapLogical_
00402440       DIPImpUnloadInfo_
0040c12c*      __nullarea
0040c130       _ImageList
Module: hllmod.obj(/mnt/sda5/.user/root/src/openwatcom-1.9/bld/dip/hllcv/c/hllmod.c)
004024a0       DIPImpWalkModList_
00402570       DIPImpModName_
00402610+      GetCompInfo_
00402690       DIPImpModSrcLang_
004026f0       DIPImpModInfo_
00402820+      hllAddrMod_
004028d0       DIPImpAddrMod_
00402900       DIPImpModAddr_
00402a10       DIPImpModDefault_
00402a70       hllGetModStyle_
Module: hlltype.obj(/mnt/sda5/.user/root/src/openwatcom-1.9/bld/dip/hllcv/c/hlltype.c)
00402d40       hllTypeIndexFillIn_
00402d60       DIPImpTypeFreeAll_
00402d60       DIPImpTypeRelease_
00402d60       DIPImpTypeAddRef_
00402d60       DIPImpTypeMod_
00402e00*      hllTypeCallInfo_
00402e90*      hllTypeMemberFuncInfo_
00402f40       hllTypeSymGetName_
00403b90*      hllTypeSymGetAddr_
00403db0       hllTypeSymGetType_
00403e80*      hllTypeSymGetValue_
00403f40       hllTypeSymGetInfo_
00404210*      hllTypeSymWalkList_
004042e0*      hllTypeSearchTagName_
00404650*      hllTypeSearchNestedSym_
00404710       DIPImpWalkTypeList_
004047f0+      hllTypeInfo_
004047f0       DIPImpTypeInfo_
00404b10+      hllTypeBase_
00404cf0       DIPImpTypeBase_
00405180       DIPImpTypeArrayInfo_
00405190       DIPImpTypeProcInfo_
00405270       DIPImpTypePtrAddrSpace_
00405350       DIPImpTypeThunkAdjust_
004054f0       DIPImpTypeCmp_
00405510       DIPImpTypeName_
Module: hllsym.obj(/mnt/sda5/.user/root/src/openwatcom-1.9/bld/dip/hllcv/c/hllsym.c)
004055d0*      hllSymFillIn_
00405610*      cv3SymFillIn_
004058e0       DIPImpSymFreeAll_
004058e0       DIPImpSymRelease_
004058e0       DIPImpSymAddRef_
004058e0       DIPImpSymObjLocation_
004058f0       hllSymLocation_
004058f0       DIPImpSymLocation_
00405fc0       hllSymFindMatchingSym_
00406190+      hllWalkSymList_
00406200       DIPImpWalkSymList_
00406220       DIPImpWalkSymListEx_
00406240       DIPImpSymMod_
00406350       DIPImpSymName_
00406370*      hllSymType_
00406370       DIPImpSymType_
00406400*      hllSymValue_
00406400       DIPImpSymValue_
00406410       DIPImpSymObjType_
00406530       DIPImpSymInfo_
00406670       DIPImpSymParmLocation_
00406680       DIPImpAddrScope_
00406680       DIPImpAddrSym_
00406690       DIPImpLookupSymEx_
00406690*      DoImpLookupSym_
004066a0       DIPImpLookupSym_
004066b0       DIPImpScopeOuter_
004066c0       DIPImpSymCmp_
Module: hllcue.obj(/mnt/sda5/.user/root/src/openwatcom-1.9/bld/dip/hllcv/c/hllcue.c)
004069c0       DIPImpWalkFileList_
00407110       DIPImpCueMod_
00407120       DIPImpCueFile_
00407180       DIPImpCueFileId_
004071a0       DIPImpCueLine_
00407200       DIPImpCueColumn_
00407220       DIPImpCueAddr_
004072e0       DIPImpCueAdjust_
00407580       DIPImpLineCue_
004077b0       DIPImpAddrCue_
00407830       DIPImpCueCmp_
Module: hllvirt.obj(/mnt/sda5/.user/root/src/openwatcom-1.9/bld/dip/hllcv/c/hllvirt.c)
00407880       VMInit_
004078c0       VMFini_
00407940       VMAddDtor_
00407a90       VMBlock_
00407e10       VMGetU8_
00407e30*      VMGetU16_
00407e50*      VMGetU32_
00407e70       VMRecord_
00407ef0       VMSsBlock_
00407f10       VMSsGetU8_
00407f40       VMSsGetU16_
00407f70*      VMSsGetU32_
00407fa0       VMSsRecord_
00408040       VMShrink_
Module: hllloc.obj(/mnt/sda5/.user/root/src/openwatcom-1.9/bld/dip/hllcv/c/hllloc.c)
004082e0       hllLocationCreate_
00408310       hllLocationAdd_
00408400       hllLocationTrunc_
00408450+      hllLocationManyReg_
00408670       hllLocationOneReg_
Module: demangle.obj(/mnt/sda5/.user/root/src/openwatcom-1.9/bld/lib_misc/c/demangle.c)
0040aa70*      __demangle_t_
0040aad0       __demangle_l_
0040ab40*      __demangle_r_
0040abd0*      __scope_name_
0040ac70       __is_mangled_
0040ad50*      __is_mangled_internal_
0040ad90*      __unmangled_name_
0040ae00*      __demangled_basename_
0040ae70*      __parse_mangled_name_
0040aed0*      __mangle_operator_
Module: /mnt/sda5/.user/root/src/openwatcom-1.9/rel2/lib386/nt/clib3r.lib(memset.c)
0040b010       memset_
Module: /mnt/sda5/.user/root/src/openwatcom-1.9/rel2/lib386/nt/clib3r.lib(memcmp.c)
0040b030       memcmp_
Module: /mnt/sda5/.user/root/src/openwatcom-1.9/rel2/lib386/nt/clib3r.lib(memicmp.c)
0040b050       memicmp_
Module: /mnt/sda5/.user/root/src/openwatcom-1.9/rel2/lib386/nt/clib3r.lib(qsort.c)
0040b0e0       qsort_
Module: /mnt/sda5/.user/root/src/openwatcom-1.9/rel2/lib386/nt/clib3r.lib(memmove.c)
0040b790       memmove_
Module: /mnt/sda5/.user/root/src/openwatcom-1.9/rel2/lib386/nt/clib3r.lib(itoa.c)
0040b7f0+      utoa_
0040b840       itoa_
Module: /mnt/sda5/.user/root/src/openwatcom-1.9/rel2/lib386/nt/clib3r.lib(toupper.c)
0040b870       toupper_
Module: /mnt/sda5/.user/root/src/openwatcom-1.9/rel2/lib386/nt/clib3r.lib(istable.c)
0040b880       __IsTable
Module: /mnt/sda5/.user/root/src/openwatcom-1.9/rel2/lib386/nt/clib3r.lib(tolower.c)
0040b990       tolower_
Module: /mnt/sda5/.user/root/src/openwatcom-1.9/rel2/lib386/nt/clib3r.lib(strncmp.c)
0040b9a0       strncmp_
Module: /mnt/sda5/.user/root/src/openwatcom-1.9/rel2/lib386/nt/clib3r.lib(__stos)
0040b9d0       __STOSB
0040ba07*      __STOSD
Module: /mnt/sda5/.user/root/src/openwatcom-1.9/rel2/lib386/nt/clib3r.lib(alphabet.c)
0040c000       ___Alphabet


                        +----------------------+
                        |   Imported Symbols   |
                        +----------------------+

Symbol                              Module
======                              ======



                        +--------------------+
                        |   Libraries Used   |
                        +--------------------+

/mnt/sda5/.user/root/src/openwatcom-1.9/rel2/lib386/nt/clib3r.lib


                        +-----------------------+
                        |   Linker Statistics   |
                        +-----------------------+

Stack size:  0000 (0.)
Memory size:  ac10 (44048.)
Entry point address: 00000000
Link time: 00:00.00
