Open Watcom Linker Version 1.9
Portions Copyright (c) 1985-2002 Sybase, Inc. All Rights Reserved.
Created on:       12/12/16 02:39:43
Executable Image: rsi.trp
creating a DOS executable


                        +------------+
                        |   Groups   |
                        +------------+

Group                           Address              Size
=====                           =======              ====

dgroup                          0000:0000            00004f86



                        +--------------+
                        |   Segments   |
                        +--------------+

Segment                Class          Group          Address         Size
=======                =====          =====          =======         ====

_TEXT                  CODE           dgroup         0000:0000       000026ef
_DATA                  DATA           dgroup         026f:0000       0000009c
CONST                  DATA           dgroup         0278:000c       0000035e
CONST2                 DATA           dgroup         02ae:000a       000000a4
_BSS                   BSS            dgroup         02b9:0000       000013f6
STACK                  STACK          dgroup         03f8:0006       00001000


                        +----------------+
                        |   Memory Map   |
                        +----------------+

* = unreferenced symbol
+ = symbol only referenced locally

Address        Symbol
=======        ======

Module: dosstrt.obj(TRAPSTRT)
0000:0000      _small_code_
Module: mxutil.obj(/mnt/sda5/.user/root/src/openwatcom-1.9/bld/trap/common/mxutil.c)
0000:0040      GetInPtr_
0000:006c      GetOutPtr_
0000:0098      GetTotalSize_
0000:2b90      _In_Mx_Ptr
0000:2b94      _Out_Mx_Ptr
0000:2b98      _Out_Mx_Num
0000:2b99      _In_Mx_Num
Module: dossplit.obj(/mnt/sda5/.user/root/src/openwatcom-1.9/bld/trap/lcl/dos/c/dossplit.c)
0000:00d0      ReqSplit_cmd_
Module: dosenv.obj(/mnt/sda5/.user/root/src/openwatcom-1.9/bld/trap/lcl/dos/c/dosenv.c)
0000:0160      DOSEnvFind_
Module: dosrfx.obj(/mnt/sda5/.user/root/src/openwatcom-1.9/bld/trap/lcl/dos/c/dosrfx.c)
0000:01c0      ReqRfx_rename_
0000:0222      ReqRfx_mkdir_
0000:0254      ReqRfx_rmdir_
0000:0286      ReqRfx_setdrive_
0000:02b8      ReqRfx_getdrive_
0000:02d0      ReqRfx_setcwd_
0000:0302      ReqRfx_getcwd_
0000:037c      ReqRfx_setfileattr_
0000:03d4      ReqRfx_getfileattr_
0000:0404      ReqRfx_getfreespace_
0000:05e6      ReqRfx_setdatetime_
0000:0728      ReqRfx_getdatetime_
0000:0762      ReqRfx_findfirst_
0000:07be      ReqRfx_findnext_
0000:0836      ReqRfx_findclose_
0000:083a      ReqRfx_nametocannonical_
Module: dosfile.obj(/mnt/sda5/.user/root/src/openwatcom-1.9/bld/trap/lcl/dos/c/dosfile.c)
0000:09c0      ReqFile_get_config_
0000:09e2      ReqFile_open_
0000:0a80      ReqFile_seek_
0000:0afc      ReqFile_read_
0000:0b6a      ReqFile_write_
0000:0bd6      ReqFile_write_console_
0000:0c2e      ReqFile_close_
0000:0c66      ReqFile_erase_
0000:0d18      FindFilePath_
0000:0e42      ReqFile_string_to_fullpath_
0000:0eda      ReqFile_run_cmd_
Module: doschk.obj(/mnt/sda5/.user/root/src/openwatcom-1.9/bld/trap/lcl/dos/c/doschk.c)
0000:0f50      CheckPointMem_
0000:11ca      CheckPointRestore_
Module: dosflip.obj(/mnt/sda5/.user/root/src/openwatcom-1.9/bld/trap/lcl/dos/c/dosflip.c)
0000:1270      ReqRead_user_keyboard_
0000:12fc      ReqSet_debug_screen_
0000:12fc      ReqSet_user_screen_
Module: fork.obj(FORK)
0000:1308      Fork_
Module: supp.obj(/mnt/sda5/.user/root/src/openwatcom-1.9/bld/trap/lcl/c/supp.c)
0000:1420      ReqGet_supplementary_service_
0000:14ce      ReqPerform_supplementary_service_
Module: core.obj(/mnt/sda5/.user/root/src/openwatcom-1.9/bld/trap/lcl/c/core.c)
0000:1500+     ReqConnect_
0000:1536+     ReqDisconnect_
0000:153a+     ReqResume_
0000:153a+     ReqSuspend_
0000:153e      TrapRequest_
Module: dosxlink.obj(/mnt/sda5/.user/root/src/openwatcom-1.9/bld/trap/lcl/dos/dosx/c/dosxlink.c)
0000:1590      RemoteGet_
0000:15c6      RemotePut_
0000:161e      BackFromProtMode_
0000:18f6      RemoteLink_
0000:1afe      RemoteUnLink_
0000:1b36      RemoteConnect_
0000:1b38      RemoteDisco_
0000:2bef      _BackFromFork
Module: dosxremo.obj(/mnt/sda5/.user/root/src/openwatcom-1.9/bld/trap/lcl/dos/dosx/c/dosxremo.c)
0000:1b40      ReqWrite_cpu_
0000:1b40      ReqWrite_fpu_
0000:1b40      ReqWrite_regs_
0000:1b40      ReqSet_watch_
0000:1b40      ReqClear_watch_
0000:1b40      ReqSet_break_
0000:1b40      ReqClear_break_
0000:1b40      ReqGet_message_text_
0000:1b40      ReqRedirect_stdin_
0000:1b40      ReqRedirect_stdout_
0000:1c1a      ReqGet_sys_config_
0000:1c56      ReqGet_err_text_
0000:1d60      ReqMap_addr_
0000:1db6      ReqRead_mem_
0000:1db6      ReqRead_io_
0000:1dc8      ReqWrite_io_
0000:1dee      ReqRead_cpu_
0000:1e26      ReqRead_fpu_
0000:1e5e      ReqRead_regs_
0000:1e96      ReqChecksum_mem_
0000:1ec2      ReqGet_next_alias_
0000:1eee      ReqProg_go_
0000:1eee      ReqProg_step_
0000:1f34      ReqAddr_info_
0000:1f5a      ReqMachine_data_
0000:1faa      ReqGet_lib_name_
0000:1fe4      ReqWrite_mem_
0000:200c      GetExeExtensions_
0000:2014      ReqProg_load_
0000:223e      ReqProg_kill_
0000:2284      TrapInit_
0000:237e      TrapFini_
0000:2b84+     _DOSEMUString
Module: dosxfork.obj(fork)
0000:2386      GetPSP_
0000:2391      SetPSP_
0000:239c      SaveVectors_
0000:23b6      RestoreVectors_
0000:23d2      DbgPSP_
0000:23d7      InitPSP_
0000:23df      _fork_
Module: dosxjump.obj(SETJMP)
0000:2452      _setjmp_
0000:2481      longjmp_
Module: packet.obj(/mnt/sda5/.user/root/src/openwatcom-1.9/bld/trap/common/packet.c)
0000:24b0      StartPacket_
0000:24bc      PutPacket_
0000:24de*     PutBuffPacket_
0000:24fa      AddPacket_
0000:2544      GetPacket_
0000:255e      RemovePacket_
0000:25aa*     GetPacketBuffPtr_
0000:25ba      MaxPacketSize_
Module: /mnt/sda5/.user/root/src/openwatcom-1.9/rel2/lib286/dos/clibc.lib(i4d)
0000:25be*     __I4D
0000:2607      __U4D
Module: /mnt/sda5/.user/root/src/openwatcom-1.9/rel2/lib286/dos/clibc.lib(i4m)
0000:268c      __I4M
0000:268c*     __U4M
Module: /mnt/sda5/.user/root/src/openwatcom-1.9/rel2/lib286/dos/clibc.lib(toupper.c)
0000:26a4      toupper_
Module: /mnt/sda5/.user/root/src/openwatcom-1.9/rel2/lib286/dos/clibc.lib(stricmp.c)
0000:26b2      stricmp_


                        +--------------------+
                        |   Libraries Used   |
                        +--------------------+

/mnt/sda5/.user/root/src/openwatcom-1.9/rel2/lib286/dos/clibc.lib


                        +-----------------------+
                        |   Linker Statistics   |
                        +-----------------------+

Stack size:  1000 (4096.)
Memory size:  4f86 (20358.)
Entry point address: 0000:002d
Link time: 00:00.00
