Open Watcom Linker Version 1.9
Portions Copyright (c) 1985-2002 Sybase, Inc. All Rights Reserved.
Created on:       12/12/16 02:22:40
Executable Image: plbr19.dll
creating an OS/2 32-bit dynamic link library


                        +------------+
                        |   Groups   |
                        +------------+

Group                           Address              Size
=====                           =======              ====

DGROUP                          0002:00000000        00005c40



                        +--------------+
                        |   Segments   |
                        +--------------+

Segment                Class          Group          Address         Size
=======                =====          =====          =======         ====

BEGTEXT                CODE           AUTO           0001:00000000   00000007
_TEXT                  CODE           AUTO           0001:00000010   00013c00
_NULL                  BEGDATA        DGROUP         0002:00000000   00000004
_AFTERNULL             BEGDATA        DGROUP         0002:00000004   00000000
CONST                  DATA           DGROUP         0002:00000004   00000424
CONST2                 DATA           DGROUP         0002:00000430   00003748
_DATA                  DATA           DGROUP         0002:00003b80   000015d4
XIB                    DATA           DGROUP         0002:00005154   00000000
XI                     DATA           DGROUP         0002:00005154   00000054
XIE                    DATA           DGROUP         0002:000051a8   00000000
YIB                    DATA           DGROUP         0002:000051a8   00000000
YI                     DATA           DGROUP         0002:000051a8   0000000c
YIE                    DATA           DGROUP         0002:000051b4   00000000
TIB                    DATA           DGROUP         0002:000051b4   00000000
TI                     DATA           DGROUP         0002:000051b4   00000000
TIE                    DATA           DGROUP         0002:000051b4   00000000
DATA                   DATA           DGROUP         0002:000051b4   00000000
_BSS                   BSS            DGROUP         0002:000051c0   00000a78
STACK                  STACK          DGROUP         0002:00005c40   00000000


                        +----------------+
                        |   Memory Map   |
                        +----------------+

* = unreferenced symbol
+ = symbol only referenced locally

Address        Symbol
=======        ======

Module: /mnt/sda5/.user/root/src/openwatcom-1.9/bld/clib/startup/library/os2.386/mf_r/clibdo32.obj(/mnt/sda5/.user/root/src/openwatcom-1.9/bld/clib/startup/c/clibdo32.c)
0001:00000010  __dll_terminate_
0001:00000010  __dll_initialize_
Module: ../../../clib/os2.386/mf_r/clbrdll.lib(dstrt386)
0001:00000016  __DLLstart_
0001:00000016* __DLLstartw_
Module: /mnt/sda5/.user/root/src/openwatcom-1.9/bld/plusplus/cpplib/os2.386/mf_rmt.dll/plbxmt3r.lib(FSHAND)
0001:00000072  __wcpp_4_fs_handler_
Module: /mnt/sda5/.user/root/src/openwatcom-1.9/bld/plusplus/cpplib/os2.386/mf_rmt.dll/plbxmt3r.lib(opdel.cpp)
0001:0000008c  W?_set_op_delete$n(pn(pnv)v)pn(pnv)v
0001:000000b8  W?$dln(pnv)v
Module: /mnt/sda5/.user/root/src/openwatcom-1.9/bld/plusplus/cpplib/os2.386/mf_rmt.dll/plbxmt3r.lib(opdelarr.cpp)
0001:000000c8  W?_set_op_delete_array$n(pn(pnv)v)pn(pnv)v
0001:000000f4  W?$dan(pnv)v
Module: /mnt/sda5/.user/root/src/openwatcom-1.9/bld/plusplus/cpplib/os2.386/mf_rmt.dll/plbxmt3r.lib(opnew.cpp)
0001:00000154  W?_set_op_new$n(pn(ui)pnv)pn(ui)pnv
0001:00000180  W?$nwn(ui)pnv
Module: /mnt/sda5/.user/root/src/openwatcom-1.9/bld/plusplus/cpplib/os2.386/mf_rmt.dll/plbxmt3r.lib(opnewarr.cpp)
0001:00000198  W?_set_op_new_array$n(pn(ui)pnv)pn(ui)pnv
0001:000001c4  W?$nan(ui)pnv
Module: /mnt/sda5/.user/root/src/openwatcom-1.9/bld/plusplus/cpplib/os2.386/mf_rmt.dll/plbxmt3r.lib(opnewp.cpp)
0001:000001d0  W?$nwn(uipnv)pnv
Module: /mnt/sda5/.user/root/src/openwatcom-1.9/bld/plusplus/cpplib/os2.386/mf_rmt.dll/plbxmt3r.lib(opnewpar.cpp)
0001:000001e0  W?$nan(uipnv)pnv
Module: /mnt/sda5/.user/root/src/openwatcom-1.9/bld/plusplus/cpplib/os2.386/mf_rmt.dll/plbxmt3r.lib(arrassgn.cpp)
0001:000001f0  __wcpp_4_assign_array__
Module: /mnt/sda5/.user/root/src/openwatcom-1.9/bld/plusplus/cpplib/os2.386/mf_rmt.dll/plbxmt3r.lib(cppdata.cpp)
0002:000051c0  __wint_thread_data_offset
0002:000051c4  __compiled_under_OS2
Module: /mnt/sda5/.user/root/src/openwatcom-1.9/bld/plusplus/cpplib/os2.386/mf_rmt.dll/plbxmt3r.lib(ctorarst.cpp)
0001:00000550+ W?$ct:_RTDTOR$n()_
0001:00000220+ W?$dt:_CTAS$n()_
0001:00000560+ W?$ct:_CTAS$n()_
0001:000003c4  __wcpp_4_ctor_array_storage_1m__
0001:00000410  __wcpp_4_ctor_array_storage_1s__
0001:0000045c  __wcpp_4_ctor_array_storage_2s__
0001:000004a8  __wcpp_4_ctor_array_storage_gm__
0001:000004fc  __wcpp_4_ctor_array_storage_gs__
0002:00000460+ W?$Wts09n$_CTAS$$$nx[]uc
0002:00003b90+ W?$Wti08$_CTAS$$$n[]uc
Module: /mnt/sda5/.user/root/src/openwatcom-1.9/bld/plusplus/cpplib/os2.386/mf_rmt.dll/plbxmt3r.lib(dtorarst.cpp)
0001:00000570  __wcpp_4_dtor_array_store__
Module: /mnt/sda5/.user/root/src/openwatcom-1.9/bld/plusplus/cpplib/os2.386/mf_rmt.dll/plbxmt3r.lib(fsregist.cpp)
0001:000005a0+ W?findHandler$n(pnuc)pnuc
0001:000005b8+ __wcpp_4_dispatch_dummy__
0001:000005dc  __wcpp_4_fs_lookup__
0001:000006c4  __wcpp_4_fs_handler_rtn_
Module: /mnt/sda5/.user/root/src/openwatcom-1.9/bld/plusplus/cpplib/os2.386/mf_rmt.dll/plbxmt3r.lib(stabfunc.cpp)
0001:000007b0  __wcpp_4_fun_register__
Module: /mnt/sda5/.user/root/src/openwatcom-1.9/bld/plusplus/cpplib/os2.386/mf_rmt.dll/plbxmt3r.lib(stabreg.cpp)
0001:000007c0  __wcpp_4_base_register__
0001:000007ec  __wcpp_4_base_deregister__
Module: /mnt/sda5/.user/root/src/openwatcom-1.9/bld/plusplus/cpplib/os2.386/mf_rmt.dll/plbxmt3r.lib(lock.cpp)
0001:00000800  W?$ct:__lock$n()_
0001:00000818  W?$dt:__lock$n()_
0001:00000844  W?p$:__lock$n()v
0001:0000084c  W?v$:__lock$n()v
0001:00000854  W?$ct:__fn_lock$n(pn$__lock$$)_
0001:00000864  W?$dt:__fn_lock$n()_
0002:000051a8* W?__wcpp_4_data_fini_sisema_$jl02YI$rt_init$$
Module: /mnt/sda5/.user/root/src/openwatcom-1.9/bld/plusplus/cpplib/os2.386/mf_rmt.dll/plbxmt3r.lib(pure_err.cpp)
0001:00000890  __wcpp_4_pure_error__
Module: /mnt/sda5/.user/root/src/openwatcom-1.9/bld/plusplus/cpplib/os2.386/mf_rmt.dll/plbxmt3r.lib(rttiptr.cpp)
0001:000008c0  __wcpp_4_dcptr__
Module: /mnt/sda5/.user/root/src/openwatcom-1.9/bld/plusplus/cpplib/os2.386/mf_rmt.dll/plbxmt3r.lib(rttivoid.cpp)
0001:000008f0  __wcpp_4_dcvoid__
Module: /mnt/sda5/.user/root/src/openwatcom-1.9/bld/plusplus/cpplib/os2.386/mf_rmt.dll/plbxmt3r.lib(rttiref.cpp)
0001:000009d0  W?$ct:exception$:std$n()_
0001:00000a20  W?$ct:exception$:std$n(rnx$0:1$)_
0001:00000a70  W?$ct:exception$:std$n(pnxa)_
0001:00000ac0  W?$dt:exception$:std$n()_
0001:00000b50  W?what$:exception$:std$n.x()pnxa
0001:00000b90  W?$ct:bad_cast$:std$n()_
0002:00000510  W?$Wvf0Io4:exception$:std$$nx[]pn()v
0002:00000520+ W?$Wvf0Ho4:bad_cast$:std$$nx[]pn()v
0002:00000530  W?$Wcm012$nx[]uc
0002:00000540+ W?$Wth0Jnrn$bad_cast$:std$$$nx[]uc
0002:00000560  W?$Wts0In$exception$:std$$$nx[]uc
0002:00000580+ W?$Wts0Hn$bad_cast$:std$$$nx[]uc
0002:000005a0+ W?$Wva0Ho0:bad_cast$:std$$nx[]uc
0002:00003b9d+ W?$Wti0G$bad_cast$:std$$$n[]uc
0001:00000bf0  W?$ct:bad_cast$:std$n(rnx$0:1$)_
0001:00000c00  W?$dt:bad_cast$:std$n()_
0001:00000ca0+ W?.tcctor$:bad_cast$:std$n(rnx$1:2$)rn$1:2$
0001:00000cb0+ W?.tdtor$:bad_cast$:std$n()pnv
0001:00000cc0  W?.tdtor$:exception$:std$n()pnv
0001:0000098c  __wcpp_4_dcref__
0002:000005c0  W?$Wva0Io0:exception$:std$$nx[]uc
0002:00003bb2  W?$Wti0H$exception$:std$$$n[]uc
Module: /mnt/sda5/.user/root/src/openwatcom-1.9/bld/plusplus/cpplib/os2.386/mf_rmt.dll/plbxmt3r.lib(rttitid.cpp)
0001:00000d90  W?$ct:bad_typeid$:std$n()_
0002:00000660+ W?$Wvf0Jo4:bad_typeid$:std$$nx[]pn()v
0002:00000670+ W?$Wth0Lnrn$bad_typeid$:std$$$nx[]uc
0002:00000690+ W?$Wts0Jn$bad_typeid$:std$$$nx[]uc
0002:000006b0+ W?$Wva0Jo0:bad_typeid$:std$$nx[]uc
0002:00003bc8+ W?$Wti0I$bad_typeid$:std$$$n[]uc
0001:00000df0  W?$ct:bad_typeid$:std$n(rnx$0:1$)_
0001:00000e00  W?$dt:bad_typeid$:std$n()_
0001:00000ea0+ W?.tcctor$:bad_typeid$:std$n(rnx$1:2$)rn$1:2$
0001:00000eb0+ W?.tdtor$:bad_typeid$:std$n()pnv
0001:00000d3c  __wcpp_4_gettid__
Module: /mnt/sda5/.user/root/src/openwatcom-1.9/bld/plusplus/cpplib/os2.386/mf_rmt.dll/plbxmt3r.lib(setnwhdl.cpp)
0001:00000ec0  W?set_new_handler$n(pn()v)pn()v
Module: /mnt/sda5/.user/root/src/openwatcom-1.9/bld/plusplus/cpplib/os2.386/mf_rmt.dll/plbxmt3r.lib(_stnwhdl.cpp)
0001:00000ee0  W?_set_new_handler$n(pn(ui)i)pn(ui)i
Module: /mnt/sda5/.user/root/src/openwatcom-1.9/bld/plusplus/cpplib/os2.386/mf_rmt.dll/plbxmt3r.lib(settrmnt.cpp)
0001:00000f00  W?set_terminate$:std$n(pn()v)pn()v
Module: /mnt/sda5/.user/root/src/openwatcom-1.9/bld/plusplus/cpplib/os2.386/mf_rmt.dll/plbxmt3r.lib(setunexp.cpp)
0001:00000f20  W?set_unexpected$:std$n(pn()v)pn()v
Module: /mnt/sda5/.user/root/src/openwatcom-1.9/bld/plusplus/cpplib/os2.386/mf_rmt.dll/plbxmt3r.lib(sisema.cpp)
0001:00000f40  __wcpp_4_static_init__
Module: /mnt/sda5/.user/root/src/openwatcom-1.9/bld/plusplus/cpplib/os2.386/mf_rmt.dll/plbxmt3r.lib(stabacp.cpp)
0001:00000f80  __wcpp_4_copy_array__
0002:000006e0  W?$Wts0Dn$_RTARCTOR$$$nx[]uc
0002:00003bdf  W?$Wti0C$_RTARCTOR$$$n[]uc
Module: /mnt/sda5/.user/root/src/openwatcom-1.9/bld/plusplus/cpplib/os2.386/mf_rmt.dll/plbxmt3r.lib(stabacpv.cpp)
0001:00001020  __wcpp_4_copy_varray__
Module: /mnt/sda5/.user/root/src/openwatcom-1.9/bld/plusplus/cpplib/os2.386/mf_rmt.dll/plbxmt3r.lib(stabact.cpp)
0001:000010d0  __wcpp_4_ctor_array__
Module: /mnt/sda5/.user/root/src/openwatcom-1.9/bld/plusplus/cpplib/os2.386/mf_rmt.dll/plbxmt3r.lib(stabactv.cpp)
0001:00001170  __wcpp_4_ctor_varray__
Module: /mnt/sda5/.user/root/src/openwatcom-1.9/bld/plusplus/cpplib/os2.386/mf_rmt.dll/plbxmt3r.lib(stabadt.cpp)
0001:00001210+ W?dtor_the_array$n(pn$_RTARCTOR$$)pnv
0001:00001254  W?$dt:_RTARCTOR$n()_
0001:0000126c  __wcpp_4_dtor_array__
Module: /mnt/sda5/.user/root/src/openwatcom-1.9/bld/plusplus/cpplib/os2.386/mf_rmt.dll/plbxmt3r.lib(stabdtor.cpp)
0001:00001580  __wcpp_4_destruct_internal__
0001:000015a0  __wcpp_4_destruct_all__
0001:000015a4  __wcpp_4_destruct__
Module: /mnt/sda5/.user/root/src/openwatcom-1.9/bld/plusplus/cpplib/os2.386/mf_rmt.dll/plbxmt3r.lib(stabthrw.cpp)
0001:00001db0  W?$ct:bad_exception$:std$n()_
0001:00001e10  W?$ct:bad_exception$:std$n(rnx$0:1$)_
0001:00001e60  W?$dt:bad_exception$:std$n()_
0002:00000830+ W?$Wvf0Mo4:bad_exception$:std$$nx[]pn()v
0002:00000840  W?$Wcm013$nx[]uc
0002:00000850+ W?$Wth0Onrn$bad_exception$:std$$$nx[]uc
0002:00000870+ W?$Wts0Mn$bad_exception$:std$$$nx[]uc
0002:00000890+ W?$Wts0Hn$_EXC_PR_FNEXC$$$nx[]uc
0002:000008b0+ W?$Wts0Gn$_EXC_PR_DTOR$$$nx[]uc
0002:000008d0  W?$Wts0Gn$_EXC_PR_FREE$$$nx[]uc
0002:000008f0  W?$Wts0Bn$_EXC_PR$$$nx[]uc
0002:00000910+ W?$Wva0Mo0:bad_exception$:std$$nx[]uc
0002:00003bf0  W?$Wti0A$_EXC_PR$$$n[]uc
0002:00003bff  W?$Wti0F$_EXC_PR_FREE$$$n[]uc
0002:00003c13+ W?$Wti0F$_EXC_PR_DTOR$$$n[]uc
0002:00003c27+ W?$Wti0G$_EXC_PR_FNEXC$$$n[]uc
0002:00003c3c+ W?$Wti0L$bad_exception$:std$$$n[]uc
0001:00001f10+ W?.tcctor$:bad_exception$:std$n(rnx$1:2$)rn$1:2$
0001:00001f20+ W?.tdtor$:bad_exception$:std$n()pnv
0001:00001c68  __wcpp_4_rethrow__
0001:00001cac  __wcpp_4_catch_done__
0001:00001d14  __wcpp_4_throw__
0001:00001d5c  __wcpp_4_throw_zero__
Module: /mnt/sda5/.user/root/src/openwatcom-1.9/bld/plusplus/cpplib/os2.386/mf_rmt.dll/plbxmt3r.lib(termnate.cpp)
0001:00001f30  W?terminate$:std$n()v
Module: /mnt/sda5/.user/root/src/openwatcom-1.9/bld/plusplus/cpplib/os2.386/mf_rmt.dll/plbxmt3r.lib(ti_bfor.cpp)
0001:00001f70  W?before$:type_info$:std$n.x(rnx$1:2$)q
Module: /mnt/sda5/.user/root/src/openwatcom-1.9/bld/plusplus/cpplib/os2.386/mf_rmt.dll/plbxmt3r.lib(ti_dtor.cpp)
0001:00001f90  W?$dt:type_info$:std$n()_
Module: /mnt/sda5/.user/root/src/openwatcom-1.9/bld/plusplus/cpplib/os2.386/mf_rmt.dll/plbxmt3r.lib(ti_name.cpp)
0002:00000950  W?$Wts0An$__lock$$$nx[]uc
0002:00000970+ W?$Wts0Dn$__fn_lock$$$nx[]uc
0002:00003c76+ W?$Wti0Z$__INITFINI$:$Wun0E2b_mf4cnm8ncci$$$n[]uc
0002:00003c9e+ W?$Wti0C$__fn_lock$$$n[]uc
0001:00002090+ W?.tdtor$:__fn_lock$n()pnv
0001:000020a0  W?.tdtor$:__lock$n()pnv
0001:00002004  W?name$:type_info$:std$n.x()pnxa
0002:00000990+ W?$Wts0an$__INITFINI$:$Wun0E2b_mf4cnm8ncci$$$nx[]uc
0002:00003caf  W?$Wti09$__lock$$$n[]uc
0002:000051e4+ W?__type_info_name_free$n$__INITFINI$:$Wun0E2b_mf4cnm8ncci$$
Module: /mnt/sda5/.user/root/src/openwatcom-1.9/bld/plusplus/cpplib/os2.386/mf_rmt.dll/plbxmt3r.lib(ti_raw.cpp)
0001:000020b0  W?raw_name$:type_info$:std$n.x()pnxa
Module: /mnt/sda5/.user/root/src/openwatcom-1.9/bld/plusplus/cpplib/os2.386/mf_rmt.dll/plbxmt3r.lib(ti_opeq.cpp)
0001:000020c0  W?$ra:type_info$:std$n.x(rnx$0:1$)q
Module: /mnt/sda5/.user/root/src/openwatcom-1.9/bld/plusplus/cpplib/os2.386/mf_rmt.dll/plbxmt3r.lib(ti_opne.cpp)
0001:000020e0  W?$rb:type_info$:std$n.x(rnx$0:1$)q
Module: /mnt/sda5/.user/root/src/openwatcom-1.9/bld/plusplus/cpplib/os2.386/mf_rmt.dll/plbxmt3r.lib(undefed.cpp)
0001:00002100  __wcpp_4_undefed_cdtor__
Module: /mnt/sda5/.user/root/src/openwatcom-1.9/bld/plusplus/cpplib/os2.386/mf_rmt.dll/plbxmt3r.lib(undefmbr.cpp)
0001:00002120  __wcpp_4_undefined_member_function__
Module: /mnt/sda5/.user/root/src/openwatcom-1.9/bld/plusplus/cpplib/os2.386/mf_rmt.dll/plbxmt3r.lib(unexpect.cpp)
0001:00002140  W?unexpected$:std$n()v
Module: /mnt/sda5/.user/root/src/openwatcom-1.9/bld/plusplus/cpplib/os2.386/mf_rmt.dll/plbxmt3r.lib(vfun_err.cpp)
0001:000021e0  __wcpp_4_undef_vfun__
Module: /mnt/sda5/.user/root/src/openwatcom-1.9/bld/plusplus/cpplib/os2.386/mf_rmt.dll/plbxmt3r.lib(flfattac.cpp)
0001:000022c0  W?.tdtor$:__get_lock$n()pnv
0001:00002210  W?attach$:filebuf$:std$n(i)pn$1:2$
0002:000009d0  W?$Wts0En$__get_lock$$$nx[]uc
0002:00003cbd  W?$Wti0D$__get_lock$$$n[]uc
Module: /mnt/sda5/.user/root/src/openwatcom-1.9/bld/plusplus/cpplib/os2.386/mf_rmt.dll/plbxmt3r.lib(flfclose.cpp)
0001:000022d0  W?close$:filebuf$:std$n()pn$1:2$
Module: /mnt/sda5/.user/root/src/openwatcom-1.9/bld/plusplus/cpplib/os2.386/mf_rmt.dll/plbxmt3r.lib(flfconde.cpp)
0002:00000a00  W?$Wvf0Ho19:filebuf$:std$$nx[]pn()v
0002:00003ccf  W?$Wti0H$streambuf$:std$$$n[]uc
0001:00002380  W?$ct:filebuf$:std$n()_
0002:00000a30  W?$Wva0Go0:filebuf$:std$$nx[]uc
0002:00003ce5  W?$Wti0F$filebuf$:std$$$n[]uc
Module: /mnt/sda5/.user/root/src/openwatcom-1.9/bld/plusplus/cpplib/os2.386/mf_rmt.dll/plbxmt3r.lib(flfconfd.cpp)
0001:00002410  W?.tdtor$:streambuf$:std$n()pnv
0001:000023a0  W?$ct:filebuf$:std$n(i)_
Module: /mnt/sda5/.user/root/src/openwatcom-1.9/bld/plusplus/cpplib/os2.386/mf_rmt.dll/plbxmt3r.lib(flfconsf.cpp)
0001:00002420  W?$ct:filebuf$:std$n(ipnai)_
Module: /mnt/sda5/.user/root/src/openwatcom-1.9/bld/plusplus/cpplib/os2.386/mf_rmt.dll/plbxmt3r.lib(flfdestr.cpp)
0002:00000ad0+ W?$Wts0Gn$filebuf$:std$$$nx[]uc
0001:00002590  W?.tdtor$:filebuf$:std$n()pnv
0001:000024a0  W?$dt:filebuf$:std$n()_
Module: /mnt/sda5/.user/root/src/openwatcom-1.9/bld/plusplus/cpplib/os2.386/mf_rmt.dll/plbxmt3r.lib(flfopen.cpp)
0001:000025a0  W?open$:filebuf$:std$n(pnxaii)pn$1:2$
Module: /mnt/sda5/.user/root/src/openwatcom-1.9/bld/plusplus/cpplib/os2.386/mf_rmt.dll/plbxmt3r.lib(flfoprot.cpp)
0002:00000b00  W?openprot$:filebuf$:std$nxi
Module: /mnt/sda5/.user/root/src/openwatcom-1.9/bld/plusplus/cpplib/os2.386/mf_rmt.dll/plbxmt3r.lib(flfoverf.cpp)
0001:000026c0  W?overflow$:filebuf$:std$n(i)i
Module: /mnt/sda5/.user/root/src/openwatcom-1.9/bld/plusplus/cpplib/os2.386/mf_rmt.dll/plbxmt3r.lib(flfpbfai.cpp)
0001:00002a60  W?pbackfail$:filebuf$:std$n(i)i
Module: /mnt/sda5/.user/root/src/openwatcom-1.9/bld/plusplus/cpplib/os2.386/mf_rmt.dll/plbxmt3r.lib(flfseeko.cpp)
0001:00002c70  W?seekoff$:filebuf$:std$n(lii)l
Module: /mnt/sda5/.user/root/src/openwatcom-1.9/bld/plusplus/cpplib/os2.386/mf_rmt.dll/plbxmt3r.lib(flfsetbf.cpp)
0001:00002d80  W?setbuf$:filebuf$:std$n(pnai)pn$streambuf$:2$
Module: /mnt/sda5/.user/root/src/openwatcom-1.9/bld/plusplus/cpplib/os2.386/mf_rmt.dll/plbxmt3r.lib(flfsync.cpp)
0001:00002e60  W?sync$:filebuf$:std$n()i
Module: /mnt/sda5/.user/root/src/openwatcom-1.9/bld/plusplus/cpplib/os2.386/mf_rmt.dll/plbxmt3r.lib(flfundrf.cpp)
0001:00002fd0  W?underflow$:filebuf$:std$n()i
Module: /mnt/sda5/.user/root/src/openwatcom-1.9/bld/plusplus/cpplib/os2.386/mf_rmt.dll/plbxmt3r.lib(fsbattac.cpp)
0001:000032f0  W?attach$:fstreambase$:std$n(i)v
Module: /mnt/sda5/.user/root/src/openwatcom-1.9/bld/plusplus/cpplib/os2.386/mf_rmt.dll/plbxmt3r.lib(fsbclose.cpp)
0001:000033e0  W?close$:fstreambase$:std$n()v
Module: /mnt/sda5/.user/root/src/openwatcom-1.9/bld/plusplus/cpplib/os2.386/mf_rmt.dll/plbxmt3r.lib(fsbconde.cpp)
0002:00000c30  W?$Wvb0Ko0:fstreambase$:std$$nx[]ui
0002:00000c40  W?$Wvf0Lo22:fstreambase$:std$$nx[]pn()v
0002:00000c50  W?$Wvf0Lo3j:fstreambase$:std$$nx[]pn()v
0002:00003cf9  W?$Wti0B$ios$:std$$$n[]uc
0001:00003570  W?$Wvt0Z.@dt:fstreambase$:std$c$:0:1$dtn()_$:ios$:std$n()pnv
0001:00003580  W?.tdtor$:ios$:std$n()pnv
0001:000034c0  W?$ct:fstreambase$:std$n()_
0002:00000c60  W?$Wva0Ko0:fstreambase$:std$$nx[]uc
0002:00003d09  W?$Wti0J$fstreambase$:std$$$n[]uc
Module: /mnt/sda5/.user/root/src/openwatcom-1.9/bld/plusplus/cpplib/os2.386/mf_rmt.dll/plbxmt3r.lib(fsbconfd.cpp)
0001:00003590  W?$ct:fstreambase$:std$n(i)_
Module: /mnt/sda5/.user/root/src/openwatcom-1.9/bld/plusplus/cpplib/os2.386/mf_rmt.dll/plbxmt3r.lib(fsbconnm.cpp)
0001:00003670  W?$ct:fstreambase$:std$n(pnxaii)_
Module: /mnt/sda5/.user/root/src/openwatcom-1.9/bld/plusplus/cpplib/os2.386/mf_rmt.dll/plbxmt3r.lib(fsbconsf.cpp)
0001:00003760  W?$ct:fstreambase$:std$n(ipnai)_
Module: /mnt/sda5/.user/root/src/openwatcom-1.9/bld/plusplus/cpplib/os2.386/mf_rmt.dll/plbxmt3r.lib(fsbdestr.cpp)
0002:00000da0+ W?$Wts0Kn$fstreambase$:std$$$nx[]uc
0001:00003920  W?.tdtor$:fstreambase$:std$n()pnv
0001:00003840  W?$dt:fstreambase$:std$n()_
Module: /mnt/sda5/.user/root/src/openwatcom-1.9/bld/plusplus/cpplib/os2.386/mf_rmt.dll/plbxmt3r.lib(fsbopen.cpp)
0001:00003930  W?open$:fstreambase$:std$n(pnxaii)v
Module: /mnt/sda5/.user/root/src/openwatcom-1.9/bld/plusplus/cpplib/os2.386/mf_rmt.dll/plbxmt3r.lib(fsbsetbf.cpp)
0001:00003a20  W?setbuf$:fstreambase$:std$n(pnai)v
Module: /mnt/sda5/.user/root/src/openwatcom-1.9/bld/plusplus/cpplib/os2.386/mf_rmt.dll/plbxmt3r.lib(fstconde.cpp)
0001:00003bd0  W?$Wvt0X.@dt:fstream$:std$o26$:0:1$dtn()_$:iostream$:std$n()pnv
0002:00000e50  W?$Wvb0Go0:fstream$:std$$nx[]ui
0002:00000e60  W?$Wvb0Ho26:fstream$:std$$nx[]ui
0002:00000e70  W?$Wvb0Ho2i:fstream$:std$$nx[]ui
0002:00000e80  W?$Wvf0Ho22:fstream$:std$$nx[]pn()v
0002:00000e90  W?$Wvf0Ho2e:fstream$:std$$nx[]pn()v
0002:00000ea0  W?$Wvf0Ho2m:fstream$:std$$nx[]pn()v
0002:00000eb0  W?$Wvf0Ho48:fstream$:std$$nx[]pn()v
0002:00003d21  W?$Wti0F$ostream$:std$$$n[]uc
0002:00003d35  W?$Wti0F$istream$:std$$$n[]uc
0002:00003d49  W?$Wti0G$iostream$:std$$$n[]uc
0001:00003be0  W?$Wvt0X.@dt:fstream$:std$o2i$:0:1$dtn()_$:ostream$:std$n()pnv
0001:00003bf0  W?$Wvt0V.@dt:fstream$:std$c$:0:1$dtn()_$:ios$:std$n()pnv
0001:00003c00  W?.tdtor$:iostream$:std$n()pnv
0001:00003b00  W?$ct:fstream$:std$n()_
0002:00000ec0  W?$Wva0Go0:fstream$:std$$nx[]uc
0002:00003d5e  W?$Wti0F$fstream$:std$$$n[]uc
Module: /mnt/sda5/.user/root/src/openwatcom-1.9/bld/plusplus/cpplib/os2.386/mf_rmt.dll/plbxmt3r.lib(fstconfd.cpp)
0001:00003c10  W?$ct:fstream$:std$n(i)_
Module: /mnt/sda5/.user/root/src/openwatcom-1.9/bld/plusplus/cpplib/os2.386/mf_rmt.dll/plbxmt3r.lib(fstconnm.cpp)
0001:00003ce0  W?$ct:fstream$:std$n(pnxaii)_
Module: /mnt/sda5/.user/root/src/openwatcom-1.9/bld/plusplus/cpplib/os2.386/mf_rmt.dll/plbxmt3r.lib(fstconsf.cpp)
0001:00003dc0  W?$ct:fstream$:std$n(ipnai)_
Module: /mnt/sda5/.user/root/src/openwatcom-1.9/bld/plusplus/cpplib/os2.386/mf_rmt.dll/plbxmt3r.lib(fstdestr.cpp)
0002:00001090+ W?$Wts0Gn$fstream$:std$$$nx[]uc
0001:00003fa0+ W?.tdtor$:fstream$:std$n()pnv
0001:00003ea0  W?$dt:fstream$:std$n()_
Module: /mnt/sda5/.user/root/src/openwatcom-1.9/bld/plusplus/cpplib/os2.386/mf_rmt.dll/plbxmt3r.lib(ifsconde.cpp)
0002:00001100  W?$Wvb0Ho0:ifstream$:std$$nx[]ui
0002:00001110  W?$Wvb0Io26:ifstream$:std$$nx[]ui
0002:00001120  W?$Wvf0Io22:ifstream$:std$$nx[]pn()v
0002:00001130  W?$Wvf0Io2e:ifstream$:std$$nx[]pn()v
0002:00001140  W?$Wvf0Io40:ifstream$:std$$nx[]pn()v
0001:00004080  W?$Wvt0Y.@dt:ifstream$:std$o26$:0:1$dtn()_$:istream$:std$n()pnv
0001:00004090  W?$Wvt0W.@dt:ifstream$:std$c$:0:1$dtn()_$:ios$:std$n()pnv
0001:000040a0  W?.tdtor$:istream$:std$n()pnv
0001:00003fb0  W?$ct:ifstream$:std$n()_
0002:00001150  W?$Wva0Ho0:ifstream$:std$$nx[]uc
0002:00003d72  W?$Wti0G$ifstream$:std$$$n[]uc
Module: /mnt/sda5/.user/root/src/openwatcom-1.9/bld/plusplus/cpplib/os2.386/mf_rmt.dll/plbxmt3r.lib(ifsconfd.cpp)
0001:000040b0  W?$ct:ifstream$:std$n(i)_
Module: /mnt/sda5/.user/root/src/openwatcom-1.9/bld/plusplus/cpplib/os2.386/mf_rmt.dll/plbxmt3r.lib(ifsconnm.cpp)
0001:00004180  W?$ct:ifstream$:std$n(pnxaii)_
Module: /mnt/sda5/.user/root/src/openwatcom-1.9/bld/plusplus/cpplib/os2.386/mf_rmt.dll/plbxmt3r.lib(ifsconsf.cpp)
0001:00004250  W?$ct:ifstream$:std$n(ipnai)_
Module: /mnt/sda5/.user/root/src/openwatcom-1.9/bld/plusplus/cpplib/os2.386/mf_rmt.dll/plbxmt3r.lib(ifsdestr.cpp)
0002:00001300+ W?$Wts0Hn$ifstream$:std$$$nx[]uc
0001:00004420+ W?.tdtor$:ifstream$:std$n()pnv
0001:00004320  W?$dt:ifstream$:std$n()_
Module: /mnt/sda5/.user/root/src/openwatcom-1.9/bld/plusplus/cpplib/os2.386/mf_rmt.dll/plbxmt3r.lib(iofexdou.cpp)
0001:00004430  W?$oa:istream$:std$n(rnd)rn$0:1$
Module: /mnt/sda5/.user/root/src/openwatcom-1.9/bld/plusplus/cpplib/os2.386/mf_rmt.dll/plbxmt3r.lib(iofexflo.cpp)
0001:00004530  W?$oa:istream$:std$n(rnb)rn$0:1$
Module: /mnt/sda5/.user/root/src/openwatcom-1.9/bld/plusplus/cpplib/os2.386/mf_rmt.dll/plbxmt3r.lib(iofexldo.cpp)
0001:000045e0  W?$oa:istream$:std$n(rnt)rn$0:1$
Module: /mnt/sda5/.user/root/src/openwatcom-1.9/bld/plusplus/cpplib/os2.386/mf_rmt.dll/plbxmt3r.lib(iofnoefg.cpp)
0002:00003d88  W?__EFG_cnvs2d$npn(pnapnd)v
0002:00003d8c  W?__EFG_cnvd2f$npn(pndpnb)i
0002:00003d90  W?__EFG_LDcvt$npn(pn$__6ks9tmlong_double$$pn$cvt_info$$pna)v
0002:00003d94  W?__EFG_fcvt$npn(dipnipni)pna
0002:00003d98  W?__EFG__FDLD$npn(pndpn$__6ks9tmlong_double$$)v
Module: /mnt/sda5/.user/root/src/openwatcom-1.9/bld/plusplus/cpplib/os2.386/mf_rmt.dll/plbxmt3r.lib(iofoutfl.cpp)
0001:00004700  W?__outfloat$:ostream$:std$n(rnxt)rn$1:2$
Module: /mnt/sda5/.user/root/src/openwatcom-1.9/bld/plusplus/cpplib/os2.386/mf_rmt.dll/plbxmt3r.lib(ioicerr.cpp)
0002:00005228  W?cerr$:std$n$ostream$:1$
0002:000013b0  W?$Wts0Cn$stdiobuf$$$nx[]uc
0002:000013d0  W?$Wts0Gn$ostream$:std$$$nx[]uc
0002:00003dcc+ W?$Wti0G$cerr_initfini$$$n[]uc
0002:00003de1  W?$Wti0B$stdiobuf$$$n[]uc
0001:00004c10  W?.tdtor$:ostream$:std$n()pnv
0001:00004c20  W?.tdtor$:stdiobuf$n()pnv
0001:00004ba4+ W?$ct:cerr_initfini$n()_
0001:00004bf4+ W?$dt:cerr_initfini$n()_
0002:000013f0+ W?$Wts0Hn$cerr_initfini$$$nx[]uc
Module: /mnt/sda5/.user/root/src/openwatcom-1.9/bld/plusplus/cpplib/os2.386/mf_rmt.dll/plbxmt3r.lib(ioicin.cpp)
0002:000052a8  W?cin$:std$n$istream$:1$
0001:00004c78+ W?$ct:cin_initfini$n()_
0002:00001430  W?$Wts0Gn$istream$:std$$$nx[]uc
Module: /mnt/sda5/.user/root/src/openwatcom-1.9/bld/plusplus/cpplib/os2.386/mf_rmt.dll/plbxmt3r.lib(ioiclog.cpp)
0002:00005328  W?clog$:std$n$ostream$:1$
0002:00003e41+ W?$Wti0G$clog_initfini$$$n[]uc
0001:00004d24+ W?$ct:clog_initfini$n()_
0001:00004d54+ W?$dt:clog_initfini$n()_
0002:00001480+ W?$Wts0Hn$clog_initfini$$$nx[]uc
Module: /mnt/sda5/.user/root/src/openwatcom-1.9/bld/plusplus/cpplib/os2.386/mf_rmt.dll/plbxmt3r.lib(ioicout.cpp)
0002:000053a8  W?cout$:std$n$ostream$:1$
0002:00003e86+ W?$Wti0G$cout_initfini$$$n[]uc
0001:00004dc4+ W?$ct:cout_initfini$n()_
0001:00004df0+ W?$dt:cout_initfini$n()_
0002:000014d0+ W?$Wts0Hn$cout_initfini$$$nx[]uc
Module: /mnt/sda5/.user/root/src/openwatcom-1.9/bld/plusplus/cpplib/os2.386/mf_rmt.dll/plbxmt3r.lib(ioilfofg.cpp)
0002:00003e9c  W?__last_format_flag$:ios$:std$nl
Module: /mnt/sda5/.user/root/src/openwatcom-1.9/bld/plusplus/cpplib/os2.386/mf_rmt.dll/plbxmt3r.lib(ioilock.cpp)
0002:00003eb0  W?__x_lock$:ios$:std$npn$__lock$$
0002:000053f0+ W?xalloc_lock$n$__lock$$
Module: /mnt/sda5/.user/root/src/openwatcom-1.9/bld/plusplus/cpplib/os2.386/mf_rmt.dll/plbxmt3r.lib(ioixainx.cpp)
0002:00005400  W?__xalloc_index$:ios$:std$ni
Module: /mnt/sda5/.user/root/src/openwatcom-1.9/bld/plusplus/cpplib/os2.386/mf_rmt.dll/plbxmt3r.lib(iolglcon.cpp)
0001:00004e30  W?$ct:__get_lock$n(pn$__lock$$)_
Module: /mnt/sda5/.user/root/src/openwatcom-1.9/bld/plusplus/cpplib/os2.386/mf_rmt.dll/plbxmt3r.lib(iolgldes.cpp)
0001:00004e50  W?$dt:__get_lock$n()_
Module: /mnt/sda5/.user/root/src/openwatcom-1.9/bld/plusplus/cpplib/os2.386/mf_rmt.dll/plbxmt3r.lib(iosbital.cpp)
0001:00004e70  W?bitalloc$:ios$:std$n()l
Module: /mnt/sda5/.user/root/src/openwatcom-1.9/bld/plusplus/cpplib/os2.386/mf_rmt.dll/plbxmt3r.lib(iosclear.cpp)
0001:00004ec0  W?clear$:ios$:std$n(i)i
Module: /mnt/sda5/.user/root/src/openwatcom-1.9/bld/plusplus/cpplib/os2.386/mf_rmt.dll/plbxmt3r.lib(ioscoeio.cpp)
0001:00004f40  W?$aa:ios$:std$n(rnx$0:1$)rn$0:1$
Module: /mnt/sda5/.user/root/src/openwatcom-1.9/bld/plusplus/cpplib/os2.386/mf_rmt.dll/plbxmt3r.lib(ioscoios.cpp)
0002:00001540  W?$Wvf0Do19:ios$:std$$nx[]pn()v
0001:000050a0  W?$ct:ios$:std$n(rnx$0:1$)_
0002:00001550  W?$Wva0Co0:ios$:std$$nx[]uc
Module: /mnt/sda5/.user/root/src/openwatcom-1.9/bld/plusplus/cpplib/os2.386/mf_rmt.dll/plbxmt3r.lib(iosconde.cpp)
0001:00005160  W?$ct:ios$:std$n()_
Module: /mnt/sda5/.user/root/src/openwatcom-1.9/bld/plusplus/cpplib/os2.386/mf_rmt.dll/plbxmt3r.lib(ioscostf.cpp)
0001:00005170  W?$ct:ios$:std$n(pn$streambuf$:1$)_
Module: /mnt/sda5/.user/root/src/openwatcom-1.9/bld/plusplus/cpplib/os2.386/mf_rmt.dll/plbxmt3r.lib(iosdestr.cpp)
0002:00001580+ W?$Wts0Cn$ios$:std$$$nx[]uc
0001:00005190  W?$dt:ios$:std$n()_
Module: /mnt/sda5/.user/root/src/openwatcom-1.9/bld/plusplus/cpplib/os2.386/mf_rmt.dll/plbxmt3r.lib(iosexcep.cpp)
0001:00005220  W?exceptions$:ios$:std$n(i)i
Module: /mnt/sda5/.user/root/src/openwatcom-1.9/bld/plusplus/cpplib/os2.386/mf_rmt.dll/plbxmt3r.lib(iosinit.cpp)
0001:000052a0  W?init$:ios$:std$n(pn$streambuf$:2$)v
Module: /mnt/sda5/.user/root/src/openwatcom-1.9/bld/plusplus/cpplib/os2.386/mf_rmt.dll/plbxmt3r.lib(iosiword.cpp)
0001:00005300  W?iword$:ios$:std$n(i)rnl
Module: /mnt/sda5/.user/root/src/openwatcom-1.9/bld/plusplus/cpplib/os2.386/mf_rmt.dll/plbxmt3r.lib(iospword.cpp)
0001:00005390  W?pword$:ios$:std$n(i)rnpnv
Module: /mnt/sda5/.user/root/src/openwatcom-1.9/bld/plusplus/cpplib/os2.386/mf_rmt.dll/plbxmt3r.lib(iossetst.cpp)
0001:000054c0+ W?$ct:failure$:ios$:std$n(rnx$0:1:2$)_
0001:000054d0+ W?$dt:failure$:ios$:std$n()_
0002:000015e0+ W?$Wth0Nnrn$failure$:ios$:std$$$nx[]uc
0002:00001600+ W?$Wts0Ln$failure$:ios$:std$$$nx[]uc
0002:00003eb4  W?$Wti0L$__WATCOM_exception$$$n[]uc
0002:00003ece+ W?$Wti0K$failure$:ios$:std$$$n[]uc
0001:000054e0  W?$ct:__WATCOM_exception$n(rnx$0$)_
0001:000054f0  W?$dt:__WATCOM_exception$n()_
0001:00005420  W?setstate$:ios$:std$n(i)v
0002:00001620  W?$Wts0Mn$__WATCOM_exception$$$nx[]uc
Module: /mnt/sda5/.user/root/src/openwatcom-1.9/bld/plusplus/cpplib/os2.386/mf_rmt.dll/plbxmt3r.lib(iosxallo.cpp)
0001:00005500  W?xalloc$:ios$:std$n()i
Module: /mnt/sda5/.user/root/src/openwatcom-1.9/bld/plusplus/cpplib/os2.386/mf_rmt.dll/plbxmt3r.lib(iotconbf.cpp)
0002:00001690  W?$Wvb0Ho0:iostream$:std$$nx[]ui
0002:000016a0  W?$Wvb0Hoc:iostream$:std$$nx[]ui
0002:000016b0  W?$Wvf0Ho8:iostream$:std$$nx[]pn()v
0002:000016c0  W?$Wvf0Hog:iostream$:std$$nx[]pn()v
0002:000016d0  W?$Wvf0Io22:iostream$:std$$nx[]pn()v
0001:00005640  W?$Wvt0X.@dt:iostream$:std$oc$:0:1$dtn()_$:ostream$:std$n()pnv
0001:00005650  W?$Wvt0W.@dt:iostream$:std$c$:0:1$dtn()_$:ios$:std$n()pnv
0001:00005540  W?$ct:iostream$:std$n(pn$streambuf$:1$)_
0002:000016e0  W?$Wva0Ho0:iostream$:std$$nx[]uc
Module: /mnt/sda5/.user/root/src/openwatcom-1.9/bld/plusplus/cpplib/os2.386/mf_rmt.dll/plbxmt3r.lib(iotconde.cpp)
0001:00005660  W?$ct:iostream$:std$n()_
Module: /mnt/sda5/.user/root/src/openwatcom-1.9/bld/plusplus/cpplib/os2.386/mf_rmt.dll/plbxmt3r.lib(iotconsm.cpp)
0001:00005750  W?$ct:iostream$:std$n(rnx$ios$:1$)_
Module: /mnt/sda5/.user/root/src/openwatcom-1.9/bld/plusplus/cpplib/os2.386/mf_rmt.dll/plbxmt3r.lib(iotdestr.cpp)
0002:00001850+ W?$Wts0Hn$iostream$:std$$$nx[]uc
0001:00005860  W?$dt:iostream$:std$n()_
Module: /mnt/sda5/.user/root/src/openwatcom-1.9/bld/plusplus/cpplib/os2.386/mf_rmt.dll/plbxmt3r.lib(iotopbuf.cpp)
0001:00005960  W?$aa:iostream$:std$n(pn$streambuf$:1$)rn$0:1$
Module: /mnt/sda5/.user/root/src/openwatcom-1.9/bld/plusplus/cpplib/os2.386/mf_rmt.dll/plbxmt3r.lib(iotopstm.cpp)
0001:000059e0  W?$aa:iostream$:std$n(rnx$ios$:1$)rn$0:1$
Module: /mnt/sda5/.user/root/src/openwatcom-1.9/bld/plusplus/cpplib/os2.386/mf_rmt.dll/plbxmt3r.lib(ioufrxal.cpp)
0001:00005a80  W?free_xalloc_storage$:__WATCOM_ios$n(pn$ios$:std$$)v
Module: /mnt/sda5/.user/root/src/openwatcom-1.9/bld/plusplus/cpplib/os2.386/mf_rmt.dll/plbxmt3r.lib(ioufuswr.cpp)
0001:00005aa0  W?find_user_word$:__WATCOM_ios$n(pn$ios$:std$$i)pnv
Module: /mnt/sda5/.user/root/src/openwatcom-1.9/bld/plusplus/cpplib/os2.386/mf_rmt.dll/plbxmt3r.lib(iouwrtit.cpp)
0002:00001920  W?$Wcm014$nx[]uc
0001:00005b30  W?writeitem$:__WATCOM_ios$n(rn$ostream$:std$$pnxaii)i
Module: /mnt/sda5/.user/root/src/openwatcom-1.9/bld/plusplus/cpplib/os2.386/mf_rmt.dll/plbxmt3r.lib(isscochz.cpp)
0002:00001980  W?$Wvb0Jo0:istrstream$:std$$nx[]ui
0002:00001990  W?$Wvb0Ko2a:istrstream$:std$$nx[]ui
0002:000019a0  W?$Wvf0Ko26:istrstream$:std$$nx[]pn()v
0002:000019b0  W?$Wvf0Ko2i:istrstream$:std$$nx[]pn()v
0002:000019c0  W?$Wvf0Ko44:istrstream$:std$$nx[]pn()v
0002:00003ee7  W?$Wti0L$strstreambase$:std$$$n[]uc
0001:00006260  W?$Wvt0a.@dt:istrstream$:std$o2a$:0:1$dtn()_$:istream$:std$n()pnv
0001:00006270  W?$Wvt0Y.@dt:istrstream$:std$c$:0:1$dtn()_$:ios$:std$n()pnv
0001:00006280  W?.tdtor$:strstreambase$:std$n()pnv
0001:00006190  W?$ct:istrstream$:std$n(pnai)_
0002:000019d0  W?$Wva0Jo0:istrstream$:std$$nx[]uc
0002:00003f01  W?$Wti0I$istrstream$:std$$$n[]uc
Module: /mnt/sda5/.user/root/src/openwatcom-1.9/bld/plusplus/cpplib/os2.386/mf_rmt.dll/plbxmt3r.lib(issconch.cpp)
0001:00006290  W?$ct:istrstream$:std$n(pna)_
Module: /mnt/sda5/.user/root/src/openwatcom-1.9/bld/plusplus/cpplib/os2.386/mf_rmt.dll/plbxmt3r.lib(issconsc.cpp)
0001:00006360  W?$ct:istrstream$:std$n(pnc)_
Module: /mnt/sda5/.user/root/src/openwatcom-1.9/bld/plusplus/cpplib/os2.386/mf_rmt.dll/plbxmt3r.lib(issconuc.cpp)
0001:00006430  W?$ct:istrstream$:std$n(pnuc)_
Module: /mnt/sda5/.user/root/src/openwatcom-1.9/bld/plusplus/cpplib/os2.386/mf_rmt.dll/plbxmt3r.lib(isscoscz.cpp)
0001:00006500  W?$ct:istrstream$:std$n(pnci)_
Module: /mnt/sda5/.user/root/src/openwatcom-1.9/bld/plusplus/cpplib/os2.386/mf_rmt.dll/plbxmt3r.lib(isscoucz.cpp)
0001:000065d0  W?$ct:istrstream$:std$n(pnuci)_
Module: /mnt/sda5/.user/root/src/openwatcom-1.9/bld/plusplus/cpplib/os2.386/mf_rmt.dll/plbxmt3r.lib(issdestr.cpp)
0002:00001c20+ W?$Wts0Jn$istrstream$:std$$$nx[]uc
0001:000067a0+ W?.tdtor$:istrstream$:std$n()pnv
0001:000066a0  W?$dt:istrstream$:std$n()_
Module: /mnt/sda5/.user/root/src/openwatcom-1.9/bld/plusplus/cpplib/os2.386/mf_rmt.dll/plbxmt3r.lib(istcoeis.cpp)
0001:000067b0  W?$aa:istream$:std$n(rnx$0:1$)rn$0:1$
Module: /mnt/sda5/.user/root/src/openwatcom-1.9/bld/plusplus/cpplib/os2.386/mf_rmt.dll/plbxmt3r.lib(istcoesf.cpp)
0001:00006870  W?$aa:istream$:std$n(pn$streambuf$:1$)rn$0:1$
Module: /mnt/sda5/.user/root/src/openwatcom-1.9/bld/plusplus/cpplib/os2.386/mf_rmt.dll/plbxmt3r.lib(istcoist.cpp)
0002:00001ca0  W?$Wvb0Go0:istream$:std$$nx[]ui
0002:00001cb0  W?$Wvf0Go8:istream$:std$$nx[]pn()v
0002:00001cc0  W?$Wvf0Ho1p:istream$:std$$nx[]pn()v
0001:000069f0  W?$Wvt0V.@dt:istream$:std$c$:0:1$dtn()_$:ios$:std$n()pnv
0001:000068f0  W?$ct:istream$:std$n(rnx$0:1$)_
0002:00001cd0  W?$Wva0Go0:istream$:std$$nx[]uc
Module: /mnt/sda5/.user/root/src/openwatcom-1.9/bld/plusplus/cpplib/os2.386/mf_rmt.dll/plbxmt3r.lib(istconde.cpp)
0001:00006a00  W?$ct:istream$:std$n()_
Module: /mnt/sda5/.user/root/src/openwatcom-1.9/bld/plusplus/cpplib/os2.386/mf_rmt.dll/plbxmt3r.lib(istconsf.cpp)
0001:00006ab0  W?$ct:istream$:std$n(pn$streambuf$:1$)_
Module: /mnt/sda5/.user/root/src/openwatcom-1.9/bld/plusplus/cpplib/os2.386/mf_rmt.dll/plbxmt3r.lib(istdestr.cpp)
0001:00006b70  W?$dt:istream$:std$n()_
Module: /mnt/sda5/.user/root/src/openwatcom-1.9/bld/plusplus/cpplib/os2.386/mf_rmt.dll/plbxmt3r.lib(istdipfx.cpp)
0001:00006c40  W?do_ipfx$:istream$:std$n(i)i
Module: /mnt/sda5/.user/root/src/openwatcom-1.9/bld/plusplus/cpplib/os2.386/mf_rmt.dll/plbxmt3r.lib(istdoget.cpp)
0001:00006d60  W?do_get$:istream$:std$n(rna)rn$1:2$
Module: /mnt/sda5/.user/root/src/openwatcom-1.9/bld/plusplus/cpplib/os2.386/mf_rmt.dll/plbxmt3r.lib(istdread.cpp)
0001:00006e60  W?do_read$:istream$:std$n(pnai)rn$1:2$
Module: /mnt/sda5/.user/root/src/openwatcom-1.9/bld/plusplus/cpplib/os2.386/mf_rmt.dll/plbxmt3r.lib(istdrshf.cpp)
0001:00006fd0  W?do_rshift$:istream$:std$n(rna)rn$1:2$
Module: /mnt/sda5/.user/root/src/openwatcom-1.9/bld/plusplus/cpplib/os2.386/mf_rmt.dll/plbxmt3r.lib(isteatwh.cpp)
0001:000070c0  W?eatwhite$:istream$:std$n()v
Module: /mnt/sda5/.user/root/src/openwatcom-1.9/bld/plusplus/cpplib/os2.386/mf_rmt.dll/plbxmt3r.lib(istexcha.cpp)
0001:00007150  W?$oa:istream$:std$n(rna)rn$0:1$
Module: /mnt/sda5/.user/root/src/openwatcom-1.9/bld/plusplus/cpplib/os2.386/mf_rmt.dll/plbxmt3r.lib(istexi64.cpp)
0001:000072d0  W?$oa:istream$:std$n(rnz)rn$0:1$
Module: /mnt/sda5/.user/root/src/openwatcom-1.9/bld/plusplus/cpplib/os2.386/mf_rmt.dll/plbxmt3r.lib(isteximn.cpp)
0001:000073d0  W?$oa:istream$:std$n(pn(rn$0:1$)rn$0:1$)rn$0:1$
Module: /mnt/sda5/.user/root/src/openwatcom-1.9/bld/plusplus/cpplib/os2.386/mf_rmt.dll/plbxmt3r.lib(istexiom.cpp)
0001:000073e0  W?$oa:istream$:std$n(pn(rn$ios$:1$)rn$2:1$)rn$0:1$
Module: /mnt/sda5/.user/root/src/openwatcom-1.9/bld/plusplus/cpplib/os2.386/mf_rmt.dll/plbxmt3r.lib(istexpch.cpp)
0001:000073f0  W?$oa:istream$:std$n(pna)rn$0:1$
Module: /mnt/sda5/.user/root/src/openwatcom-1.9/bld/plusplus/cpplib/os2.386/mf_rmt.dll/plbxmt3r.lib(istexsin.cpp)
0001:000075f0  W?$oa:istream$:std$n(rni)rn$0:1$
Module: /mnt/sda5/.user/root/src/openwatcom-1.9/bld/plusplus/cpplib/os2.386/mf_rmt.dll/plbxmt3r.lib(istexslo.cpp)
0001:000076e0  W?$oa:istream$:std$n(rnl)rn$0:1$
Module: /mnt/sda5/.user/root/src/openwatcom-1.9/bld/plusplus/cpplib/os2.386/mf_rmt.dll/plbxmt3r.lib(istexssh.cpp)
0001:000077d0  W?$oa:istream$:std$n(rns)rn$0:1$
Module: /mnt/sda5/.user/root/src/openwatcom-1.9/bld/plusplus/cpplib/os2.386/mf_rmt.dll/plbxmt3r.lib(istexstf.cpp)
0002:00001f20  W?$Wcm015$nx[]uc
0001:000078c0  W?$oa:istream$:std$n(pn$streambuf$:1$)rn$0:1$
Module: /mnt/sda5/.user/root/src/openwatcom-1.9/bld/plusplus/cpplib/os2.386/mf_rmt.dll/plbxmt3r.lib(istexu64.cpp)
0001:00007bb0  W?$oa:istream$:std$n(rnuz)rn$0:1$
Module: /mnt/sda5/.user/root/src/openwatcom-1.9/bld/plusplus/cpplib/os2.386/mf_rmt.dll/plbxmt3r.lib(istexuin.cpp)
0001:00007cb0  W?$oa:istream$:std$n(rnui)rn$0:1$
Module: /mnt/sda5/.user/root/src/openwatcom-1.9/bld/plusplus/cpplib/os2.386/mf_rmt.dll/plbxmt3r.lib(istexulo.cpp)
0001:00007da0  W?$oa:istream$:std$n(rnul)rn$0:1$
Module: /mnt/sda5/.user/root/src/openwatcom-1.9/bld/plusplus/cpplib/os2.386/mf_rmt.dll/plbxmt3r.lib(istexush.cpp)
0001:00007e90  W?$oa:istream$:std$n(rnus)rn$0:1$
Module: /mnt/sda5/.user/root/src/openwatcom-1.9/bld/plusplus/cpplib/os2.386/mf_rmt.dll/plbxmt3r.lib(istgch.cpp)
0001:00007f80  W?get$:istream$:std$n(rna)rn$1:2$
Module: /mnt/sda5/.user/root/src/openwatcom-1.9/bld/plusplus/cpplib/os2.386/mf_rmt.dll/plbxmt3r.lib(istget.cpp)
0001:00008100  W?get$:istream$:std$n()i
Module: /mnt/sda5/.user/root/src/openwatcom-1.9/bld/plusplus/cpplib/os2.386/mf_rmt.dll/plbxmt3r.lib(istgline.cpp)
0001:00008210  W?getline$:istream$:std$n(pnaia)rn$1:2$
Module: /mnt/sda5/.user/root/src/openwatcom-1.9/bld/plusplus/cpplib/os2.386/mf_rmt.dll/plbxmt3r.lib(istgpch.cpp)
0001:000082b0  W?get$:istream$:std$n(pnaia)rn$1:2$
Module: /mnt/sda5/.user/root/src/openwatcom-1.9/bld/plusplus/cpplib/os2.386/mf_rmt.dll/plbxmt3r.lib(istgstf.cpp)
0001:00008350  W?get$:istream$:std$n(rn$streambuf$:2$a)rn$1:2$
Module: /mnt/sda5/.user/root/src/openwatcom-1.9/bld/plusplus/cpplib/os2.386/mf_rmt.dll/plbxmt3r.lib(istignor.cpp)
0001:00008590  W?ignore$:istream$:std$n(ii)rn$1:2$
Module: /mnt/sda5/.user/root/src/openwatcom-1.9/bld/plusplus/cpplib/os2.386/mf_rmt.dll/plbxmt3r.lib(istipfx.cpp)
0001:000086b0  W?ipfx$:istream$:std$n(i)i
Module: /mnt/sda5/.user/root/src/openwatcom-1.9/bld/plusplus/cpplib/os2.386/mf_rmt.dll/plbxmt3r.lib(istpback.cpp)
0001:00008760  W?putback$:istream$:std$n(a)rn$1:2$
Module: /mnt/sda5/.user/root/src/openwatcom-1.9/bld/plusplus/cpplib/os2.386/mf_rmt.dll/plbxmt3r.lib(istpeek.cpp)
0001:00008890  W?peek$:istream$:std$n()i
Module: /mnt/sda5/.user/root/src/openwatcom-1.9/bld/plusplus/cpplib/os2.386/mf_rmt.dll/plbxmt3r.lib(istread.cpp)
0001:00008980  W?read$:istream$:std$n(pnai)rn$1:2$
Module: /mnt/sda5/.user/root/src/openwatcom-1.9/bld/plusplus/cpplib/os2.386/mf_rmt.dll/plbxmt3r.lib(istsgsto.cpp)
0001:00008b50  W?seekg$:istream$:std$n(li)rn$1:2$
Module: /mnt/sda5/.user/root/src/openwatcom-1.9/bld/plusplus/cpplib/os2.386/mf_rmt.dll/plbxmt3r.lib(istsgstp.cpp)
0001:00008c10  W?seekg$:istream$:std$n(l)rn$1:2$
Module: /mnt/sda5/.user/root/src/openwatcom-1.9/bld/plusplus/cpplib/os2.386/mf_rmt.dll/plbxmt3r.lib(istsync.cpp)
0001:00008cd0  W?sync$:istream$:std$n()i
Module: /mnt/sda5/.user/root/src/openwatcom-1.9/bld/plusplus/cpplib/os2.386/mf_rmt.dll/plbxmt3r.lib(isttellg.cpp)
0001:00008cf0  W?tellg$:istream$:std$n()l
Module: /mnt/sda5/.user/root/src/openwatcom-1.9/bld/plusplus/cpplib/os2.386/mf_rmt.dll/plbxmt3r.lib(mandec.cpp)
0001:00008db0  W?dec$:std$n(rn$ios$:1$)rn$2:1$
Module: /mnt/sda5/.user/root/src/openwatcom-1.9/bld/plusplus/cpplib/os2.386/mf_rmt.dll/plbxmt3r.lib(manendl.cpp)
0001:00008de0  W?endl$:std$n(rn$ostream$:1$)rn$2:1$
Module: /mnt/sda5/.user/root/src/openwatcom-1.9/bld/plusplus/cpplib/os2.386/mf_rmt.dll/plbxmt3r.lib(manends.cpp)
0001:00008e70  W?ends$:std$n(rn$ostream$:1$)rn$2:1$
Module: /mnt/sda5/.user/root/src/openwatcom-1.9/bld/plusplus/cpplib/os2.386/mf_rmt.dll/plbxmt3r.lib(manflush.cpp)
0001:00008e80  W?flush$:std$n(rn$ostream$:1$)rn$2:1$
Module: /mnt/sda5/.user/root/src/openwatcom-1.9/bld/plusplus/cpplib/os2.386/mf_rmt.dll/plbxmt3r.lib(manhex.cpp)
0001:00008e90  W?hex$:std$n(rn$ios$:1$)rn$2:1$
Module: /mnt/sda5/.user/root/src/openwatcom-1.9/bld/plusplus/cpplib/os2.386/mf_rmt.dll/plbxmt3r.lib(manoct.cpp)
0001:00008ec0  W?oct$:std$n(rn$ios$:1$)rn$2:1$
Module: /mnt/sda5/.user/root/src/openwatcom-1.9/bld/plusplus/cpplib/os2.386/mf_rmt.dll/plbxmt3r.lib(manriofg.cpp)
0002:00005404  W?resetiosflags$:std$n$sapp$::1nl$
Module: /mnt/sda5/.user/root/src/openwatcom-1.9/bld/plusplus/cpplib/os2.386/mf_rmt.dll/plbxmt3r.lib(mansbase.cpp)
0002:00005408  W?setbase$:std$n$sapp$::1ni$
Module: /mnt/sda5/.user/root/src/openwatcom-1.9/bld/plusplus/cpplib/os2.386/mf_rmt.dll/plbxmt3r.lib(mansetw.cpp)
0002:0000540c  W?setw$:std$n$sapp$::1ni$
Module: /mnt/sda5/.user/root/src/openwatcom-1.9/bld/plusplus/cpplib/os2.386/mf_rmt.dll/plbxmt3r.lib(mansfill.cpp)
0002:00005410  W?setfill$:std$n$sapp$::1ni$
Module: /mnt/sda5/.user/root/src/openwatcom-1.9/bld/plusplus/cpplib/os2.386/mf_rmt.dll/plbxmt3r.lib(mansiofl.cpp)
0002:00005414  W?setiosflags$:std$n$sapp$::1nl$
Module: /mnt/sda5/.user/root/src/openwatcom-1.9/bld/plusplus/cpplib/os2.386/mf_rmt.dll/plbxmt3r.lib(mansprec.cpp)
0002:00005418  W?setprecision$:std$n$sapp$::1ni$
Module: /mnt/sda5/.user/root/src/openwatcom-1.9/bld/plusplus/cpplib/os2.386/mf_rmt.dll/plbxmt3r.lib(manws.cpp)
0001:00009160  W?ws$:std$n(rn$istream$:1$)rn$2:1$
Module: /mnt/sda5/.user/root/src/openwatcom-1.9/bld/plusplus/cpplib/os2.386/mf_rmt.dll/plbxmt3r.lib(ofsconde.cpp)
0002:000021c0  W?$Wvb0Ho0:ofstream$:std$$nx[]ui
0002:000021d0  W?$Wvb0Io26:ofstream$:std$$nx[]ui
0002:000021e0  W?$Wvf0Io22:ofstream$:std$$nx[]pn()v
0002:000021f0  W?$Wvf0Io2a:ofstream$:std$$nx[]pn()v
0002:00002200  W?$Wvf0Io3r:ofstream$:std$$nx[]pn()v
0001:000092d0  W?$Wvt0Y.@dt:ofstream$:std$o26$:0:1$dtn()_$:ostream$:std$n()pnv
0001:000092e0  W?$Wvt0W.@dt:ofstream$:std$c$:0:1$dtn()_$:ios$:std$n()pnv
0001:00009200  W?$ct:ofstream$:std$n()_
0002:00002210  W?$Wva0Ho0:ofstream$:std$$nx[]uc
0002:00003f18  W?$Wti0G$ofstream$:std$$$n[]uc
Module: /mnt/sda5/.user/root/src/openwatcom-1.9/bld/plusplus/cpplib/os2.386/mf_rmt.dll/plbxmt3r.lib(ofsconfd.cpp)
0001:000092f0  W?$ct:ofstream$:std$n(i)_
Module: /mnt/sda5/.user/root/src/openwatcom-1.9/bld/plusplus/cpplib/os2.386/mf_rmt.dll/plbxmt3r.lib(ofsconnm.cpp)
0001:000093c0  W?$ct:ofstream$:std$n(pnxaii)_
Module: /mnt/sda5/.user/root/src/openwatcom-1.9/bld/plusplus/cpplib/os2.386/mf_rmt.dll/plbxmt3r.lib(ofsconsf.cpp)
0001:00009490  W?$ct:ofstream$:std$n(ipnai)_
Module: /mnt/sda5/.user/root/src/openwatcom-1.9/bld/plusplus/cpplib/os2.386/mf_rmt.dll/plbxmt3r.lib(ofsdestr.cpp)
0002:000023c0+ W?$Wts0Hn$ofstream$:std$$$nx[]uc
0001:00009660+ W?.tdtor$:ofstream$:std$n()pnv
0001:00009560  W?$dt:ofstream$:std$n()_
Module: /mnt/sda5/.user/root/src/openwatcom-1.9/bld/plusplus/cpplib/os2.386/mf_rmt.dll/plbxmt3r.lib(ossconch.cpp)
0002:00002430  W?$Wvb0Jo0:ostrstream$:std$$nx[]ui
0002:00002440  W?$Wvb0Ko2a:ostrstream$:std$$nx[]ui
0002:00002450  W?$Wvf0Ko26:ostrstream$:std$$nx[]pn()v
0002:00002460  W?$Wvf0Ko2e:ostrstream$:std$$nx[]pn()v
0002:00002470  W?$Wvf0Ko40:ostrstream$:std$$nx[]pn()v
0001:00009770  W?$Wvt0a.@dt:ostrstream$:std$o2a$:0:1$dtn()_$:ostream$:std$n()pnv
0001:00009780  W?$Wvt0Y.@dt:ostrstream$:std$c$:0:1$dtn()_$:ios$:std$n()pnv
0001:00009670  W?$ct:ostrstream$:std$n(pnaii)_
0002:00002480  W?$Wva0Jo0:ostrstream$:std$$nx[]uc
0002:00003f2d  W?$Wti0I$ostrstream$:std$$$n[]uc
Module: /mnt/sda5/.user/root/src/openwatcom-1.9/bld/plusplus/cpplib/os2.386/mf_rmt.dll/plbxmt3r.lib(ossconde.cpp)
0001:00009790  W?$ct:ostrstream$:std$n()_
Module: /mnt/sda5/.user/root/src/openwatcom-1.9/bld/plusplus/cpplib/os2.386/mf_rmt.dll/plbxmt3r.lib(ossconsc.cpp)
0001:00009860  W?$ct:ostrstream$:std$n(pncii)_
Module: /mnt/sda5/.user/root/src/openwatcom-1.9/bld/plusplus/cpplib/os2.386/mf_rmt.dll/plbxmt3r.lib(ossconuc.cpp)
0001:00009960  W?$ct:ostrstream$:std$n(pnucii)_
Module: /mnt/sda5/.user/root/src/openwatcom-1.9/bld/plusplus/cpplib/os2.386/mf_rmt.dll/plbxmt3r.lib(ossdestr.cpp)
0002:00002630+ W?$Wts0Jn$ostrstream$:std$$$nx[]uc
0001:00009b60+ W?.tdtor$:ostrstream$:std$n()pnv
0001:00009a60  W?$dt:ostrstream$:std$n()_
Module: /mnt/sda5/.user/root/src/openwatcom-1.9/bld/plusplus/cpplib/os2.386/mf_rmt.dll/plbxmt3r.lib(ostcoeos.cpp)
0001:00009b70  W?$aa:ostream$:std$n(rnx$0:1$)rn$0:1$
Module: /mnt/sda5/.user/root/src/openwatcom-1.9/bld/plusplus/cpplib/os2.386/mf_rmt.dll/plbxmt3r.lib(ostcoesf.cpp)
0001:00009c30  W?$aa:ostream$:std$n(pn$streambuf$:1$)rn$0:1$
Module: /mnt/sda5/.user/root/src/openwatcom-1.9/bld/plusplus/cpplib/os2.386/mf_rmt.dll/plbxmt3r.lib(ostconde.cpp)
0002:00002680  W?$Wvb0Go0:ostream$:std$$nx[]ui
0002:00002690  W?$Wvf0Go4:ostream$:std$$nx[]pn()v
0002:000026a0  W?$Wvf0Ho1l:ostream$:std$$nx[]pn()v
0001:00009cf0  W?$Wvt0V.@dt:ostream$:std$c$:0:1$dtn()_$:ios$:std$n()pnv
0001:00009cb0  W?$ct:ostream$:std$n()_
0002:000026b0  W?$Wva0Go0:ostream$:std$$nx[]uc
Module: /mnt/sda5/.user/root/src/openwatcom-1.9/bld/plusplus/cpplib/os2.386/mf_rmt.dll/plbxmt3r.lib(ostconsf.cpp)
0001:00009d00  W?$ct:ostream$:std$n(pn$streambuf$:1$)_
Module: /mnt/sda5/.user/root/src/openwatcom-1.9/bld/plusplus/cpplib/os2.386/mf_rmt.dll/plbxmt3r.lib(ostcoost.cpp)
0001:00009da0  W?$ct:ostream$:std$n(rnx$0:1$)_
Module: /mnt/sda5/.user/root/src/openwatcom-1.9/bld/plusplus/cpplib/os2.386/mf_rmt.dll/plbxmt3r.lib(ostdestr.cpp)
0001:00009e70  W?$dt:ostream$:std$n()_
Module: /mnt/sda5/.user/root/src/openwatcom-1.9/bld/plusplus/cpplib/os2.386/mf_rmt.dll/plbxmt3r.lib(ostdlshf.cpp)
0001:00009f40  W?do_lshift$:ostream$:std$n(a)rn$1:2$
Module: /mnt/sda5/.user/root/src/openwatcom-1.9/bld/plusplus/cpplib/os2.386/mf_rmt.dll/plbxmt3r.lib(ostflush.cpp)
0001:00009fe0  W?flush$:ostream$:std$n()rn$1:2$
Module: /mnt/sda5/.user/root/src/openwatcom-1.9/bld/plusplus/cpplib/os2.386/mf_rmt.dll/plbxmt3r.lib(ostincch.cpp)
0001:0000a090  W?$ob:ostream$:std$n(pnxa)rn$0:1$
Module: /mnt/sda5/.user/root/src/openwatcom-1.9/bld/plusplus/cpplib/os2.386/mf_rmt.dll/plbxmt3r.lib(ostincha.cpp)
0001:0000a210  W?$ob:ostream$:std$n(a)rn$0:1$
Module: /mnt/sda5/.user/root/src/openwatcom-1.9/bld/plusplus/cpplib/os2.386/mf_rmt.dll/plbxmt3r.lib(ostini64.cpp)
0001:0000a3f0  W?$ob:ostream$:std$n(z)rn$0:1$
Module: /mnt/sda5/.user/root/src/openwatcom-1.9/bld/plusplus/cpplib/os2.386/mf_rmt.dll/plbxmt3r.lib(ostiniom.cpp)
0001:0000a600  W?$ob:ostream$:std$n(pn(rn$ios$:1$)rn$2:1$)rn$0:1$
Module: /mnt/sda5/.user/root/src/openwatcom-1.9/bld/plusplus/cpplib/os2.386/mf_rmt.dll/plbxmt3r.lib(ostinomn.cpp)
0001:0000a610  W?$ob:ostream$:std$n(pn(rn$0:1$)rn$0:1$)rn$0:1$
Module: /mnt/sda5/.user/root/src/openwatcom-1.9/bld/plusplus/cpplib/os2.386/mf_rmt.dll/plbxmt3r.lib(ostinptr.cpp)
0001:0000a620  W?$ob:ostream$:std$n(pnv)rn$0:1$
Module: /mnt/sda5/.user/root/src/openwatcom-1.9/bld/plusplus/cpplib/os2.386/mf_rmt.dll/plbxmt3r.lib(ostinslo.cpp)
0001:0000a7e0  W?$ob:ostream$:std$n(l)rn$0:1$
Module: /mnt/sda5/.user/root/src/openwatcom-1.9/bld/plusplus/cpplib/os2.386/mf_rmt.dll/plbxmt3r.lib(ostinstf.cpp)
0002:000028d0+ W?$Wcm016$nx[]uc
0001:0000a9d0  W?$ob:ostream$:std$n(pn$streambuf$:1$)rn$0:1$
Module: /mnt/sda5/.user/root/src/openwatcom-1.9/bld/plusplus/cpplib/os2.386/mf_rmt.dll/plbxmt3r.lib(ostinu64.cpp)
0001:0000acb0  W?$ob:ostream$:std$n(uz)rn$0:1$
Module: /mnt/sda5/.user/root/src/openwatcom-1.9/bld/plusplus/cpplib/os2.386/mf_rmt.dll/plbxmt3r.lib(ostinulo.cpp)
0001:0000aec0  W?$ob:ostream$:std$n(ul)rn$0:1$
Module: /mnt/sda5/.user/root/src/openwatcom-1.9/bld/plusplus/cpplib/os2.386/mf_rmt.dll/plbxmt3r.lib(ostopfx.cpp)
0001:0000b0b0  W?do_opfx$:ostream$:std$n()i
Module: /mnt/sda5/.user/root/src/openwatcom-1.9/bld/plusplus/cpplib/os2.386/mf_rmt.dll/plbxmt3r.lib(ostput.cpp)
0001:0000b170  W?put$:ostream$:std$n(a)rn$1:2$
Module: /mnt/sda5/.user/root/src/openwatcom-1.9/bld/plusplus/cpplib/os2.386/mf_rmt.dll/plbxmt3r.lib(ostspsto.cpp)
0001:0000b330  W?seekp$:ostream$:std$n(li)rn$1:2$
Module: /mnt/sda5/.user/root/src/openwatcom-1.9/bld/plusplus/cpplib/os2.386/mf_rmt.dll/plbxmt3r.lib(ostspstp.cpp)
0001:0000b4a0  W?seekp$:ostream$:std$n(l)rn$1:2$
Module: /mnt/sda5/.user/root/src/openwatcom-1.9/bld/plusplus/cpplib/os2.386/mf_rmt.dll/plbxmt3r.lib(osttellp.cpp)
0001:0000b610  W?tellp$:ostream$:std$n()l
Module: /mnt/sda5/.user/root/src/openwatcom-1.9/bld/plusplus/cpplib/os2.386/mf_rmt.dll/plbxmt3r.lib(ostwrite.cpp)
0001:0000b6d0  W?write$:ostream$:std$n(pnxai)rn$1:2$
Module: /mnt/sda5/.user/root/src/openwatcom-1.9/bld/plusplus/cpplib/os2.386/mf_rmt.dll/plbxmt3r.lib(sdfconde.cpp)
0002:00002a40  W?$Wvf0Do19:stdiobuf$$nx[]pn()v
0001:0000b8f0  W?$ct:stdiobuf$n()_
0002:00002a70  W?$Wva0Co0:stdiobuf$$nx[]uc
Module: /mnt/sda5/.user/root/src/openwatcom-1.9/bld/plusplus/cpplib/os2.386/mf_rmt.dll/plbxmt3r.lib(sdfconfp.cpp)
0001:0000b900  W?$ct:stdiobuf$n(pn$__iobuf$$)_
Module: /mnt/sda5/.user/root/src/openwatcom-1.9/bld/plusplus/cpplib/os2.386/mf_rmt.dll/plbxmt3r.lib(sdfdestr.cpp)
0001:0000b910  W?$dt:stdiobuf$n()_
Module: /mnt/sda5/.user/root/src/openwatcom-1.9/bld/plusplus/cpplib/os2.386/mf_rmt.dll/plbxmt3r.lib(sdfoverf.cpp)
0001:0000ba00  W?overflow$:stdiobuf$n(i)i
Module: /mnt/sda5/.user/root/src/openwatcom-1.9/bld/plusplus/cpplib/os2.386/mf_rmt.dll/plbxmt3r.lib(sdfsync.cpp)
0001:0000bd20  W?sync$:stdiobuf$n()i
Module: /mnt/sda5/.user/root/src/openwatcom-1.9/bld/plusplus/cpplib/os2.386/mf_rmt.dll/plbxmt3r.lib(sdfundrf.cpp)
0001:0000be10  W?underflow$:stdiobuf$n()i
Module: /mnt/sda5/.user/root/src/openwatcom-1.9/bld/plusplus/cpplib/os2.386/mf_rmt.dll/plbxmt3r.lib(ssbconde.cpp)
0002:00002b80  W?$Wvf0Mo19:strstreambuf$:std$$nx[]pn()v
0002:00002bb0  W?$Wvb0Mo0:strstreambase$:std$$nx[]ui
0002:00002bc0  W?$Wvf0No26:strstreambase$:std$$nx[]pn()v
0002:00002bd0  W?$Wvf0No3n:strstreambase$:std$$nx[]pn()v
0002:00002be0  W?$Wva0Mo0:strstreambase$:std$$nx[]uc
0002:00003f44  W?$Wti0K$strstreambuf$:std$$$n[]uc
0001:0000c200  W?$Wvt0b.@dt:strstreambase$:std$c$:0:1$dtn()_$:ios$:std$n()pnv
0001:0000c210  W?.tdtor$:strstreambuf$:std$n()pnv
0001:0000c120  W?$ct:strstreambase$:std$n()_
0002:00002c10  W?$Wva0Lo0:strstreambuf$:std$$nx[]uc
Module: /mnt/sda5/.user/root/src/openwatcom-1.9/bld/plusplus/cpplib/os2.386/mf_rmt.dll/plbxmt3r.lib(ssbconsz.cpp)
0001:0000c220  W?$ct:strstreambase$:std$n(pnaipna)_
Module: /mnt/sda5/.user/root/src/openwatcom-1.9/bld/plusplus/cpplib/os2.386/mf_rmt.dll/plbxmt3r.lib(ssbdestr.cpp)
0002:00002ce0+ W?$Wts0Mn$strstreambase$:std$$$nx[]uc
0001:0000c300  W?$dt:strstreambase$:std$n()_
Module: /mnt/sda5/.user/root/src/openwatcom-1.9/bld/plusplus/cpplib/os2.386/mf_rmt.dll/plbxmt3r.lib(ssfdestr.cpp)
0001:0000c4b0  W?$ct:strstreambuf$:std$n()_
0002:00002d60+ W?$Wts0Ln$strstreambuf$:std$$$nx[]uc
0001:0000c3e0  W?$dt:strstreambuf$:std$n()_
Module: /mnt/sda5/.user/root/src/openwatcom-1.9/bld/plusplus/cpplib/os2.386/mf_rmt.dll/plbxmt3r.lib(ssfdoall.cpp)
0001:0000c520  W?doallocate$:strstreambuf$:std$n()i
Module: /mnt/sda5/.user/root/src/openwatcom-1.9/bld/plusplus/cpplib/os2.386/mf_rmt.dll/plbxmt3r.lib(ssfempsf.cpp)
0001:0000c7a0  W?$ct:strstreambuf$:std$n(pn(l)pnvpn(pnv)v)_
Module: /mnt/sda5/.user/root/src/openwatcom-1.9/bld/plusplus/cpplib/os2.386/mf_rmt.dll/plbxmt3r.lib(ssfempsz.cpp)
0001:0000c820  W?$ct:strstreambuf$:std$n(i)_
Module: /mnt/sda5/.user/root/src/openwatcom-1.9/bld/plusplus/cpplib/os2.386/mf_rmt.dll/plbxmt3r.lib(ssfoverf.cpp)
0001:0000c8a0  W?overflow$:strstreambuf$:std$n(i)i
Module: /mnt/sda5/.user/root/src/openwatcom-1.9/bld/plusplus/cpplib/os2.386/mf_rmt.dll/plbxmt3r.lib(ssfseeko.cpp)
0001:0000ca10  W?seekoff$:strstreambuf$:std$n(lii)l
Module: /mnt/sda5/.user/root/src/openwatcom-1.9/bld/plusplus/cpplib/os2.386/mf_rmt.dll/plbxmt3r.lib(ssfsetbf.cpp)
0001:0000cbb0  W?setbuf$:strstreambuf$:std$n(pnai)pn$streambuf$:2$
Module: /mnt/sda5/.user/root/src/openwatcom-1.9/bld/plusplus/cpplib/os2.386/mf_rmt.dll/plbxmt3r.lib(ssfstbuf.cpp)
0001:0000cbe0  W?__strstreambuf$:strstreambuf$:std$n(pnaipna)v
Module: /mnt/sda5/.user/root/src/openwatcom-1.9/bld/plusplus/cpplib/os2.386/mf_rmt.dll/plbxmt3r.lib(ssfstr.cpp)
0001:0000cd80  W?str$:strstreambuf$:std$n()pna
Module: /mnt/sda5/.user/root/src/openwatcom-1.9/bld/plusplus/cpplib/os2.386/mf_rmt.dll/plbxmt3r.lib(ssfsync.cpp)
0001:0000cf00  W?sync$:strstreambuf$:std$n()i
Module: /mnt/sda5/.user/root/src/openwatcom-1.9/bld/plusplus/cpplib/os2.386/mf_rmt.dll/plbxmt3r.lib(ssfundrf.cpp)
0001:0000cf10  W?underflow$:strstreambuf$:std$n()i
Module: /mnt/sda5/.user/root/src/openwatcom-1.9/bld/plusplus/cpplib/os2.386/mf_rmt.dll/plbxmt3r.lib(sstconch.cpp)
0001:0000d150  W?$Wvt0Z.@dt:strstream$:std$o2a$:0:1$dtn()_$:iostream$:std$n()pnv
0002:00002e70  W?$Wvb0Io0:strstream$:std$$nx[]ui
0002:00002e80  W?$Wvb0Jo2a:strstream$:std$$nx[]ui
0002:00002e90  W?$Wvb0Jo2m:strstream$:std$$nx[]ui
0002:00002ea0  W?$Wvf0Jo26:strstream$:std$$nx[]pn()v
0002:00002eb0  W?$Wvf0Jo2i:strstream$:std$$nx[]pn()v
0002:00002ec0  W?$Wvf0Jo2q:strstream$:std$$nx[]pn()v
0002:00002ed0  W?$Wvf0Jo4c:strstream$:std$$nx[]pn()v
0001:0000d160  W?$Wvt0Z.@dt:strstream$:std$o2m$:0:1$dtn()_$:ostream$:std$n()pnv
0001:0000d170  W?$Wvt0X.@dt:strstream$:std$c$:0:1$dtn()_$:ios$:std$n()pnv
0001:0000d040  W?$ct:strstream$:std$n(pnaii)_
0002:00002ee0  W?$Wva0Io0:strstream$:std$$nx[]uc
0002:00003f5d  W?$Wti0H$strstream$:std$$$n[]uc
Module: /mnt/sda5/.user/root/src/openwatcom-1.9/bld/plusplus/cpplib/os2.386/mf_rmt.dll/plbxmt3r.lib(sstconde.cpp)
0001:0000d180  W?$ct:strstream$:std$n()_
Module: /mnt/sda5/.user/root/src/openwatcom-1.9/bld/plusplus/cpplib/os2.386/mf_rmt.dll/plbxmt3r.lib(sstconsc.cpp)
0001:0000d250  W?$ct:strstream$:std$n(pncii)_
Module: /mnt/sda5/.user/root/src/openwatcom-1.9/bld/plusplus/cpplib/os2.386/mf_rmt.dll/plbxmt3r.lib(sstconuc.cpp)
0001:0000d360  W?$ct:strstream$:std$n(pnucii)_
Module: /mnt/sda5/.user/root/src/openwatcom-1.9/bld/plusplus/cpplib/os2.386/mf_rmt.dll/plbxmt3r.lib(sstdestr.cpp)
0002:000030b0+ W?$Wts0In$strstream$:std$$$nx[]uc
0001:0000d570+ W?.tdtor$:strstream$:std$n()pnv
0001:0000d470  W?$dt:strstream$:std$n()_
Module: /mnt/sda5/.user/root/src/openwatcom-1.9/bld/plusplus/cpplib/os2.386/mf_rmt.dll/plbxmt3r.lib(stfconb.cpp)
0002:000030d0  W?$Wvf0Jo19:streambuf$:std$$nx[]pn()v
0001:0000d580  W?$ct:streambuf$:std$n(pnai)_
0002:00003100  W?$Wva0Io0:streambuf$:std$$nx[]uc
Module: /mnt/sda5/.user/root/src/openwatcom-1.9/bld/plusplus/cpplib/os2.386/mf_rmt.dll/plbxmt3r.lib(stfconde.cpp)
0001:0000d5e0  W?$ct:streambuf$:std$n()_
Module: /mnt/sda5/.user/root/src/openwatcom-1.9/bld/plusplus/cpplib/os2.386/mf_rmt.dll/plbxmt3r.lib(stfdbp.cpp)
0001:0000d640  W?dbp$:streambuf$:std$n()v
Module: /mnt/sda5/.user/root/src/openwatcom-1.9/bld/plusplus/cpplib/os2.386/mf_rmt.dll/plbxmt3r.lib(stfdestr.cpp)
0001:0000d680  W?$dt:streambuf$:std$n()_
Module: /mnt/sda5/.user/root/src/openwatcom-1.9/bld/plusplus/cpplib/os2.386/mf_rmt.dll/plbxmt3r.lib(stfdoall.cpp)
0001:0000d6a0  W?doallocate$:streambuf$:std$n()i
Module: /mnt/sda5/.user/root/src/openwatcom-1.9/bld/plusplus/cpplib/os2.386/mf_rmt.dll/plbxmt3r.lib(stfdsgtn.cpp)
0001:0000d750  W?do_sgetn$:streambuf$:std$n(pnai)i
Module: /mnt/sda5/.user/root/src/openwatcom-1.9/bld/plusplus/cpplib/os2.386/mf_rmt.dll/plbxmt3r.lib(stfdspun.cpp)
0001:0000d850  W?do_sputn$:streambuf$:std$n(pnxai)i
Module: /mnt/sda5/.user/root/src/openwatcom-1.9/bld/plusplus/cpplib/os2.386/mf_rmt.dll/plbxmt3r.lib(stfpbfai.cpp)
0001:0000d990  W?pbackfail$:streambuf$:std$n(i)i
Module: /mnt/sda5/.user/root/src/openwatcom-1.9/bld/plusplus/cpplib/os2.386/mf_rmt.dll/plbxmt3r.lib(stfsbuf.cpp)
0001:0000d9a0  W?setbuf$:streambuf$:std$n(pnai)pn$1:2$
Module: /mnt/sda5/.user/root/src/openwatcom-1.9/bld/plusplus/cpplib/os2.386/mf_rmt.dll/plbxmt3r.lib(stfseeko.cpp)
0001:0000da80  W?seekoff$:streambuf$:std$n(lii)l
Module: /mnt/sda5/.user/root/src/openwatcom-1.9/bld/plusplus/cpplib/os2.386/mf_rmt.dll/plbxmt3r.lib(stfseekp.cpp)
0001:0000da90  W?seekpos$:streambuf$:std$n(li)l
Module: /mnt/sda5/.user/root/src/openwatcom-1.9/bld/plusplus/cpplib/os2.386/mf_rmt.dll/plbxmt3r.lib(stfsetb.cpp)
0001:0000daa0  W?setb$:streambuf$:std$n(pnapnai)v
Module: /mnt/sda5/.user/root/src/openwatcom-1.9/bld/plusplus/cpplib/os2.386/mf_rmt.dll/plbxmt3r.lib(stfsync.cpp)
0001:0000db60  W?sync$:streambuf$:std$n()i
Module: /mnt/sda5/.user/root/src/openwatcom-1.9/bld/plusplus/cpplib/os2.386/mf_rmt.dll/plbxmt3r.lib(allocrep.cpp)
0001:0000dbb0  W?__AllocStringRep$:String$n(pn$StringRep$:1$ui)pn$2:1$
0002:00003f74  W?__string_mult_size$:String$nui
Module: /mnt/sda5/.user/root/src/openwatcom-1.9/bld/plusplus/cpplib/os2.386/mf_rmt.dll/plbxmt3r.lib(allomusz.cpp)
0001:0000dbf0  W?alloc_mult_size$:String$n(i)i
Module: /mnt/sda5/.user/root/src/openwatcom-1.9/bld/plusplus/cpplib/os2.386/mf_rmt.dll/plbxmt3r.lib(constrch.cpp)
0001:0000dc10  W?$ct:String$n(aui)_
Module: /mnt/sda5/.user/root/src/openwatcom-1.9/bld/plusplus/cpplib/os2.386/mf_rmt.dll/plbxmt3r.lib(destruct.cpp)
0001:0000dc70  W?$dt:String$n()_
Module: /mnt/sda5/.user/root/src/openwatcom-1.9/bld/plusplus/cpplib/os2.386/mf_rmt.dll/plbxmt3r.lib(opcostsc.cpp)
0001:0000dc90  W?$cv:String$n.x()a
Module: /mnt/sda5/.user/root/src/openwatcom-1.9/bld/plusplus/cpplib/os2.386/mf_rmt.dll/plbxmt3r.lib(opasstcs.cpp)
0001:0000dcb0  W?$aa:String$n(pnxa)rn$0$
Module: /mnt/sda5/.user/root/src/openwatcom-1.9/bld/plusplus/cpplib/os2.386/mf_rmt.dll/plbxmt3r.lib(opappcst.cpp)
0001:0000dd10  W?$ac:String$n(pnxa)rn$0$
Module: /mnt/sda5/.user/root/src/openwatcom-1.9/bld/plusplus/cpplib/os2.386/mf_rmt.dll/plbxmt3r.lib(opsubstr.cpp)
0001:0000dde0  W?.tdtor$:String$n()pnv
0001:0000dd60  W?$op:String$n.x(uiui)$0$
0002:00003170  W?$Wts0An$String$$$nx[]uc
0002:00003f78  W?$Wti09$String$$$n[]uc
Module: /mnt/sda5/.user/root/src/openwatcom-1.9/bld/plusplus/cpplib/os2.386/mf_rmt.dll/plbxmt3r.lib(oprfchar.cpp)
0001:0000ddf0  W?$op:String$n(ui)rna
0002:0000541c  W?__ref_char$:String$na
Module: /mnt/sda5/.user/root/src/openwatcom-1.9/bld/plusplus/cpplib/os2.386/mf_rmt.dll/plbxmt3r.lib(zapcase.cpp)
0001:0000de70  W?__ZapCase$:String$n.x(pn(i)i)$1$
Module: /mnt/sda5/.user/root/src/openwatcom-1.9/bld/plusplus/cpplib/os2.386/mf_rmt.dll/plbxmt3r.lib(compstr.cpp)
0001:0000df10  W?__CompareStrings$:String$n(rnx$1$rnx$1$)i
Module: /mnt/sda5/.user/root/src/openwatcom-1.9/bld/plusplus/cpplib/os2.386/mf_rmt.dll/plbxmt3r.lib(opeqchst.cpp)
0001:0000df50  W?$ran(pnxarnx$String$$)i
Module: /mnt/sda5/.user/root/src/openwatcom-1.9/bld/plusplus/cpplib/os2.386/mf_rmt.dll/plbxmt3r.lib(opnechst.cpp)
0001:0000df80  W?$rbn(pnxarnx$String$$)i
Module: /mnt/sda5/.user/root/src/openwatcom-1.9/bld/plusplus/cpplib/os2.386/mf_rmt.dll/plbxmt3r.lib(oplqchst.cpp)
0001:0000dfb0  W?$rdn(pnxarnx$String$$)i
Module: /mnt/sda5/.user/root/src/openwatcom-1.9/bld/plusplus/cpplib/os2.386/mf_rmt.dll/plbxmt3r.lib(opgrchst.cpp)
0001:0000dfe0  W?$ren(pnxarnx$String$$)i
Module: /mnt/sda5/.user/root/src/openwatcom-1.9/bld/plusplus/cpplib/os2.386/mf_rmt.dll/plbxmt3r.lib(opgqchst.cpp)
0001:0000e010  W?$rfn(pnxarnx$String$$)i
Module: /mnt/sda5/.user/root/src/openwatcom-1.9/bld/plusplus/cpplib/os2.386/mf_rmt.dll/plbxmt3r.lib(opcachst.cpp)
0001:0000e040  W?$ojn(pnxarnx$String$$)$0$
Module: /mnt/sda5/.user/root/src/openwatcom-1.9/bld/plusplus/cpplib/os2.386/mf_rmt.dll/plbxmt3r.lib(opinput.cpp)
0001:0000e170  W?$oan(rn$istream$:std$$rn$String$$)rn$0:1$
Module: /mnt/sda5/.user/root/src/openwatcom-1.9/bld/plusplus/cpplib/os2.386/mf_rmt.dll/plbxmt3r.lib(opoutput.cpp)
0001:0000e240  W?$obn(rn$ostream$:std$$rnx$String$$)rn$0:1$
Module: /mnt/sda5/.user/root/src/openwatcom-1.9/bld/plusplus/cpplib/os2.386/mf_rmt.dll/plbxmt3r.lib(matchcst.cpp)
0001:0000e270  W?match$:String$n.x(pnxa)i
Module: /mnt/sda5/.user/root/src/openwatcom-1.9/bld/plusplus/cpplib/os2.386/mf_rmt.dll/plbxmt3r.lib(joinstr.cpp)
0001:0000e2b0  W?__JoinStrings$:String$n(pnxauipnxaui)v
Module: /mnt/sda5/.user/root/src/openwatcom-1.9/bld/plusplus/cpplib/os2.386/mf_rmt.dll/plbxmt3r.lib(freestr.cpp)
0001:0000e350  W?__FreeStringRep$:String$n()v
Module: /mnt/sda5/.user/root/src/openwatcom-1.9/bld/plusplus/cpplib/os2.386/mf_rmt.dll/plbxmt3r.lib(indexcha.cpp)
0001:0000e380  W?index$:String$n.x(pnxaui)i
Module: /mnt/sda5/.user/root/src/openwatcom-1.9/bld/plusplus/cpplib/os2.386/mf_rmt.dll/plbxmt3r.lib(appendst.cpp)
0001:0000e3e0  W?__AppendToStringRep$:String$n(rnx$1$pnxaui)v
Module: /mnt/sda5/.user/root/src/openwatcom-1.9/bld/plusplus/cpplib/os2.386/mf_rmt.dll/plbxmt3r.lib(indexstr.cpp)
0001:0000e500  W?index$:String$n.x(rnx$1$ui)i
Module: /mnt/sda5/.user/root/src/openwatcom-1.9/bld/plusplus/cpplib/os2.386/mf_rmt.dll/plbxmt3r.lib(condefau.cpp)
0001:0000e550  W?$ct:String$n()_
Module: /mnt/sda5/.user/root/src/openwatcom-1.9/bld/plusplus/cpplib/os2.386/mf_rmt.dll/plbxmt3r.lib(constrst.cpp)
0001:0000e580  W?$ct:String$n(rnx$0$uiui)_
Module: /mnt/sda5/.user/root/src/openwatcom-1.9/bld/plusplus/cpplib/os2.386/mf_rmt.dll/plbxmt3r.lib(constcst.cpp)
0001:0000e5d0  W?$ct:String$n(pnxaui)_
Module: /mnt/sda5/.user/root/src/openwatcom-1.9/bld/plusplus/cpplib/os2.386/mf_rmt.dll/plbxmt3r.lib(matchs.cpp)
0001:0000e640  W?match$:String$n.x(rnx$1$)i
Module: /mnt/sda5/.user/root/src/openwatcom-1.9/bld/plusplus/cpplib/os2.386/mf_rmt.dll/plbxmt3r.lib(opappstr.cpp)
0001:0000e680  W?$ac:String$n(rnx$0$)rn$0$
Module: /mnt/sda5/.user/root/src/openwatcom-1.9/bld/plusplus/cpplib/os2.386/mf_rmt.dll/plbxmt3r.lib(opcastst.cpp)
0001:0000e6c0  W?$ojn(rnx$String$$rnx$0$)$0$
Module: /mnt/sda5/.user/root/src/openwatcom-1.9/bld/plusplus/cpplib/os2.386/mf_rmt.dll/plbxmt3r.lib(opcastch.cpp)
0001:0000e7e0  W?$ojn(rnx$String$$pnxa)$0$
Module: /mnt/sda5/.user/root/src/openwatcom-1.9/bld/plusplus/cpplib/os2.386/mf_rmt.dll/plbxmt3r.lib(opcostch.cpp)
0001:0000e910  W?$cv:String$n()pnxa
Module: /mnt/sda5/.user/root/src/openwatcom-1.9/bld/plusplus/cpplib/os2.386/mf_rmt.dll/plbxmt3r.lib(opco1sch.cpp)
0001:0000e980  W?$cv:String$n.x()pnxa
Module: /mnt/sda5/.user/root/src/openwatcom-1.9/bld/plusplus/cpplib/os2.386/mf_rmt.dll/plbxmt3r.lib(opgrstst.cpp)
0001:0000e990  W?$ren(rnx$String$$rnx$0$)i
Module: /mnt/sda5/.user/root/src/openwatcom-1.9/bld/plusplus/cpplib/os2.386/mf_rmt.dll/plbxmt3r.lib(opgrstch.cpp)
0001:0000e9a0  W?$ren(rnx$String$$pnxa)i
Module: /mnt/sda5/.user/root/src/openwatcom-1.9/bld/plusplus/cpplib/os2.386/mf_rmt.dll/plbxmt3r.lib(opeqstst.cpp)
0001:0000e9d0  W?$ran(rnx$String$$rnx$0$)i
Module: /mnt/sda5/.user/root/src/openwatcom-1.9/bld/plusplus/cpplib/os2.386/mf_rmt.dll/plbxmt3r.lib(opeqstch.cpp)
0001:0000e9e0  W?$ran(rnx$String$$pnxa)i
Module: /mnt/sda5/.user/root/src/openwatcom-1.9/bld/plusplus/cpplib/os2.386/mf_rmt.dll/plbxmt3r.lib(oplqstst.cpp)
0001:0000ea10  W?$rdn(rnx$String$$rnx$0$)i
Module: /mnt/sda5/.user/root/src/openwatcom-1.9/bld/plusplus/cpplib/os2.386/mf_rmt.dll/plbxmt3r.lib(oplqstch.cpp)
0001:0000ea20  W?$rdn(rnx$String$$pnxa)i
Module: /mnt/sda5/.user/root/src/openwatcom-1.9/bld/plusplus/cpplib/os2.386/mf_rmt.dll/plbxmt3r.lib(oplestst.cpp)
0001:0000ea50  W?$rcn(rnx$String$$rnx$0$)i
Module: /mnt/sda5/.user/root/src/openwatcom-1.9/bld/plusplus/cpplib/os2.386/mf_rmt.dll/plbxmt3r.lib(oplestch.cpp)
0001:0000ea60  W?$rcn(rnx$String$$pnxa)i
Module: /mnt/sda5/.user/root/src/openwatcom-1.9/bld/plusplus/cpplib/os2.386/mf_rmt.dll/plbxmt3r.lib(oplechst.cpp)
0001:0000ea90  W?$rcn(pnxarnx$String$$)i
Module: /mnt/sda5/.user/root/src/openwatcom-1.9/bld/plusplus/cpplib/os2.386/mf_rmt.dll/plbxmt3r.lib(opnestst.cpp)
0001:0000eac0  W?$rbn(rnx$String$$rnx$0$)i
Module: /mnt/sda5/.user/root/src/openwatcom-1.9/bld/plusplus/cpplib/os2.386/mf_rmt.dll/plbxmt3r.lib(opnestch.cpp)
0001:0000ead0  W?$rbn(rnx$String$$pnxa)i
Module: /mnt/sda5/.user/root/src/openwatcom-1.9/bld/plusplus/cpplib/os2.386/mf_rmt.dll/plbxmt3r.lib(opgqstst.cpp)
0001:0000eb00  W?$rfn(rnx$String$$rnx$0$)i
Module: /mnt/sda5/.user/root/src/openwatcom-1.9/bld/plusplus/cpplib/os2.386/mf_rmt.dll/plbxmt3r.lib(opgqstch.cpp)
0001:0000eb10  W?$rfn(rnx$String$$pnxa)i
Module: /mnt/sda5/.user/root/src/openwatcom-1.9/bld/plusplus/cpplib/os2.386/mf_rmt.dll/plbxmt3r.lib(opasstst.cpp)
0001:0000eb40  W?$aa:String$n(rnx$0$)rn$0$
Module: /mnt/sda5/.user/root/src/openwatcom-1.9/bld/plusplus/cpplib/os2.386/mf_rmt.dll/plbxmt3r.lib(opcrchar.cpp)
0001:0000eb80  W?$op:String$n.x(ui)rnxa
Module: /mnt/sda5/.user/root/src/openwatcom-1.9/bld/plusplus/cpplib/os2.386/mf_rmt.dll/plbxmt3r.lib(conszcap.cpp)
0001:0000eba0  W?$ct:String$n(ui$$TE$:0$)_
Module: /mnt/sda5/.user/root/src/openwatcom-1.9/bld/plusplus/cpplib/os2.386/mf_rmt.dll/plbxmt3r.lib(opeqcrst.cpp)
0001:0000ec00  W?$ran(arnx$String$$)i
Module: /mnt/sda5/.user/root/src/openwatcom-1.9/bld/plusplus/cpplib/os2.386/mf_rmt.dll/plbxmt3r.lib(opnecrst.cpp)
0001:0000ec30  W?$rbn(arnx$String$$)i
Module: /mnt/sda5/.user/root/src/openwatcom-1.9/bld/plusplus/cpplib/os2.386/mf_rmt.dll/plbxmt3r.lib(oplecrst.cpp)
0001:0000ec60  W?$rcn(arnx$String$$)i
Module: /mnt/sda5/.user/root/src/openwatcom-1.9/bld/plusplus/cpplib/os2.386/mf_rmt.dll/plbxmt3r.lib(oplqcrst.cpp)
0001:0000ec90  W?$rdn(arnx$String$$)i
Module: /mnt/sda5/.user/root/src/openwatcom-1.9/bld/plusplus/cpplib/os2.386/mf_rmt.dll/plbxmt3r.lib(opgrcrst.cpp)
0001:0000ecc0  W?$ren(arnx$String$$)i
Module: /mnt/sda5/.user/root/src/openwatcom-1.9/bld/plusplus/cpplib/os2.386/mf_rmt.dll/plbxmt3r.lib(opgqcrst.cpp)
0001:0000ecf0  W?$rfn(arnx$String$$)i
Module: /mnt/sda5/.user/root/src/openwatcom-1.9/bld/plusplus/cpplib/os2.386/mf_rmt.dll/plbxmt3r.lib(opcacrst.cpp)
0001:0000ed20  W?$ojn(arnx$String$$)$0$
Module: /mnt/sda5/.user/root/src/openwatcom-1.9/bld/plusplus/cpplib/os2.386/mf_rmt.dll/plbxmt3r.lib(opeqstcr.cpp)
0001:0000ee50  W?$ran(rnx$String$$a)i
Module: /mnt/sda5/.user/root/src/openwatcom-1.9/bld/plusplus/cpplib/os2.386/mf_rmt.dll/plbxmt3r.lib(opnestcr.cpp)
0001:0000ee80  W?$rbn(rnx$String$$a)i
Module: /mnt/sda5/.user/root/src/openwatcom-1.9/bld/plusplus/cpplib/os2.386/mf_rmt.dll/plbxmt3r.lib(opgrstcr.cpp)
0001:0000eeb0  W?$ren(rnx$String$$a)i
Module: /mnt/sda5/.user/root/src/openwatcom-1.9/bld/plusplus/cpplib/os2.386/mf_rmt.dll/plbxmt3r.lib(opgqstcr.cpp)
0001:0000eee0  W?$rfn(rnx$String$$a)i
Module: /mnt/sda5/.user/root/src/openwatcom-1.9/bld/plusplus/cpplib/os2.386/mf_rmt.dll/plbxmt3r.lib(oplestcr.cpp)
0001:0000ef10  W?$rcn(rnx$String$$a)i
Module: /mnt/sda5/.user/root/src/openwatcom-1.9/bld/plusplus/cpplib/os2.386/mf_rmt.dll/plbxmt3r.lib(oplqstcr.cpp)
0001:0000ef40  W?$rdn(rnx$String$$a)i
Module: /mnt/sda5/.user/root/src/openwatcom-1.9/bld/plusplus/cpplib/os2.386/mf_rmt.dll/plbxmt3r.lib(opcastcr.cpp)
0001:0000ef70  W?$ojn(rnx$String$$a)$0$
Module: /mnt/sda5/.user/root/src/openwatcom-1.9/bld/plusplus/cpplib/os2.386/mf_rmt.dll/plbxmt3r.lib(wcexcept.cpp)
0001:0000f0a0  W?base_throw_empty_container$:WCExcept$n.x()v
0001:0000f0c8  W?base_throw_index_range$:WCExcept$n.x()v
0001:0000f0f0  W?base_throw_not_empty$:WCExcept$n()v
0001:0000f128  W?base_throw_not_unique$:WCExcept$n.x()v
0001:0000f150  W?base_throw_out_of_memory$:WCExcept$n.x()v
0001:0000f178  W?base_throw_resize_required$:WCExcept$n.x()v
0001:0000f1a0  W?base_throw_zero_buckets$:WCExcept$n.x()v
0001:0000f1c8  W?base_throw_iter_range$:WCIterExcept$n.x()v
0001:0000f1f0  W?base_throw_undef_item$:WCIterExcept$n.x()v
0001:0000f240+ W?$ct:failure$:WCIterExcept$n(rnx$0:1$)_
0001:0000f250+ W?$dt:failure$:WCIterExcept$n()_
0001:0000f260+ W?$ct:failure$:WCExcept$n(rnx$0:1$)_
0001:0000f270+ W?$dt:failure$:WCExcept$n()_
0002:00003290+ W?$Wth0Nnrn$failure$:WCExcept$$$nx[]uc
0002:000032b0+ W?$Wth0Rnrn$failure$:WCIterExcept$$$nx[]uc
0002:000032d0+ W?$Wts0Ln$failure$:WCExcept$$$nx[]uc
0002:00003f86+ W?$Wti0O$failure$:WCIterExcept$$$n[]uc
0001:0000f218  W?base_throw_undef_iter$:WCIterExcept$n.x()v
0002:000032f0+ W?$Wts0Pn$failure$:WCIterExcept$$$nx[]uc
0002:00003fa3+ W?$Wti0K$failure$:WCExcept$$$n[]uc
Module: /mnt/sda5/.user/root/src/openwatcom-1.9/bld/plusplus/cpplib/os2.386/mf_rmt.dll/plbxmt3r.lib(wchash.cpp)
0001:0000fa50  W?$ct:WCExcept$n()_
0001:0000fa60  W?$dt:WCExcept$n()_
0001:0000fae0+ W?$ct:WCIterExcept$n()_
0001:0000faf0+ W?$dt:WCIterExcept$n()_
0001:0000fb70+ W?$ct:WCIsvListBase$n()_
0001:0000fbd0+ W?$ct:WCListIterBase$n()_
0001:0000fc30+ W?$dt:WCListIterBase$n()_
0001:0000f280  W?base_construct$:WCHashBase$n(pnx$1$)v
0001:0000f3f0  W?base_find$:WCHashBase$n.x(pnxvpnuipnui$find_type$:1$)pn$WCSLink$$
0001:0000f578  W?base_init$:WCHashBase$n(ui)v
0001:0000f5ec  W?base_remove_but_not_delete$:WCHashBase$n(pnxv)pn$WCSLink$$
0001:0000f634  W?base_set_insert$:WCHashBase$n(pnxv)pn$WCSLink$$
0001:0000f6b0+ W?$dt:WCHashBase$n()_
0001:0000f6f4  W?bitHash$:WCHashBase$n(pnxvui)ui
0001:0000f730  W?clear$:WCHashBase$n()v
0001:0000f778  W?insert$:WCHashBase$n(pnxv)i
0001:0000f7cc  W?occurrencesOf$:WCHashBase$n.x(pnxv)ui
0001:0000fc80+ W?WCListDelete$:WCIsvSListBase$::1n$WCSLink$$n(pn$2$)v
0001:0000fc90+ W?$dt:WCIsvSListBase$::1n$WCSLink$$n()_
0001:0000fcb0+ W?$dt:WCPtrListBase$::1n$WCSLink$$1n$WCIsvSListBase$::1n$1$$n()_
0001:0000fcd0+ W?$ct:WCIsvSList$::1n$WCSLink$$n()_
0001:0000fd80+ W?$dt:WCIsvSList$::1n$WCSLink$$n()_
0001:0000fe30+ W?$dt:WCIsvListIterBase$::1n$WCSLink$$1n$WCIsvSList$::1n$1$$n()_
0001:0000fe80+ W?$ct:WCIsvSListIter$::1n$WCSLink$$n()_
0001:0000ff10+ W?$dt:WCIsvSListIter$::1n$WCSLink$$n()_
0001:0000ffb0+ W?$ct:WCPtrListBase$::1n$WCSLink$$1n$WCIsvSListBase$::1n$1$$n()_
0002:000034f0  W?$Wvf0Co4:WCExcept$$nx[]pn()v
0002:00003500+ W?$Wvf0Go4:WCIterExcept$$nx[]pn()v
0002:00003510  W?$Wvf0Ho4:WCIsvListBase$$nx[]pn()v
0002:00003520+ W?$Wvf0Io4:WCListIterBase$$nx[]pn()v
0002:00003530+ W?$Wvf0Eo4:WCHashBase$$nx[]pn()v
0002:00003550+ W?$Wvf0Wo4:WCIsvSListBase$::1n$WCSLink$$$nx[]pn()v
0002:00003560+ W?$Wvf0vo4:WCPtrListBase$::1n$WCSLink$$1n$WCIsvSListBase$::1n$1$$$nx[]pn()v
0002:00003570+ W?$Wvf0So4:WCIsvSList$::1n$WCSLink$$$nx[]pn()v
0002:00003580+ W?$Wvf0vo4:WCIsvListIterBase$::1n$WCSLink$$1n$WCIsvSList$::1n$1$$$nx[]pn()v
0002:00003590+ W?$Wvf0Wo4:WCIsvSListIter$::1n$WCSLink$$$nx[]pn()v
0002:000035a0  W?$Wts0Cn$WCExcept$$$nx[]uc
0002:000035c0+ W?$Wts0Gn$WCIterExcept$$$nx[]uc
0002:000035e0+ W?$Wts0Wn$WCIsvSListIter$::1n$WCSLink$$$$nx[]uc
0002:00003600+ W?$Wts0Sn$WCIsvSList$::1n$WCSLink$$$$nx[]uc
0002:00003620+ W?$Wva0Wo0:WCIsvSListIter$::1n$WCSLink$$$nx[]uc
0002:00003660+ W?$Wva0vo0:WCIsvListIterBase$::1n$WCSLink$$1n$WCIsvSList$::1n$1$$$nx[]uc
0002:00003690+ W?$Wva0So0:WCIsvSList$::1n$WCSLink$$$nx[]uc
0002:000036d0+ W?$Wva0vo0:WCPtrListBase$::1n$WCSLink$$1n$WCIsvSListBase$::1n$1$$$nx[]uc
0002:00003710+ W?$Wva0Wo0:WCIsvSListBase$::1n$WCSLink$$$nx[]uc
0002:00003740+ W?$Wva0Eo0:WCHashBase$$nx[]uc
0002:00003760+ W?$Wva0Io0:WCListIterBase$$nx[]uc
0002:00003780  W?$Wva0Ho0:WCIsvListBase$$nx[]uc
0002:000037a0+ W?$Wva0Go0:WCIterExcept$$nx[]uc
0002:00003fbc+ W?$Wti0D$WCHashBase$$$n[]uc
0002:00003fce  W?$Wti0G$WCIsvListBase$$$n[]uc
0002:00003fe3+ W?$Wti0V$WCIsvSListBase$::1n$WCSLink$$$$n[]uc
0002:00004007+ W?$Wti0u$WCPtrListBase$::1n$WCSLink$$1n$WCIsvSListBase$::1n$1$$$$n[]uc
0002:00004044+ W?$Wti0H$WCListIterBase$$$n[]uc
0002:0000405a+ W?$Wti0u$WCIsvListIterBase$::1n$WCSLink$$1n$WCIsvSList$::1n$1$$$$n[]uc
0002:00004097+ W?$Wti0R$WCIsvSList$::1n$WCSLink$$$$n[]uc
0002:000040b7+ W?$Wti0V$WCIsvSListIter$::1n$WCSLink$$$$n[]uc
0002:000040db+ W?$Wti0F$WCIterExcept$$$n[]uc
0001:00010050+ W?$ct:WCIsvListIterBase$::1n$WCSLink$$1n$WCIsvSList$::1n$1$$n()_
0001:000100d0+ W?$ct:WCIsvSListBase$::1n$WCSLink$$n(pn(ui)pnvpn(pnvui)v)_
0001:0000f81c  W?removeAll$:WCHashBase$n(pnxv)ui
0001:0000f888  W?resize$:WCHashBase$n(ui)v
0001:0000f988  W?base_advance$:WCHashIterBase$n()i
0001:0000fa04  W?reset$:WCHashIterBase$n()v
0002:000037b0  W?$Wva0Co0:WCExcept$$nx[]uc
0002:000040ef  W?$Wti0B$WCExcept$$$n[]uc
Module: /mnt/sda5/.user/root/src/openwatcom-1.9/bld/plusplus/cpplib/os2.386/mf_rmt.dll/plbxmt3r.lib(wclist.cpp)
0001:00010150  W?base_next$:WCIsvListBase$n.x(pnx$WCSLink$$i)pn$2$
0001:0001016c  W?base_insert$:WCIsvListBase$n(pn$WCSLink$$)v
0001:00010190  W?base_index_check$:WCIsvListBase$n.x(i)i
0001:000101c8  W?base_bfind$:WCIsvListBase$n.x(i)pn$WCSLink$$
0001:000101e0  W?base_sfind$:WCIsvListBase$n.x(i)pn$WCSLink$$
0001:000101f0  W?base_dfind$:WCIsvListBase$n.x(i)pn$WCDLink$$
0001:0001023c  W?base_sget$:WCIsvListBase$n(i)pn$WCSLink$$
0001:00010274  W?base_dget$:WCIsvListBase$n(i)pn$WCDLink$$
0001:000102bc  W?base_index$:WCIsvListBase$n.x(pnx$WCSLink$$)i
0001:00010304  W?base_clear$:WCIsvListBase$n()v
0001:00010314  W?base_destroy$:WCIsvListBase$n()v
0001:00010358  W?$dt:WCIsvListBase$n()_
0001:000103bc  W?base_advance$:WCListIterBase$n(i)pn$WCSLink$$
0001:0001045c  W?base_retreat$:WCListIterBase$n(i)pn$WCDLink$$
0001:00010500  W?base_tail_hit$:WCListIterBase$n(pn$WCSLink$$)pn$2$
0001:0001051c  W?base_tail_unhit$:WCListIterBase$n(pn$WCSLink$$)v
Module: /mnt/sda5/.user/root/src/openwatcom-1.9/bld/plusplus/cpplib/os2.386/mf_rmt.dll/plbxmt3r.lib(wcskip.cpp)
0001:00010c90+ W?$dt:WCSkipNonTempBase$n()_
0002:00003830+ W?$Wvf0Lo4:WCSkipNonTempBase$$nx[]pn()v
0002:00003850+ W?$Wva0Lo0:WCSkipNonTempBase$$nx[]uc
0002:00004104+ W?$Wti0K$WCSkipNonTempBase$$$n[]uc
0001:0001053c  W?$ct:WCSkipNonTempBase$n(uiuii)_
0001:000105a8  W?$ct:WCSkipNonTempBase$n(uiuipn(ui)pnvpn(pnvui)vi)_
0001:00010628  W?base_assign$:WCSkipNonTempBase$n(pnx$1$)v
0001:00010678  W?base_construct$:WCSkipNonTempBase$n(pnx$1$)v
0001:000106bc  W?base_find$:WCSkipNonTempBase$n.x(pnxv)pn$WCSkipListPtrs$$
0001:0001073c  W?base_find_with_update$:WCSkipNonTempBase$n.x(pnxvpnpn$WCSkipListPtrs$$)pn$2$
0001:000107c4+ W?base_init$:WCSkipNonTempBase$n(uiui)v
0001:0001081c  W?base_insert$:WCSkipNonTempBase$n(pnxv)pn$WCSkipListPtrs$$
0001:000108b0  W?base_occurrencesOf$:WCSkipNonTempBase$n.x(pnxv)ui
0001:00010900  W?base_random_level$:WCSkipNonTempBase$n()i
0001:00010970  W?base_removeAll$:WCSkipNonTempBase$n(pnxv)ui
0001:00010b04  W?base_remove_but_not_delete$:WCSkipNonTempBase$n(pnxvrni)pn$WCSkipListPtrs$$
0001:00010b78  W?clear$:WCSkipNonTempBase$n()v
0001:00010c5c  W?remove$:WCSkipNonTempBase$n(pnxv)i
0002:00004100  W?randomsLeft$:WCSkipNonTempBase$nui
0002:00005420  W?randomBits$:WCSkipNonTempBase$nui
Module: ../../../clib/os2.386/mf_r/clbrdll.lib(dmndo32.c)
0001:00010cd0  __LibMain
0002:00005424+ ___Is_DLL
0002:00005428+ __LpwDllName
0002:0000542c+ __LpDllName
Module: ../../../clib/os2.386/mf_r/clbrdll.lib(segdefns)
0001:00000003  ___begtext
0002:00000000* __nullarea
0002:00005154  __Start_XI
0002:000051a8  __End_XI
0002:000051a8  __Start_YI
0002:000051b4  __End_YI
Module: /mnt/sda5/.user/root/src/openwatcom-1.9/bld/plusplus/cpplib/os2.386/mf_rmt/plbxmt3r.lib(prwdata.cpp)
0002:00005740  __wint_static_init_sema
0002:00005750  __wint_pure_error_flag
0002:00005752  __wint_undef_vfun_flag
0002:00005754  __wint_module_init
Module: /mnt/sda5/.user/root/src/openwatcom-1.9/bld/plusplus/cpplib/os2.386/mf_rmt.dll/plbxmt3r.lib(thrddata.cpp)
0001:00010da0  __wcpp_4_multi_thread_init__
Module: /mnt/sda5/.user/root/src/openwatcom-1.9/bld/plusplus/cpplib/os2.386/mf_rmt.dll/plbxmt3r.lib(tssize.cpp)
0001:00010dd4  __wcpp_4_ts_size__
Module: /mnt/sda5/.user/root/src/openwatcom-1.9/bld/plusplus/cpplib/os2.386/mf_rmt.dll/plbxmt3r.lib(stabdisp.cpp)
0001:0001100c  __wcpp_4_dispatchable__
Module: /mnt/sda5/.user/root/src/openwatcom-1.9/bld/plusplus/cpplib/os2.386/mf_rmt.dll/plbxmt3r.lib(pgmthrd.cpp)
0001:00011060  __wcpp_4_pgm_thread__
Module: /mnt/sda5/.user/root/src/openwatcom-1.9/bld/plusplus/cpplib/os2.386/mf_rmt.dll/plbxmt3r.lib(fatalerr.cpp)
0001:00011090  __wcpp_4_fatal_runtime_error__
Module: /mnt/sda5/.user/root/src/openwatcom-1.9/bld/plusplus/cpplib/os2.386/mf_rmt.dll/plbxmt3r.lib(rttidync.cpp)
0001:000110c0  __DoDynamicCast_
Module: /mnt/sda5/.user/root/src/openwatcom-1.9/bld/plusplus/cpplib/os2.386/mf_rmt.dll/plbxmt3r.lib(rttisupp.cpp)
0001:00011150  __CalcMostDerived_
0001:00011184  __MakeSureTidIsPresent_
Module: /mnt/sda5/.user/root/src/openwatcom-1.9/bld/plusplus/cpplib/os2.386/mf_rmt.dll/plbxmt3r.lib(stabtrav.cpp)
0001:000111e0  __wcpp_4_stab_entry__
0001:000111f8* __wcpp_4_stab_trav_comp__
0001:000112dc  __wcpp_4_stab_trav_init__
0001:00011300  __wcpp_4_stab_trav_next__
0001:00011358  __wcpp_4_stab_trav_move__
Module: /mnt/sda5/.user/root/src/openwatcom-1.9/bld/plusplus/cpplib/os2.386/mf_rmt.dll/plbxmt3r.lib(callterm.cpp)
0001:00011370  __wcpp_4_corrupted_stack__
0001:00011384  __wcpp_4_call_terminate__
Module: /mnt/sda5/.user/root/src/openwatcom-1.9/bld/plusplus/cpplib/os2.386/mf_rmt.dll/plbxmt3r.lib(allocexc.cpp)
0001:000113d4  __wcpp_4_alloc_exc__
0001:0001163c  __wcpp_4_free_exc__
0001:00011684  __wcpp_4_find_active__
0001:000116a0  __wcpp_4_dtor_free_exc__
Module: /mnt/sda5/.user/root/src/openwatcom-1.9/bld/plusplus/cpplib/os2.386/mf_rmt.dll/plbxmt3r.lib(exc_pr.cpp)
0001:00011770  W?$ct:_EXC_PR$n(pn$_RTCTL$$pn$RW_DTREG$$$EXCSTATE$$)_
0001:0001179c  W?$dt:_EXC_PR$n()_
0001:000117ac  W?$ct:_EXC_PR_FREE$n(pn$_RTCTL$$pn$RW_DTREG$$$EXCSTATE$$pn$ACTIVE_EXC$$)_
0001:000117c0  W?$dt:_EXC_PR_FREE$n()_
0001:000117f8  W?$ct:_EXC_PR_DTOR$n(pn$_RTCTL$$pn$RW_DTREG$$$EXCSTATE$$pn$ACTIVE_EXC$$)_
0001:00011808  W?$ct:_EXC_PR_FNEXC$n(pn$_RTCTL$$pn$RW_DTREG$$pn$2$pn$ACTIVE_EXC$$)_
0001:00011828  W?$dt:_EXC_PR_FNEXC$n()_
0001:00011830  W?$dt:_EXC_PR_DTOR$n()_
Module: /mnt/sda5/.user/root/src/openwatcom-1.9/bld/plusplus/cpplib/os2.386/mf_rmt.dll/plbxmt3r.lib(tsequiv.cpp)
0001:00011860  __wcpp_4_ts_refed__
0001:00011878+ __wcpp_4_ts_pnted__
0001:000118ac  __wcpp_4_ts_equiv__
Module: /mnt/sda5/.user/root/src/openwatcom-1.9/bld/plusplus/cpplib/os2.386/mf_rmt.dll/plbxmt3r.lib(stabinit.cpp)
0001:00011990  __wcpp_4_exc_setup__
Module: /mnt/sda5/.user/root/src/openwatcom-1.9/bld/plusplus/cpplib/os2.386/mf_rmt/plbxmt3r.lib(stablcl.cpp)
0001:00011a30  __wcpp_4_lcl_register__
Module: /mnt/sda5/.user/root/src/openwatcom-1.9/bld/plusplus/cpplib/os2.386/mf_rmt/plbxmt3r.lib(moddtorr.cpp)
0002:000051ae  ___wcpp_4_data_module_dtor_ref_
Module: /mnt/sda5/.user/root/src/openwatcom-1.9/bld/plusplus/cpplib/os2.386/mf_rmt.dll/plbxmt3r.lib(iofgldfl.cpp)
0001:00011a40+ W?__getLDFsign$n(pn$streambuf$:std$$rnpnai)i
0001:00011c30+ W?__getLDFmantissa$n(pn$streambuf$:std$$rnpna)i
0001:00011e4c+ W?__getLDFexponent$n(pn$streambuf$:std$$rnpna)i
0001:00012118  W?__GetLDFloat$n(pn$streambuf$:std$$pna)i
Module: /mnt/sda5/.user/root/src/openwatcom-1.9/bld/plusplus/cpplib/os2.386/mf_rmt.dll/plbxmt3r.lib(iosgnilk.cpp)
0001:000121f0  W?$Wda0216$:__lock$n(ui)pnv
0001:00012210  W?.tdctor$:__lock$n()rn$1$
0001:00012190  W?__get_next_ios_lock$n()pn$__lock$$
Module: /mnt/sda5/.user/root/src/openwatcom-1.9/bld/plusplus/cpplib/os2.386/mf_rmt.dll/plbxmt3r.lib(iosfail.cpp)
0001:00012220  W?$ct:failure$:ios$:std$n(i)_
Module: /mnt/sda5/.user/root/src/openwatcom-1.9/bld/plusplus/cpplib/os2.386/mf_rmt.dll/plbxmt3r.lib(istgtu64.cpp)
0001:00012230  W?__getunsignedint64$n(pn$streambuf$:std$$rnuzuzzl)i
Module: /mnt/sda5/.user/root/src/openwatcom-1.9/bld/plusplus/cpplib/os2.386/mf_rmt.dll/plbxmt3r.lib(istgetul.cpp)
0001:00012510  W?__getunsignedlong$n(pn$streambuf$:std$$rnululll)i
Module: /mnt/sda5/.user/root/src/openwatcom-1.9/bld/plusplus/cpplib/os2.386/mf_rmt.dll/plbxmt3r.lib(istgalin.cpp)
0001:00012790  W?__getaline$n(rn$istream$:std$$pnaiairni)i
Module: /mnt/sda5/.user/root/src/openwatcom-1.9/bld/plusplus/cpplib/os2.386/mf_rmt.dll/plbxmt3r.lib(ioufgtba.cpp)
0001:000129b0  W?__FlagsToBase$n(l)i
Module: /mnt/sda5/.user/root/src/openwatcom-1.9/bld/plusplus/cpplib/os2.386/mf_rmt.dll/plbxmt3r.lib(ostadpre.cpp)
0001:000129e0  W?__AddPrefix$n(apnarniil)v
Module: /mnt/sda5/.user/root/src/openwatcom-1.9/bld/plusplus/cpplib/os2.386/mf_rmt.dll/plbxmt3r.lib(ssfgpos.cpp)
0001:00012a40  W?__get_position$n(lipnapnapnapna)l
Module: /mnt/sda5/.user/root/src/openwatcom-1.9/bld/plusplus/cpplib/os2.386/mf_rmt.dll/plbxmt3r.lib(stfgnslk.cpp)
0001:00012ab0  W?__get_next_streambuf_lock$n()pn$__lock$$
Module: /mnt/sda5/.user/root/src/openwatcom-1.9/bld/plusplus/cpplib/os2.386/mf_rmt.dll/plbxmt3r.lib(compchar.cpp)
0001:00012b10  W?__CompareChars$n(pnxalpnxal)i
Module: /mnt/sda5/.user/root/src/openwatcom-1.9/bld/plusplus/cpplib/os2.386/mf_rmt.dll/plbxmt3r.lib(matchstr.cpp)
0001:00012ba0  W?__MatchStrings$n(pnxauipnxaui)l
Module: /mnt/sda5/.user/root/src/openwatcom-1.9/bld/plusplus/cpplib/os2.386/mf_rmt.dll/plbxmt3r.lib(strsrch.cpp)
0001:00012bd0  StringSearch_
Module: ../../../clib/os2.386/mf_r/clbrdll.lib(lmaino32.c)
0001:00012d90  LibMain
Module: ../../../clib/os2.386/mf_r/clbrdll.lib(initrtns.c)
0001:00012dc0  __InitRtns
0001:00012e10  __FiniRtns
Module: ../../../clib/os2.386/mf_r/clbrdll.lib(ddgrpo32.c)
0001:00012f40  __disallow_single_dgroup_
Module: ../../../clib/os2.386/mf_r/clbrdll.lib(dcinit.c)
0001:00013190  __CommonInit_
0002:00005c34  ___hmodule
Module: ../../../clib/os2.386/mf_r/clbrdll.lib(dosseg)
0000:00001234  __DOSseg__
Module: /mnt/sda5/.user/root/src/openwatcom-1.9/bld/plusplus/cpplib/os2.386/mf_rmt.dll/plbxmt3r.lib(bittest.cpp)
0001:000131a0  __wcpp_4_bit_test__
0001:000131c0  __wcpp_4_bit_off__
Module: /mnt/sda5/.user/root/src/openwatcom-1.9/bld/plusplus/cpplib/os2.386/mf_rmt/plbxmt3r.lib(areaexc.cpp)
0002:00004150  ___EXC_AREA
Module: /mnt/sda5/.user/root/src/openwatcom-1.9/bld/plusplus/cpplib/os2.386/mf_rmt.dll/plbxmt3r.lib(dstabmod.cpp)
0001:000131e0  __wcpp_4_module_dtor__
0001:0001321c  __wcpp_4_mod_register__
Module: /mnt/sda5/.user/root/src/openwatcom-1.9/bld/plusplus/cpplib/os2.386/mf_rmt.dll/plbxmt3r.lib(istgsign.cpp)
0001:00013250  W?__getsign$n(pn$streambuf$:std$$rna)i
Module: /mnt/sda5/.user/root/src/openwatcom-1.9/bld/plusplus/cpplib/os2.386/mf_rmt.dll/plbxmt3r.lib(istgbase.cpp)
0001:00013340  W?__getbase$n(pn$streambuf$:std$$rnirni)i
Module: /mnt/sda5/.user/root/src/openwatcom-1.9/bld/plusplus/cpplib/os2.386/mf_rmt.dll/plbxmt3r.lib(istgnm64.cpp)
0001:00013680  W?__getnumberint64$n(pn$streambuf$:std$$rnuzirni)i
Module: /mnt/sda5/.user/root/src/openwatcom-1.9/bld/plusplus/cpplib/os2.386/mf_rmt.dll/plbxmt3r.lib(istgnum.cpp)
0001:00013990  W?__getnumber$n(pn$streambuf$:std$$rnulirni)i
Module: ../../../clib/os2.386/mf_r/clbrdll.lib(dllmno32.c)
0001:00013c00  DllMain


                        +----------------------+
                        |   Imported Symbols   |
                        +----------------------+

Symbol                              Module
======                              ======

free_                               clbr19
malloc_                             clbr19
___GetThreadPtr                     clbr19
memset_                             clbr19
___ReleaseSema4                     clbr19
___CloseSema4                       clbr19
___AccessSema4                      clbr19
longjmp_                            clbr19
stackavail_                         clbr19
__GRO                               clbr19
DosUnwindException                  DOSCALLS
DosRaiseException                   DOSCALLS
__exit_                             clbr19
strcmp_                             clbr19
__demangle_t_                       clbr19
__plusplus_fstat_                   clbr19
close_                              clbr19
__plusplus_open_                    clbr19
write_                              clbr19
tell_                               clbr19
lseek_                              clbr19
memmove_                            clbr19
read_                               clbr19
__get_errno_ptr_                    clbr19
__fatal_runtime_error_              clbr19
__get_std_stream_                   clbr19
_plib_free_                         clbr19
_plib_malloc_                       clbr19
isspace_                            clbr19
lltoa_                              clbr19
ultoa_                              clbr19
strupr_                             clbr19
ltoa_                               clbr19
ulltoa_                             clbr19
__flush_                            clbr19
fwrite_                             clbr19
fgetc_                              clbr19
printf_                             clbr19
realloc_                            clbr19
rand_                               clbr19
DosQueryModuleName                  DOSCALLS
_atouni_                            clbr19
__RegisterThreadDataSize_           clbr19
__EnterWVIDEO_                      clbr19
exit_                               clbr19
__exit_with_msg_                    clbr19
isdigit_                            clbr19
tolower_                            clbr19
isxdigit_                           clbr19
DosGetInfoBlocks                    DOSCALLS
DosLoadModule                       DOSCALLS
DosQueryProcAddr                    DOSCALLS
DosOpen                             DOSCALLS
DosWrite                            DOSCALLS
DosClose                            DOSCALLS
__amblksiz_br                       clbr19
__U8LS                              clbr19


                        +--------------------+
                        |   Libraries Used   |
                        +--------------------+

/mnt/sda5/.user/root/src/openwatcom-1.9/bld/plusplus/cpplib/os2.386/mf_rmt.dll/plbxmt3r.lib
../../../clib/os2.386/mf_r/clbrdll.lib
/mnt/sda5/.user/root/src/openwatcom-1.9/bld/plusplus/cpplib/os2.386/mf_rmt/plbxmt3r.lib
/mnt/sda5/.user/root/src/openwatcom-1.9/rel2/lib386/os2/os2386.lib


                        +-----------------------+
                        |   Linker Statistics   |
                        +-----------------------+

Stack size:  0000 (0.)
Memory size:  00019850 (104528.)
Link time: 00:00.00
