Open Watcom Linker Version 1.9
Portions Copyright (c) 1985-2002 Sybase, Inc. All Rights Reserved.
Created on:       12/12/15 18:41:14
Executable Image: wfscopy.exe
creating a DOS executable


                        +------------+
                        |   Groups   |
                        +------------+

Group                           Address              Size
=====                           =======              ====

DGROUP                          02b4:0000            00002be0



                        +--------------+
                        |   Segments   |
                        +--------------+

Segment                Class          Group          Address         Size
=======                =====          =====          =======         ====

BEGTEXT                CODE           AUTO           0000:0000       00000007
_TEXT                  CODE           AUTO           0000:0010       00002b30
FAR_DATA               FAR_DATA       AUTO           02b4:0000       00000000
_NULL                  BEGDATA        DGROUP         02b4:0000       00000020
_AFTERNULL             BEGDATA        DGROUP         02b6:0000       00000002
CONST                  DATA           DGROUP         02b6:0002       000000ca
CONST2                 DATA           DGROUP         02c2:000c       00000000
_DATA                  DATA           DGROUP         02c2:000c       000001a0
XIB                    DATA           DGROUP         02dc:000c       00000000
XI                     DATA           DGROUP         02dc:000c       00000018
XIE                    DATA           DGROUP         02de:0004       00000000
YIB                    DATA           DGROUP         02de:0004       00000000
YI                     DATA           DGROUP         02de:0004       00000012
YIE                    DATA           DGROUP         02df:0006       00000000
STRINGS                DATA           DGROUP         02df:0006       00000000
DATA                   DATA           DGROUP         02df:0006       00000000
_BSS                   BSS            DGROUP         02df:0006       00002121
STACK                  STACK          DGROUP         04f2:0000       00000800


                        +----------------+
                        |   Memory Map   |
                        +----------------+

* = unreferenced symbol
+ = symbol only referenced locally

Address        Symbol
=======        ======

Module: fscopy.obj(/mnt/sda5/.user/root/src/openwatcom-1.9/bld/pbide/fscopy/fscopy.c)
0000:0010      main_
Module: /usr/src/openwatcom-1.9/rel2/lib286/dos/clibs.lib(open.c)
0000:02a3      open_
0000:02c2+     sopen_
Module: /usr/src/openwatcom-1.9/rel2/lib286/dos/clibs.lib(read.c)
0000:02e7      read_
Module: /usr/src/openwatcom-1.9/rel2/lib286/dos/clibs.lib(printf.c)
0000:03b1      printf_
Module: /usr/src/openwatcom-1.9/rel2/lib286/dos/clibs.lib(close.c)
0000:03d1      close_
Module: /usr/src/openwatcom-1.9/rel2/lib286/dos/clibs.lib(remove.c)
0000:03d4      remove_
Module: /usr/src/openwatcom-1.9/rel2/lib286/dos/clibs.lib(write.c)
0000:04e9      write_
Module: /usr/src/openwatcom-1.9/rel2/lib286/dos/clibs.lib(cstart)
0000:0003*     ___begtext
02b4:0000*     __nullarea
0000:0694      _cstart_
0000:0769*     _Not_Enough_Memory_
0000:0894      __exit_
0000:08b3      __do_exit_with_msg__
0000:08f6      __GETDS
Module: /usr/src/openwatcom-1.9/rel2/lib286/dos/clibs.lib(cmodel)
0000:0900      _small_code_
0000:0900*     CodeModelMismatch
Module: /usr/src/openwatcom-1.9/rel2/lib286/dos/clibs.lib(argcv.c)
02b4:22b6      __argc
02b4:22b8      __argv
02b4:22ba      ___argc
02b4:22bc      ___argv
Module: /usr/src/openwatcom-1.9/rel2/lib286/dos/clibs.lib(opendos.c)
0000:0900      _dos_open_
Module: /usr/src/openwatcom-1.9/rel2/lib286/dos/clibs.lib(iomode.c)
0000:0914      __GetIOMode_
0000:092b      __SetIOMode_nogrow_
02b4:00ec      ___NFiles
02b4:00ee      ___init_mode
02b4:0116      ___io_mode
Module: /usr/src/openwatcom-1.9/rel2/lib286/dos/clibs.lib(isatt.c)
0000:0940      isatty_
Module: /usr/src/openwatcom-1.9/rel2/lib286/dos/clibs.lib(seterrno.c)
0000:095c      __set_errno_
0000:096a*     __set_EDOM_
0000:0976*     __set_ERANGE_
0000:0982*     __set_EINVAL_
0000:0991      __set_doserrno_
Module: /usr/src/openwatcom-1.9/rel2/lib286/dos/clibs.lib(dosret.c)
0000:099a*     _dosretax_
0000:099f*     _dosret0_
0000:09a6      __set_errno_dos_
0000:09f6*     __set_errno_dos_reterr_
Module: /usr/src/openwatcom-1.9/rel2/lib286/dos/clibs.lib(errno.c)
0000:0a00      __get_errno_ptr_
0000:0a04      __get_doserrno_ptr_
02b4:22be+     _errno
02b4:22c0+     __doserrno
Module: /usr/src/openwatcom-1.9/rel2/lib286/dos/clibs.lib(umaskval.c)
02b4:012c      ___umaskval
Module: /usr/src/openwatcom-1.9/rel2/lib286/dos/clibs.lib(creatdos.c)
0000:0a08      _dos_creat_
0000:0a1a*     _dos_creatnew_
Module: /usr/src/openwatcom-1.9/rel2/lib286/dos/clibs.lib(stiomode.c)
0000:0a2d+     __grow_iomode_
0000:0ab1+     __shrink_iomode_
0000:0aca      __SetIOMode_
Module: /usr/src/openwatcom-1.9/rel2/lib286/dos/clibs.lib(iob.c)
02b4:012e      ___iob
02b4:0246      __fmode
02b4:22c4      ___OpenStreams
02b4:22c6      ___ClosedStreams
Module: /usr/src/openwatcom-1.9/rel2/lib286/dos/clibs.lib(iomodtty.c)
0000:0b1b      __ChkTTYIOMode_
0000:0b4d*     __IOMode_
Module: /usr/src/openwatcom-1.9/rel2/lib286/dos/clibs.lib(__lseek.c)
0000:0b5a      __lseek_
Module: /usr/src/openwatcom-1.9/rel2/lib286/dos/clibs.lib(fprtf.c)
0000:0ba1      __fprtf_
Module: /usr/src/openwatcom-1.9/rel2/lib286/dos/clibs.lib(_clse.c)
0000:0c38      __close_
Module: /usr/src/openwatcom-1.9/rel2/lib286/dos/clibs.lib(unlnk.c)
0000:0c67      unlink_
Module: /usr/src/openwatcom-1.9/rel2/lib286/dos/clibs.lib(stack086.c)
0000:0c7a      stackavail_
Module: /usr/src/openwatcom-1.9/rel2/lib286/dos/clibs.lib(stk)
0000:0c87*     __STK
0000:0c9e      __STKOVERFLOW_
Module: /usr/src/openwatcom-1.9/rel2/lib286/dos/clibs.lib(xmsg.c)
0000:0cb9*     __exit_with_msg_
0000:0cbc      __fatal_runtime_error_
Module: /usr/src/openwatcom-1.9/rel2/lib286/dos/clibs.lib(cmain086.c)
0000:0cd6      __CMain
Module: /usr/src/openwatcom-1.9/rel2/lib286/dos/clibs.lib(initrtns.c)
0000:0d27*     __FInitRtns
0000:0d2b      __InitRtns
0000:0d86*     __FFiniRtns
0000:0d8a      __FiniRtns
Module: /usr/src/openwatcom-1.9/rel2/lib286/dos/clibs.lib(crwdata)
02b4:024a      __curbrk
02b4:0252      __STACKLOW
02b4:0254      __STACKTOP
02b4:0256      __cbyte
02b4:0258      __child
02b4:025a      __no87
02b4:0268      ___FPE_handler
02b4:024c      __psp
02b4:025c      __get_ovl_stack
02b4:0260      __restore_ovl_stack
02b4:0264      __close_ovl_file
02b4:026c      __LpCmdLine
02b4:0270      __LpPgmName
02b4:024e      __osmajor
02b4:024f      __osminor
02b4:0250      __osmode
02b4:0251      __HShift
Module: /usr/src/openwatcom-1.9/rel2/lib286/dos/clibs.lib(uselfn.c)
02b4:0274      ___uselfn
Module: /usr/src/openwatcom-1.9/rel2/lib286/dos/clibs.lib(dosseg)
0000:0dee      __DOSseg__
Module: /usr/src/openwatcom-1.9/rel2/lib286/dos/clibs.lib(initargv.c)
0000:0def      __Init_Argv_
0000:0e20+     _getargv_
0000:0f85      __Fini_Argv_
Module: /usr/src/openwatcom-1.9/rel2/lib286/dos/clibs.lib(doserror)
0000:0f90      __doserror_
Module: /usr/src/openwatcom-1.9/rel2/lib286/dos/clibs.lib(nrealloc.c)
0000:0f9c*     _nrealloc_
0000:0f9c      realloc_
Module: /usr/src/openwatcom-1.9/rel2/lib286/dos/clibs.lib(nmalloc.c)
0000:100a      _nmalloc_
0000:100a      malloc_
02b4:0276      ___nheapbeg
02b4:0278      ___MiniHeapRover
02b4:027a      ___LargestSizeB4MiniHeapRover
Module: /usr/src/openwatcom-1.9/rel2/lib286/dos/clibs.lib(nfree.c)
0000:10c3      _nfree_
0000:10c3      free_
02b4:22ca+     ___MiniHeapFreeRover
Module: /usr/src/openwatcom-1.9/rel2/lib286/dos/clibs.lib(initfile.c)
0000:1184      __InitFiles_
Module: /usr/src/openwatcom-1.9/rel2/lib286/dos/clibs.lib(ioexit.c)
0000:1246*     fcloseall_
0000:124b      __full_io_exit_
Module: /usr/src/openwatcom-1.9/rel2/lib286/dos/clibs.lib(fputc.c)
0000:1253      fputc_
Module: /usr/src/openwatcom-1.9/rel2/lib286/dos/clibs.lib(ioalloc.c)
0000:12f9      __ioalloc_
Module: /usr/src/openwatcom-1.9/rel2/lib286/dos/clibs.lib(prtf.c)
0000:1365      __prtf_
Module: /usr/src/openwatcom-1.9/rel2/lib286/dos/clibs.lib(flush.c)
0000:1ec4      __flush_
Module: /usr/src/openwatcom-1.9/rel2/lib286/dos/clibs.lib(enterdb.c)
0000:1fad      __EnterWVIDEO_
02b4:027c+     ___WD_Present
Module: /usr/src/openwatcom-1.9/rel2/lib286/dos/clibs.lib(___argc.c)
02b4:22cc      ____Argc
02b4:22ce      ____Argv
Module: /usr/src/openwatcom-1.9/rel2/lib286/dos/clibs.lib(amblksiz.c)
02b4:027e      __amblksiz
Module: /usr/src/openwatcom-1.9/rel2/lib286/dos/clibs.lib(exit.c)
0000:1fc9+     __null_int23_exit_
0000:1fca      exit_
0000:1fe8*     _exit_
02b4:0280+     ___int23_exit
02b4:0282+     ___FPE_handler_exit
Module: /usr/src/openwatcom-1.9/rel2/lib286/dos/clibs.lib(sgdef086)
02b4:028c      __Start_XI
02b4:02a4      __End_XI
02b4:02a4      __Start_YI
02b4:02b6      __End_YI
Module: /usr/src/openwatcom-1.9/rel2/lib286/dos/clibs.lib(histsplt.c)
02b4:22d0      ___historical_splitparms
Module: /usr/src/openwatcom-1.9/rel2/lib286/dos/clibs.lib(nmsize.c)
0000:1ff8*     _msize_
0000:1ff8      _nmsize_
Module: /usr/src/openwatcom-1.9/rel2/lib286/dos/clibs.lib(nexpand.c)
0000:2007      _nexpand_
0000:2007*     _expand_
0000:2056+     __HeapManager_expand_
Module: /usr/src/openwatcom-1.9/rel2/lib286/dos/clibs.lib(nmemneed.c)
0000:21dd      __nmemneed_
Module: /usr/src/openwatcom-1.9/rel2/lib286/dos/clibs.lib(mem.c)
0000:21e0      __MemAllocator
0000:22aa      __MemFree
Module: /usr/src/openwatcom-1.9/rel2/lib286/dos/clibs.lib(grownear.c)
0000:2473+     __LastFree_
0000:24da      __ExpandDGROUP_
Module: /usr/src/openwatcom-1.9/rel2/lib286/dos/clibs.lib(fclose.c)
0000:25b4+     __doclose_
0000:2635      __shutdown_stream_
0000:2646*     fclose_
02b4:22d2+     ___RmTmpFileFn
Module: /usr/src/openwatcom-1.9/rel2/lib286/dos/clibs.lib(freefp.c)
0000:2668      __freefp_
0000:2695      __purgefp_
Module: /usr/src/openwatcom-1.9/rel2/lib286/dos/clibs.lib(chktty.c)
0000:26b9      __chktty_
Module: /usr/src/openwatcom-1.9/rel2/lib286/dos/clibs.lib(wctomb.c)
0000:26de      wctomb_
Module: /usr/src/openwatcom-1.9/rel2/lib286/dos/clibs.lib(itoa.c)
0000:26fb+     utoa_
0000:2740      itoa_
Module: /usr/src/openwatcom-1.9/rel2/lib286/dos/clibs.lib(i4m)
0000:275c*     __I4M
0000:275c      __U4M
Module: /usr/src/openwatcom-1.9/rel2/lib286/dos/clibs.lib(strupr.c)
0000:2774      strupr_
Module: /usr/src/openwatcom-1.9/rel2/lib286/dos/clibs.lib(noefgfmt.c)
02b4:0284      ___EFG_printf
02b4:0286*     ___EFG_scanf
Module: /usr/src/openwatcom-1.9/rel2/lib286/dos/clibs.lib(mbisdbcs.c)
02b4:22d4      ___IsDBCS
Module: /usr/src/openwatcom-1.9/rel2/lib286/dos/clibs.lib(mbislead.c)
0000:27a4*     _ismbblead_
02b4:22d6      ___MBCSIsTable
Module: /usr/src/openwatcom-1.9/rel2/lib286/dos/clibs.lib(lltoa.c)
0000:27b9      ulltoa_
0000:287e*     lltoa_
Module: /usr/src/openwatcom-1.9/rel2/lib286/dos/clibs.lib(ltoa.c)
0000:28d1      ultoa_
0000:2924*     ltoa_
Module: /usr/src/openwatcom-1.9/rel2/lib286/dos/clibs.lib(qwrit.c)
0000:2944      __qwrite_
Module: /usr/src/openwatcom-1.9/rel2/lib286/dos/clibs.lib(fsync.c)
0000:299a      fsync_
Module: /usr/src/openwatcom-1.9/rel2/lib286/dos/clibs.lib(bfree.c)
0000:299d      _bfree_
Module: /usr/src/openwatcom-1.9/rel2/lib286/dos/clibs.lib(heapen.c)
0000:29be*     _heapenable_
02b4:0288      ___heap_enabled
Module: /usr/src/openwatcom-1.9/rel2/lib286/dos/clibs.lib(sbrk.c)
0000:29ca*     sbrk_
0000:29ce      __brk_
Module: /usr/src/openwatcom-1.9/rel2/lib286/dos/clibs.lib(alphabet.c)
02b4:00c6      ___Alphabet
Module: /usr/src/openwatcom-1.9/rel2/lib286/dos/clibs.lib(mbinit.c)
0000:2a56      __mbinit_
02b4:028a+     ___MBCodePage
Module: /usr/src/openwatcom-1.9/rel2/lib286/dos/clibs.lib(filedos.c)
0000:2b26*     _dos_close_
0000:2b32      _dos_commit_


                        +--------------------+
                        |   Libraries Used   |
                        +--------------------+

/usr/src/openwatcom-1.9/rel2/lib286/dos/clibs.lib


                        +-----------------------+
                        |   Linker Statistics   |
                        +-----------------------+

Stack size:  0800 (2048.)
Memory size:  5720 (22304.)
Entry point address: 0000:0694
Link time: 00:00.00
