Open Watcom Linker Version 1.9
Portions Copyright (c) 1985-2002 Sybase, Inc. All Rights Reserved.
Created on:       12/12/16 02:21:36
Executable Image: mthr19.dll
creating a Windows NT character-mode dynamic link library


                        +------------+
                        |   Groups   |
                        +------------+

Group                           Address              Size
=====                           =======              ====

.idata                          6ff09000             000003ee
DGROUP                          6ff0a000             00001720



                        +--------------+
                        |   Segments   |
                        +--------------+

Segment                Class          Group          Address         Size
=======                =====          =====          =======         ====

BEGTEXT                CODE           AUTO           6ff01000        00000007
_TEXT                  CODE           AUTO           6ff01010        00007524
TRANSFER CODE          CODE           AUTO           6ff08534        00000102
.idata                 .idata         .idata         6ff09000        000003ee
_NULL                  BEGDATA        DGROUP         6ff0a000        00000004
_AFTERNULL             BEGDATA        DGROUP         6ff0a004        00000000
CONST                  DATA           DGROUP         6ff0a004        00000000
CONST2                 DATA           DGROUP         6ff0a004        00000000
_DATA                  DATA           DGROUP         6ff0a004        000001e4
TIB                    DATA           DGROUP         6ff0a1e8        00000000
TI                     DATA           DGROUP         6ff0a1e8        00000000
TIE                    DATA           DGROUP         6ff0a1e8        00000000
XIB                    DATA           DGROUP         6ff0a1e8        00000000
XI                     DATA           DGROUP         6ff0a1e8        00000000
XIE                    DATA           DGROUP         6ff0a1e8        00000000
YIB                    DATA           DGROUP         6ff0a1e8        00000000
YI                     DATA           DGROUP         6ff0a1e8        00000000
YIE                    DATA           DGROUP         6ff0a1e8        00000000
DATA                   DATA           DGROUP         6ff0a1e8        00000000
_BSS                   BSS            DGROUP         6ff0b000        00000714
STACK                  STACK          DGROUP         6ff0b720        00000000


                        +----------------+
                        |   Memory Map   |
                        +----------------+

* = unreferenced symbol
+ = symbol only referenced locally

Address        Symbol
=======        ======

Module: /mnt/sda5/.user/root/src/openwatcom-1.9/bld/clib/startup/library/winnt.386/mf_r/clibdwnt.obj(/mnt/sda5/.user/root/src/openwatcom-1.9/bld/clib/startup/c/clibdwnt.c)
6ff01010       _LibMain@12
Module: ../../../clib/winnt.386/mf_r/clbrdll.lib(dstrt386)
6ff01018       __DLLstart_
6ff01018*      __DLLstartw_
6ff01018*      _DllMainCRTStartup@12
6ff01018*      _wDllMainCRTStartup@12
Module: /mnt/sda5/.user/root/src/openwatcom-1.9/bld/mathlib/library/winnt.386/mf_r.dll/math3r.lib(acos.c)
6ff01074       IF@ACOS
6ff01086       IF@DACOS
6ff01086       acos_
Module: /mnt/sda5/.user/root/src/openwatcom-1.9/bld/mathlib/library/winnt.386/mf_r.dll/math3r.lib(acosh.c)
6ff0110b       acosh_
6ff0110b       IF@DACOSH
Module: /mnt/sda5/.user/root/src/openwatcom-1.9/bld/mathlib/library/winnt.386/mf_r.dll/math3r.lib(asin.c)
6ff01171       IF@ASIN
6ff01183       IF@DASIN
6ff01183       asin_
Module: /mnt/sda5/.user/root/src/openwatcom-1.9/bld/mathlib/library/winnt.386/mf_r.dll/math3r.lib(asinh.c)
6ff011fd       asinh_
6ff011fd       IF@DASINH
Module: /mnt/sda5/.user/root/src/openwatcom-1.9/bld/mathlib/library/winnt.386/mf_r.dll/math3r.lib(atan.c)
6ff01297       IF@ATAN
6ff012a9       IF@DATAN
6ff012a9       atan_
Module: /mnt/sda5/.user/root/src/openwatcom-1.9/bld/mathlib/library/winnt.386/mf_r.dll/math3r.lib(atan2.c)
6ff01459       IF@ATAN2
6ff0147e       IF@DATAN2
6ff0147e       atan2_
Module: /mnt/sda5/.user/root/src/openwatcom-1.9/bld/mathlib/library/winnt.386/mf_r.dll/math3r.lib(atan387)
6ff0160c       __atan87
Module: /mnt/sda5/.user/root/src/openwatcom-1.9/bld/mathlib/library/winnt.386/mf_r.dll/math3r.lib(atanh.c)
6ff01675       atanh_
6ff01675       IF@DATANH
Module: /mnt/sda5/.user/root/src/openwatcom-1.9/bld/mathlib/library/winnt.386/mf_r.dll/math3r.lib(atof.c)
6ff016f6       atof_
Module: /mnt/sda5/.user/root/src/openwatcom-1.9/bld/mathlib/library/winnt.386/mf_r.dll/math3r.lib(cabs.c)
6ff016fd       cabs_
Module: /mnt/sda5/.user/root/src/openwatcom-1.9/bld/mathlib/library/winnt.386/mf_r.dll/math3r.lib(ceil.c)
6ff0173c       ceil_
Module: /mnt/sda5/.user/root/src/openwatcom-1.9/bld/mathlib/library/winnt.386/mf_r.dll/math3r.lib(clear87.c)
6ff0174b       _status87_
6ff0175c       _clear87_
Module: /mnt/sda5/.user/root/src/openwatcom-1.9/bld/mathlib/library/winnt.386/mf_r.dll/math3r.lib(cnvd2f.c)
6ff01778       __cnvd2f_
Module: /mnt/sda5/.user/root/src/openwatcom-1.9/bld/mathlib/library/winnt.386/mf_r.dll/math3r.lib(cnvd2ld.c)
6ff017f5       __cnvd2ld_
6ff017fa       __get__cnvd2ld_
Module: /mnt/sda5/.user/root/src/openwatcom-1.9/bld/mathlib/library/winnt.386/mf_r.dll/math3r.lib(cnvs2d.c)
6ff01800       __cnvs2d_
6ff01811       __get__cnvs2d_
Module: /mnt/sda5/.user/root/src/openwatcom-1.9/bld/mathlib/library/winnt.386/mf_r.dll/math3r.lib(sincos.c)
6ff01b13       IF@SIN
6ff01b25       IF@DSIN
6ff01b25       sin_
6ff01b42       IF@COS
6ff01b4f       IF@DCOS
6ff01b4f       cos_
6ff01b6c       IF@TAN
6ff01b79       IF@DTAN
6ff01b79       tan_
Module: /mnt/sda5/.user/root/src/openwatcom-1.9/bld/mathlib/library/winnt.386/mf_r.dll/math3r.lib(sin387)
6ff01ba1       __sin87
6ff01b98       __cos87
Module: /mnt/sda5/.user/root/src/openwatcom-1.9/bld/mathlib/library/winnt.386/mf_r.dll/math3r.lib(cosh.c)
6ff01c51       IF@COSH
6ff01c63       IF@DCOSH
6ff01c63       cosh_
Module: /mnt/sda5/.user/root/src/openwatcom-1.9/bld/mathlib/library/winnt.386/mf_r.dll/math3r.lib(difftime.c)
6ff01d03       difftime_
Module: /mnt/sda5/.user/root/src/openwatcom-1.9/bld/mathlib/library/winnt.386/mf_r.dll/math3r.lib(inf_nan.c)
6ff01d2f       ___f_infinity
6ff01d33       ___f_posqnan
6ff01d37       ___d_infinity
6ff01d3f       ___d_posqnan
6ff01d47       ___ld_infinity
6ff01d4f       ___ld_posqnan
Module: /mnt/sda5/.user/root/src/openwatcom-1.9/bld/mathlib/library/winnt.386/mf_r.dll/math3r.lib(_i__ecvt.asm)
6ff01d58       __ecvt_
Module: /mnt/sda5/.user/root/src/openwatcom-1.9/bld/mathlib/library/winnt.386/mf_r.dll/math3r.lib(_i_ecvt_.asm)
6ff01d60       _ecvt_
Module: /mnt/sda5/.user/root/src/openwatcom-1.9/bld/mathlib/library/winnt.386/mf_r.dll/math3r.lib(efcvt.c)
6ff01d9c       ecvt_
6ff01dc5       fcvt_
Module: /mnt/sda5/.user/root/src/openwatcom-1.9/bld/mathlib/library/winnt.386/mf_r.dll/math3r.lib(efgfmt.c)
6ff01df1       _EFG_Format_
6ff01f5a       __get_EFG_Format_
Module: /mnt/sda5/.user/root/src/openwatcom-1.9/bld/mathlib/library/winnt.386/mf_r.dll/math3r.lib(evalpoly.c)
6ff01f60       _EvalPoly_
6ff01f9a       _OddPoly_
Module: /mnt/sda5/.user/root/src/openwatcom-1.9/bld/mathlib/library/winnt.386/mf_r.dll/math3r.lib(exp.c)
6ff01ff0       IF@EXP
6ff02002       IF@DEXP
6ff02002       exp_
Module: /mnt/sda5/.user/root/src/openwatcom-1.9/bld/mathlib/library/winnt.386/mf_r.dll/math3r.lib(exp387)
6ff02254       __exp87
Module: /mnt/sda5/.user/root/src/openwatcom-1.9/bld/mathlib/library/winnt.386/mf_r.dll/math3r.lib(fabs.c)
6ff022ff       IF@FABS
6ff02308       IF@DFABS
6ff02308       fabs_
Module: /mnt/sda5/.user/root/src/openwatcom-1.9/bld/mathlib/library/winnt.386/mf_r.dll/math3r.lib(_i__fcvt.asm)
6ff02314       __fcvt_
Module: /mnt/sda5/.user/root/src/openwatcom-1.9/bld/mathlib/library/winnt.386/mf_r.dll/math3r.lib(_i_fcvt_.asm)
6ff0231c       _fcvt_
Module: /mnt/sda5/.user/root/src/openwatcom-1.9/bld/mathlib/library/winnt.386/mf_r.dll/math3r.lib(fdclass.c)
6ff02321       _FDClass_
Module: /mnt/sda5/.user/root/src/openwatcom-1.9/bld/mathlib/library/winnt.386/mf_r.dll/math3r.lib(fdsign.c)
6ff0238e       _FDSign_
Module: /mnt/sda5/.user/root/src/openwatcom-1.9/bld/mathlib/library/winnt.386/mf_r.dll/math3r.lib(finite.c)
6ff02394       _finite_
Module: /mnt/sda5/.user/root/src/openwatcom-1.9/bld/mathlib/library/winnt.386/mf_r.dll/math3r.lib(_i_finit.asm)
6ff023ac       finite_
Module: /mnt/sda5/.user/root/src/openwatcom-1.9/bld/mathlib/library/winnt.386/mf_r.dll/math3r.lib(ldclass.c)
6ff023b1       __LDClass_
6ff02401       _FLClass_
Module: /mnt/sda5/.user/root/src/openwatcom-1.9/bld/mathlib/library/winnt.386/mf_r.dll/math3r.lib(flda386)
6ff02446       __FLDA
6ff02470       __FLDAC
6ff0241c       __FLDS
6ff02522       ___LDA
Module: /mnt/sda5/.user/root/src/openwatcom-1.9/bld/mathlib/library/winnt.386/mf_r.dll/math3r.lib(fldc386)
6ff026ac       __FLDC
Module: /mnt/sda5/.user/root/src/openwatcom-1.9/bld/mathlib/library/winnt.386/mf_r.dll/math3r.lib(fldd386)
6ff02748       __FLDD
6ff027e8       ___LDD
Module: /mnt/sda5/.user/root/src/openwatcom-1.9/bld/mathlib/library/winnt.386/mf_r.dll/math3r.lib(fldm386)
6ff029a4       __FLDM
6ff02a6a       ___LDM
Module: /mnt/sda5/.user/root/src/openwatcom-1.9/bld/mathlib/library/winnt.386/mf_r.dll/math3r.lib(floor.c)
6ff02b7f       floor_
Module: /mnt/sda5/.user/root/src/openwatcom-1.9/bld/mathlib/library/winnt.386/mf_r.dll/math3r.lib(flsign.c)
6ff02bba*      __LDSign_
6ff02bc2       _FLSign_
Module: /mnt/sda5/.user/root/src/openwatcom-1.9/bld/mathlib/library/winnt.386/mf_r.dll/math3r.lib(fmod.c)
6ff02bd8       IF@FMOD
6ff02bfd       IF@DFMOD
6ff02bfd       fmod_
Module: /mnt/sda5/.user/root/src/openwatcom-1.9/bld/mathlib/library/winnt.386/mf_r.dll/math3r.lib(fprem386)
6ff02c24       __fprem_
Module: /mnt/sda5/.user/root/src/openwatcom-1.9/bld/mathlib/library/winnt.386/mf_r.dll/math3r.lib(frexp.c)
6ff02d1d       frexp_
Module: /mnt/sda5/.user/root/src/openwatcom-1.9/bld/mathlib/library/winnt.386/mf_r.dll/math3r.lib(fsclass.c)
6ff02d6e       _FSClass_
Module: /mnt/sda5/.user/root/src/openwatcom-1.9/bld/mathlib/library/winnt.386/mf_r.dll/math3r.lib(fssign.c)
6ff02db6       _FSSign_
Module: /mnt/sda5/.user/root/src/openwatcom-1.9/bld/mathlib/library/winnt.386/mf_r.dll/math3r.lib(_i__gcvt.asm)
6ff02dbc       __gcvt_
Module: /mnt/sda5/.user/root/src/openwatcom-1.9/bld/mathlib/library/winnt.386/mf_r.dll/math3r.lib(_i_gcvt_.asm)
6ff02dc4       _gcvt_
Module: /mnt/sda5/.user/root/src/openwatcom-1.9/bld/mathlib/library/winnt.386/mf_r.dll/math3r.lib(gcvt.c)
6ff02dc9       gcvt_
Module: /mnt/sda5/.user/root/src/openwatcom-1.9/bld/mathlib/library/winnt.386/mf_r.dll/math3r.lib(hypot.c)
6ff02ece       hypot_
Module: /mnt/sda5/.user/root/src/openwatcom-1.9/bld/mathlib/library/winnt.386/mf_r.dll/math3r.lib(i4ld386)
6ff02f10       __I4LD
6ff02f21       __U4LD
Module: /mnt/sda5/.user/root/src/openwatcom-1.9/bld/mathlib/library/winnt.386/mf_r.dll/math3r.lib(i8ld386)
6ff02f5d       __I8LD
6ff02f58       __U8LD
Module: /mnt/sda5/.user/root/src/openwatcom-1.9/bld/mathlib/library/winnt.386/mf_r.dll/math3r.lib(divc16.c)
6ff02fad       IF@C16Div
Module: /mnt/sda5/.user/root/src/openwatcom-1.9/bld/mathlib/library/winnt.386/mf_r.dll/math3r.lib(mulc16.c)
6ff03120       IF@C16Mul
Module: /mnt/sda5/.user/root/src/openwatcom-1.9/bld/mathlib/library/winnt.386/mf_r.dll/math3r.lib(powc16.c)
6ff031ce       IF@C16Pow
Module: /mnt/sda5/.user/root/src/openwatcom-1.9/bld/mathlib/library/winnt.386/mf_r.dll/math3r.lib(powic16.c)
6ff0337c       IF@C16PowI
Module: /mnt/sda5/.user/root/src/openwatcom-1.9/bld/mathlib/library/winnt.386/mf_r.dll/math3r.lib(divc20.c)
6ff035a8       IF@C32Div
Module: /mnt/sda5/.user/root/src/openwatcom-1.9/bld/mathlib/library/winnt.386/mf_r.dll/math3r.lib(mulc20.c)
6ff0371b       IF@C32Mul
Module: /mnt/sda5/.user/root/src/openwatcom-1.9/bld/mathlib/library/winnt.386/mf_r.dll/math3r.lib(powc20.c)
6ff037c9       IF@C32Pow
Module: /mnt/sda5/.user/root/src/openwatcom-1.9/bld/mathlib/library/winnt.386/mf_r.dll/math3r.lib(powic32.c)
6ff03816       IF@C32PowI
Module: /mnt/sda5/.user/root/src/openwatcom-1.9/bld/mathlib/library/winnt.386/mf_r.dll/math3r.lib(divc8.c)
6ff03857       IF@C8Div
Module: /mnt/sda5/.user/root/src/openwatcom-1.9/bld/mathlib/library/winnt.386/mf_r.dll/math3r.lib(mulc8.c)
6ff03930       IF@C8Mul
Module: /mnt/sda5/.user/root/src/openwatcom-1.9/bld/mathlib/library/winnt.386/mf_r.dll/math3r.lib(powc8.c)
6ff0398c       IF@C8Pow
Module: /mnt/sda5/.user/root/src/openwatcom-1.9/bld/mathlib/library/winnt.386/mf_r.dll/math3r.lib(powic8.c)
6ff03b00       IF@C8PowI
Module: /mnt/sda5/.user/root/src/openwatcom-1.9/bld/mathlib/library/winnt.386/mf_r.dll/math3r.lib(ifcdabs.c)
6ff03c6d       IF@CDABS
Module: /mnt/sda5/.user/root/src/openwatcom-1.9/bld/mathlib/library/winnt.386/mf_r.dll/math3r.lib(ifcdcos.c)
6ff03d1f       IF@CDCOS
Module: /mnt/sda5/.user/root/src/openwatcom-1.9/bld/mathlib/library/winnt.386/mf_r.dll/math3r.lib(ifcdexp.c)
6ff03da8       IF@CDEXP
Module: /mnt/sda5/.user/root/src/openwatcom-1.9/bld/mathlib/library/winnt.386/mf_r.dll/math3r.lib(ifcdlog.c)
6ff03e19       IF@CDLOG
Module: /mnt/sda5/.user/root/src/openwatcom-1.9/bld/mathlib/library/winnt.386/mf_r.dll/math3r.lib(ifcdsin.c)
6ff03e9a       IF@CDSIN
Module: /mnt/sda5/.user/root/src/openwatcom-1.9/bld/mathlib/library/winnt.386/mf_r.dll/math3r.lib(ifcdsqrt.c)
6ff03f24       IF@CDSQRT
Module: /mnt/sda5/.user/root/src/openwatcom-1.9/bld/mathlib/library/winnt.386/mf_r.dll/math3r.lib(fdld386)
6ff04158       __iFDLD
Module: /mnt/sda5/.user/root/src/openwatcom-1.9/bld/mathlib/library/winnt.386/mf_r.dll/math3r.lib(log.c)
6ff04217       IF@LOG
6ff04229       IF@DLOG
6ff04229       log_
Module: /mnt/sda5/.user/root/src/openwatcom-1.9/bld/mathlib/library/winnt.386/mf_r.dll/math3r.lib(log10.c)
6ff043ce       IF@LOG10
6ff043e0       IF@DLOG10
6ff043e0       log10_
Module: /mnt/sda5/.user/root/src/openwatcom-1.9/bld/mathlib/library/winnt.386/mf_r.dll/math3r.lib(log2.c)
6ff0440a       log2_
6ff0440a       IF@DLOG2
Module: /mnt/sda5/.user/root/src/openwatcom-1.9/bld/mathlib/library/winnt.386/mf_r.dll/math3r.lib(pow.c)
6ff04434       IF@POW
6ff04459       IF@DPOW
6ff04459       pow_
Module: /mnt/sda5/.user/root/src/openwatcom-1.9/bld/mathlib/library/winnt.386/mf_r.dll/math3r.lib(powri.c)
6ff04636       IF@POWI
6ff0464a       IF@DPOWI
6ff0464a       IF@PowRI
Module: /mnt/sda5/.user/root/src/openwatcom-1.9/bld/mathlib/library/winnt.386/mf_r.dll/math3r.lib(sinh.c)
6ff04736       IF@SINH
6ff04748       IF@DSINH
6ff04748       sinh_
Module: /mnt/sda5/.user/root/src/openwatcom-1.9/bld/mathlib/library/winnt.386/mf_r.dll/math3r.lib(sqrt.c)
6ff047f4       IF@SQRT
6ff04806       IF@DSQRT
6ff04806       sqrt_
Module: /mnt/sda5/.user/root/src/openwatcom-1.9/bld/mathlib/library/winnt.386/mf_r.dll/math3r.lib(tanh.c)
6ff04850       IF@TANH
6ff04862       IF@DTANH
6ff04862       tanh_
Module: /mnt/sda5/.user/root/src/openwatcom-1.9/bld/mathlib/library/winnt.386/mf_r.dll/math3r.lib(powii.c)
6ff0490f       IF@IPOW
6ff0490f       IF@PowII
Module: /mnt/sda5/.user/root/src/openwatcom-1.9/bld/mathlib/library/winnt.386/mf_r.dll/math3r.lib(powrr.c)
6ff04988       IF@PowRR
Module: /mnt/sda5/.user/root/src/openwatcom-1.9/bld/mathlib/library/winnt.386/mf_r.dll/math3r.lib(powxi.c)
6ff049cd       IF@PowXI
Module: /mnt/sda5/.user/root/src/openwatcom-1.9/bld/mathlib/library/winnt.386/mf_r.dll/math3r.lib(fsld386)
6ff04a98       __iFSLD
Module: /mnt/sda5/.user/root/src/openwatcom-1.9/bld/mathlib/library/winnt.386/mf_r.dll/math3r.lib(ldfd386)
6ff04ae0       __iLDFD
Module: /mnt/sda5/.user/root/src/openwatcom-1.9/bld/mathlib/library/winnt.386/mf_r.dll/math3r.lib(ldfs386)
6ff04bb4       __iLDFS
Module: /mnt/sda5/.user/root/src/openwatcom-1.9/bld/mathlib/library/winnt.386/mf_r.dll/math3r.lib(j0.c)
6ff04cb5       __P0P
6ff04cdd       __P0Q
6ff04d0d       __Q0P
6ff04d35       __Q0Q
6ff04d65       j0_
Module: /mnt/sda5/.user/root/src/openwatcom-1.9/bld/mathlib/library/winnt.386/mf_r.dll/math3r.lib(j1.c)
6ff04f99       __P1P
6ff04fc1       __P1Q
6ff04ff1       __Q1P
6ff05019       __Q1Q
6ff05041       j1_
Module: /mnt/sda5/.user/root/src/openwatcom-1.9/bld/mathlib/library/winnt.386/mf_r.dll/math3r.lib(jn.c)
6ff05217       jn_
Module: /mnt/sda5/.user/root/src/openwatcom-1.9/bld/mathlib/library/winnt.386/mf_r.dll/math3r.lib(ldcvt.c)
6ff05567       _LDScale10x_
6ff05b0e       __LDcvt_
Module: /mnt/sda5/.user/root/src/openwatcom-1.9/bld/mathlib/library/winnt.386/mf_r.dll/math3r.lib(ldexp.c)
6ff05ef3       ldexp_
Module: /mnt/sda5/.user/root/src/openwatcom-1.9/bld/mathlib/library/winnt.386/mf_r.dll/math3r.lib(ldi4386)
6ff05fe9       __LDI4
6ff05fee       __LDU4
6ff05f94       __RLDU4
Module: /mnt/sda5/.user/root/src/openwatcom-1.9/bld/mathlib/library/winnt.386/mf_r.dll/math3r.lib(ldi8386)
6ff06058       __LDI8
Module: /mnt/sda5/.user/root/src/openwatcom-1.9/bld/mathlib/library/winnt.386/mf_r.dll/math3r.lib(log387)
6ff060cc       __log87
Module: /mnt/sda5/.user/root/src/openwatcom-1.9/bld/mathlib/library/winnt.386/mf_r.dll/math3r.lib(math2err.c)
6ff0614c       __math1err_
6ff06156       __math2err_
Module: /mnt/sda5/.user/root/src/openwatcom-1.9/bld/mathlib/library/winnt.386/mf_r.dll/math3r.lib(__mtherr)
6ff0625c       __matherr
Module: /mnt/sda5/.user/root/src/openwatcom-1.9/bld/mathlib/library/winnt.386/mf_r.dll/math3r.lib(_matherr.c)
6ff06307       _set_matherr_
6ff0630d       __rterrmsg_
6ff0635a       _matherr_
6ff0a114+      ___matherr_handler
Module: /mnt/sda5/.user/root/src/openwatcom-1.9/bld/mathlib/library/winnt.386/mf_r.dll/math3r.lib(matherr.c)
6ff0638e       matherr_
Module: /mnt/sda5/.user/root/src/openwatcom-1.9/bld/mathlib/library/winnt.386/mf_r.dll/math3r.lib(modf.c)
6ff06391       modf_
Module: /mnt/sda5/.user/root/src/openwatcom-1.9/bld/mathlib/library/winnt.386/mf_r.dll/math3r.lib(amodf386)
6ff063c0       __ModF
6ff06450       __ZBuf2F
Module: /mnt/sda5/.user/root/src/openwatcom-1.9/bld/mathlib/library/winnt.386/mf_r.dll/math3r.lib(qmatherr.c)
6ff06558       __qmath1err_
6ff06580       __qmath2err_
Module: /mnt/sda5/.user/root/src/openwatcom-1.9/bld/mathlib/library/winnt.386/mf_r.dll/math3r.lib(sqrt386)
6ff065d4       __sqrtd
6ff065fb       __sqrt
Module: /mnt/sda5/.user/root/src/openwatcom-1.9/bld/mathlib/library/winnt.386/mf_r.dll/math3r.lib(sqrt387)
6ff066c8       __sqrt87
Module: /mnt/sda5/.user/root/src/openwatcom-1.9/bld/mathlib/library/winnt.386/mf_r.dll/math3r.lib(strtod.c)
6ff06c34       __Strtold_
6ff06d9b       strtod_
Module: /mnt/sda5/.user/root/src/openwatcom-1.9/bld/mathlib/library/winnt.386/mf_r.dll/math3r.lib(tan387)
6ff06ee0       __tan87
Module: /mnt/sda5/.user/root/src/openwatcom-1.9/bld/mathlib/library/winnt.386/mf_r.dll/math3r.lib(_iwtof__.asm)
6ff06f84       _watof_
Module: /mnt/sda5/.user/root/src/openwatcom-1.9/bld/mathlib/library/winnt.386/mf_r.dll/math3r.lib(_ustrtod.c)
6ff07564       __wStrtold_
6ff076f1       wcstod_
Module: /mnt/sda5/.user/root/src/openwatcom-1.9/bld/mathlib/library/winnt.386/mf_r.dll/math3r.lib(_uefcvt.c)
6ff0786a       _wecvt_
6ff0789f       _wfcvt_
Module: /mnt/sda5/.user/root/src/openwatcom-1.9/bld/mathlib/library/winnt.386/mf_r.dll/math3r.lib(_ugcvt.c)
6ff078d7       _wgcvt_
Module: /mnt/sda5/.user/root/src/openwatcom-1.9/bld/mathlib/library/winnt.386/mf_r.dll/math3r.lib(_uatof.c)
6ff078eb       _wtof_
Module: /mnt/sda5/.user/root/src/openwatcom-1.9/bld/mathlib/library/winnt.386/mf_r.dll/math3r.lib(y0.c)
6ff0797a       y0_
Module: /mnt/sda5/.user/root/src/openwatcom-1.9/bld/mathlib/library/winnt.386/mf_r.dll/math3r.lib(y1.c)
6ff07c0f       y1_
Module: /mnt/sda5/.user/root/src/openwatcom-1.9/bld/mathlib/library/winnt.386/mf_r.dll/math3r.lib(yn.c)
6ff07e56       yn_
Module: /mnt/sda5/.user/root/src/openwatcom-1.9/bld/mathlib/library/winnt.386/mf_r.dll/math3r.lib(bufld386)
6ff07f0c       __ZBuf2LD
Module: /mnt/sda5/.user/root/src/openwatcom-1.9/bld/mathlib/library/winnt.386/mf_r.dll/math3r.lib(zmatherr.c)
6ff0801b       __zmath1err_
6ff08041       __zmath2err_
Module: ../../../clib/winnt.386/mf_r/clbrdll.lib(dmndwnt.c)
6ff080a0       __LibMain@12
Module: ../../../clib/winnt.386/mf_r/clbrdll.lib(segdefns)
6ff01003       ___begtext
6ff0a000*      __nullarea
6ff0a1e8       __Start_XI
6ff0a1e8       __End_XI
6ff0a1e8       __Start_YI
6ff0a1e8       __End_YI
Module: /mnt/sda5/.user/root/src/openwatcom-1.9/bld/mathlib/library/winnt.386/mf_r.dll/math3r.lib(sgn.c)
6ff081f2       __sgn_
Module: /mnt/sda5/.user/root/src/openwatcom-1.9/bld/mathlib/library/winnt.386/mf_r.dll/math3r.lib(cvt.c)
6ff08207       __cvt_
Module: /mnt/sda5/.user/root/src/openwatcom-1.9/bld/mathlib/library/winnt.386/mf_r.dll/math3r.lib(log87e.c)
6ff08276       __log87_err_
Module: ../../../clib/winnt.386/mf_r/clbrdll.lib(initrtns.c)
6ff082c0       __InitRtns
6ff08310       __FiniRtns
Module: ../../../clib/winnt.386/mf_r/clbrdll.lib(rdllmwnt.c)
6ff0a1e4       __pRawDllMain
Module: ../../../clib/winnt.386/mf_r/clbrdll.lib(ddgrpwnt.c)
6ff08460       __disallow_single_dgroup_
Module: ../../../clib/winnt.386/mf_r/clbrdll.lib(dllnmwnt.c)
6ff0b708       ___Is_DLL
6ff0b70c       __LpwDllName
6ff0b710       __LpDllName
Module: ../../../clib/winnt.386/mf_r/clbrdll.lib(dcinit.c)
6ff08530       __CommonInit_
Module: ../../../clib/winnt.386/mf_r/clbrdll.lib(dosseg)
00001234       __DOSseg__


                        +----------------------+
                        |   Imported Symbols   |
                        +----------------------+

Symbol                              Module
======                              ======

__FSFD                              clbr19.dll
__FDFS                              clbr19.dll
__FDM                               clbr19.dll
__FDS                               clbr19.dll
__FDD                               clbr19.dll
__FDC                               clbr19.dll
__FDA                               clbr19.dll
__FDN                               clbr19.dll
__real87                            clbr19.dll
__chipbug                           clbr19.dll
__fpatan_wrap                       clbr19.dll
__8087                              clbr19.dll
__fdiv_fpr                          clbr19.dll
__U4FD                              clbr19.dll
__CVTBuffer_                        clbr19.dll
_LDisDouble_                        clbr19.dll
__FDI4                              clbr19.dll
__FSN                               clbr19.dll
F8DivZero                           clbr19.dll
F8InvalidOp                         clbr19.dll
__I4FD                              clbr19.dll
__FSD                               clbr19.dll
__FSM                               clbr19.dll
__FSA                               clbr19.dll
__FSS                               clbr19.dll
__I4FS                              clbr19.dll
F8OverFlow                          clbr19.dll
__fptan_chk                         clbr19.dll
__HugeValue_br                      clbr19.dll
__set_ERANGE_                       clbr19.dll
__IsTable_br                        clbr19.dll
memset_                             clbr19.dll
__get_std_stream_                   clbr19.dll
fputs_                              clbr19.dll
fputc_                              clbr19.dll
__set_EDOM_                         clbr19.dll
tolower_                            clbr19.dll
wcstombs_                           clbr19.dll
_atouni_                            clbr19.dll
_GetModuleFileNameA@12              KERNEL32.DLL
__lib_GetModuleFileNameW_           clbr19.dll
___sig_init_rtn                     clbr19.dll
_MessageBoxA@16                     USER32.DLL


                        +--------------------+
                        |   Libraries Used   |
                        +--------------------+

/mnt/sda5/.user/root/src/openwatcom-1.9/rel2/lib386/nt/kernel32.lib
/mnt/sda5/.user/root/src/openwatcom-1.9/rel2/lib386/nt/user32.lib
/mnt/sda5/.user/root/src/openwatcom-1.9/bld/mathlib/library/winnt.386/mf_r.dll/math3r.lib
../../../clib/winnt.386/mf_r/clbrdll.lib


                        +-----------------------+
                        |   Linker Statistics   |
                        +-----------------------+

Stack size:  0000 (0.)
Memory size:  9144 (37188.)
Entry point address: 6ff01018
Link time: 00:00.00
