Open Watcom Linker Version 1.9
Portions Copyright (c) 1985-2002 Sybase, Inc. All Rights Reserved.
Created on:       12/12/16 02:39:42
Executable Image: cwhelp.exe
creating a CauseWay executable


                        +------------+
                        |   Groups   |
                        +------------+

Group                           Address              Size
=====                           =======              ====

DGROUP                          0002:00000000        00011ea0



                        +--------------+
                        |   Segments   |
                        +--------------+

Segment                Class          Group          Address         Size
=======                =====          =====          =======         ====

BEGTEXT                CODE           AUTO           0001:00000000   00000010
_TEXT                  CODE           AUTO           0001:00000010   00002b37
_NULL                  BEGDATA        DGROUP         0002:00000000   00000004
_AFTERNULL             BEGDATA        DGROUP         0002:00000004   00000000
CONST                  DATA           DGROUP         0002:00000004   0000037c
CONST2                 DATA           DGROUP         0002:00000380   000000b4
_DATA                  DATA           DGROUP         0002:00000434   000001cc
XIB                    DATA           DGROUP         0002:00000600   00000000
XI                     DATA           DGROUP         0002:00000600   00000006
XIE                    DATA           DGROUP         0002:00000606   00000000
YIB                    DATA           DGROUP         0002:00000606   00000000
YI                     DATA           DGROUP         0002:00000606   00000006
YIE                    DATA           DGROUP         0002:0000060c   00000000
_AUTOLOCKB             DATA           DGROUP         0002:0000060c   00000000
_AUTOLOCK              DATA           DGROUP         0002:0000060c   00000010
_AUTOLOCKE             DATA           DGROUP         0002:0000061c   00000000
TIB                    DATA           DGROUP         0002:0000061c   00000000
TI                     DATA           DGROUP         0002:0000061c   00000000
TIE                    DATA           DGROUP         0002:0000061c   00000000
DATA                   DATA           DGROUP         0002:0000061c   00000000
_BSS                   BSS            DGROUP         0002:00000620   00001878
STACK                  STACK          DGROUP         0002:00001ea0   00010000


                        +----------------+
                        |   Memory Map   |
                        +----------------+

* = unreferenced symbol
+ = symbol only referenced locally

Address        Symbol
=======        ======

Module: mxutil.obj(/mnt/sda5/.user/root/src/openwatcom-1.9/bld/trap/common/mxutil.c)
0001:00000010  GetInPtr_
0001:00000040  GetOutPtr_
0001:00000070  GetTotalSize_
0002:00000620  _In_Mx_Ptr
0002:00000624  _Out_Mx_Ptr
0002:00000628  _Out_Mx_Num
0002:00000629  _In_Mx_Num
Module: autolock.obj(/mnt/sda5/.user/root/src/openwatcom-1.9/bld/trap/lcl/dos/dosx/cw/asm/autolock.asm)
0000:00001234  __autolock
Module: cwacc.obj(/mnt/sda5/.user/root/src/openwatcom-1.9/bld/trap/lcl/dos/dosx/cw/c/cwacc.c)
0002:00000434  _WatchCount
0002:00000438+ _FakeBreak
0001:00000140  SetHBRK_
0001:000001b0  ResetHBRK_
0001:000001f0  IsHardBreak_
0001:00000240  CheckWatchPoints_
0001:000002a0  CheckTerminate_
0001:000006c0  ReqGet_sys_config_
0001:00000700  ReqMap_addr_
0001:00000830  ReqAddr_info_
0001:000008b0  ReqChecksum_mem_
0001:00000960  ReqRead_mem_
0001:00000990  ReqWrite_mem_
0001:000009e0  ReqRead_io_
0001:00000a30  ReqWrite_io_
0001:00000aa0  ReqRead_cpu_
0001:00000ad0  ReqRead_fpu_
0001:00000af0  ReqWrite_cpu_
0001:00000b20  ReqWrite_fpu_
0001:00000b50  ReqProg_go_
0001:00000b60  ReqProg_step_
0001:00000bf0  ReqProg_load_
0001:00000cf0  ReqProg_kill_
0001:00000d30  ReqSet_watch_
0001:00000ea0  ReqClear_watch_
0001:00000f50  ReqSet_break_
0001:00000fa0  ReqClear_break_
0001:00000fd0  ReqGet_next_alias_
0001:00000ff0  ReqGet_lib_name_
0001:00001080  ReqGet_err_text_
0001:00001130  ReqGet_message_text_
0001:00001170  ReqRead_regs_
0001:000011b0  ReqWrite_regs_
0001:000011f0  ReqMachine_data_
0001:00001260  TrapInit_
0001:00001320  TrapFini_
Module: cwintr.obj(/mnt/sda5/.user/root/src/openwatcom-1.9/bld/trap/lcl/dos/dosx/cw/asm/cwintr.asm)
0002:000004bc  _DebugPSP
0002:000004be  _DebugRegs
0002:00000509  _Exception
0001:00001820  Execute_
0001:0000195e  DebugLoad_
0001:00001a03  SetUsrTask_
0001:00001a13  SetDbgTask_
0001:00001a49  MemoryRead_
0001:00001a69  MemoryWrite_
0001:00001a8b  GrabVectors_
0001:00001c32  ReleaseVectors_
Module: dosxlink.obj(/mnt/sda5/.user/root/src/openwatcom-1.9/bld/trap/lcl/dos/dosx/c/dosxlink.c)
0002:00001660  _XVersion
0001:00001d30  RemoteGet_
0001:00001d70  RemotePut_
0001:00001dc0* GetScreenPointer_
0001:00001dd0  RemoteLink_
0001:00001e40  RemoteUnLink_
0001:00001e50  RemoteConnect_
0001:00001e60  RemoteDisco_
Module: dosxserv.obj(/mnt/sda5/.user/root/src/openwatcom-1.9/bld/trap/lcl/dos/dosx/c/dosxserv.c)
0002:00001684+ _RWBuff
0001:00001f10+ Initialize_
0001:00001f90  main_
Module: dosxtrio.obj(/mnt/sda5/.user/root/src/openwatcom-1.9/bld/trap/lcl/dos/dosx/c/dosxtrio.c)
0001:00001fc0* Output_
0001:00001ff0  StartupErr_
Module: dosxstub.obj(/mnt/sda5/.user/root/src/openwatcom-1.9/bld/trap/lcl/dos/dosx/c/dosxstub.c)
0001:00002050  ReqSplit_cmd_
0001:00002050  ReqRead_user_keyboard_
0001:00002050  ReqSet_debug_screen_
0001:00002050  ReqSet_user_screen_
Module: dosxrmod.obj(/mnt/sda5/.user/root/src/openwatcom-1.9/bld/trap/lcl/dos/dosx/c/dosxrmod.c)
0001:00002060  CallRealMode_
Module: core.obj(/mnt/sda5/.user/root/src/openwatcom-1.9/bld/trap/lcl/c/core.c)
0001:000020a0+ ReqConnect_
0001:000020e0+ ReqDisconnect_
0001:000020f0+ ReqResume_
0001:000020f0+ ReqSuspend_
0001:00002100  TrapRequest_
Module: supp.obj(/mnt/sda5/.user/root/src/openwatcom-1.9/bld/trap/lcl/c/supp.c)
0001:00002130  ReqGet_supplementary_service_
0001:000021a0  ReqPerform_supplementary_service_
Module: packet.obj(/mnt/sda5/.user/root/src/openwatcom-1.9/bld/trap/common/packet.c)
0001:000021d0* StartPacket_
0001:000021e0* PutPacket_
0001:00002200  PutBuffPacket_
0001:00002220* AddPacket_
0001:00002280  GetPacket_
0001:000022a0* RemovePacket_
0001:00002300  GetPacketBuffPtr_
0001:00002310  MaxPacketSize_
Module: dosexc.obj(/mnt/sda5/.user/root/src/openwatcom-1.9/bld/trap/lcl/dos/c/dosexc.c)
0001:00002320  ExceptionText_
Module: dosredir.obj(/mnt/sda5/.user/root/src/openwatcom-1.9/bld/trap/lcl/dos/c/dosredir.c)
0001:00002490  ReqRedirect_stdin_
0001:000024a0  ReqRedirect_stdout_
0001:000024b0  RedirectFini_
0001:000024b0  RedirectInit_
Module: x86cpu.obj(/mnt/sda5/.user/root/src/openwatcom-1.9/bld/trap/lcl/c/x86cpu.c)
0001:000024c0  X86CPUType_
Module: misc7386.obj(/mnt/sda5/.user/root/src/openwatcom-1.9/bld/trap/lcl/asm/misc7386.asm)
0001:00002551  NPXType_
0001:000025a2  Read387_
0001:000025a9  Write387_
Module: /mnt/sda5/.user/root/src/openwatcom-1.9/rel2/lib386/dos/clib3r.lib(crwdata)
0002:000005df  __osmajor
0002:000005e0  __osminor
0002:000005b4  __psp
0002:000005d6  __Extender
0002:000005d7  __ExtenderSubtype
0002:000005d8* __X32VM
0002:000005b8* __x386_stacklow
0002:000005ac  __LpCmdLine
0002:000005b0  __LpPgmName
0002:000005a4  __dynend
0002:000005a8  __curbrk
0002:000005b8  __STACKLOW
0002:000005bc  __STACKTOP
0002:000005c0  __ASTACKSIZ
0002:000005c4  __ASTACKPTR
0002:000005c8* __cbyte
0002:000005cc* __cbyte2
0002:000005d0  __child
0002:000005d9  __Envptr
0002:000005dd  __Envseg
0002:000005d4  __no87
0002:000005e1  ___FPE_handler
Module: /mnt/sda5/.user/root/src/openwatcom-1.9/rel2/lib386/dos/clib3r.lib(ltoa.c)
0001:000025b0  ultoa_
0001:00002600* ltoa_
Module: /mnt/sda5/.user/root/src/openwatcom-1.9/rel2/lib386/dos/clib3r.lib(cstart)
0001:00000003* ___begtext
0002:00000000* __nullarea
0002:000005e8* __D16Infoseg
0002:000005ea* __x386_zero_base_selector
0001:00002624  _cstart_
0001:00002872  __exit_
0001:00002874* __do_exit_with_msg__
0001:000028bc* __GETDS
0001:000028bc  ___GETDSStart_
0001:000028c7  ___GETDSEnd_
Module: /mnt/sda5/.user/root/src/openwatcom-1.9/rel2/lib386/dos/clib3r.lib(exit.c)
0001:000028c7+ __null_int23_exit_
0001:000028c8  exit_
0001:000028f4* _exit_
0002:000005ec+ ___int23_exit
0002:000005f0+ ___FPE_handler_exit
Module: /mnt/sda5/.user/root/src/openwatcom-1.9/rel2/lib386/dos/clib3r.lib(stricmp.c)
0001:00002910  stricmp_
Module: /mnt/sda5/.user/root/src/openwatcom-1.9/rel2/lib386/dos/clib3r.lib(alphabet.c)
0002:00000358  ___Alphabet
Module: /mnt/sda5/.user/root/src/openwatcom-1.9/rel2/lib386/dos/clib3r.lib(cmain386.c)
0001:00002950  __CMain
Module: /mnt/sda5/.user/root/src/openwatcom-1.9/rel2/lib386/dos/clib3r.lib(initrtns.c)
0001:000029a0  __InitRtns
0001:000029f0  __FiniRtns
Module: /mnt/sda5/.user/root/src/openwatcom-1.9/rel2/lib386/dos/clib3r.lib(dosseg)
0000:00001234  __DOSseg__
Module: /mnt/sda5/.user/root/src/openwatcom-1.9/rel2/lib386/dos/clib3r.lib(uselfn.c)
0002:000005f4  ___uselfn
Module: /mnt/sda5/.user/root/src/openwatcom-1.9/rel2/lib386/dos/clib3r.lib(cinit.c)
0001:00002a50  __CommonInit_
Module: /mnt/sda5/.user/root/src/openwatcom-1.9/rel2/lib386/dos/clib3r.lib(___argc.c)
0002:00001e90  ____Argc
0002:00001e94  ____Argv
Module: /mnt/sda5/.user/root/src/openwatcom-1.9/rel2/lib386/dos/clib3r.lib(sgdef086)
0002:00000600  __Start_XI
0002:00000606  __End_XI
0002:00000606  __Start_YI
0002:0000060c  __End_YI
Module: /mnt/sda5/.user/root/src/openwatcom-1.9/rel2/lib386/dos/clib3r.lib(amblksiz.c)
0002:000005f8  __amblksiz
Module: /mnt/sda5/.user/root/src/openwatcom-1.9/rel2/lib386/dos/clib3r.lib(dpmihost.c)
0001:00002ab0  __DPMI_hosted_


                        +----------------------+
                        |   Imported Symbols   |
                        +----------------------+

Symbol                              Module
======                              ======



                        +--------------------+
                        |   Libraries Used   |
                        +--------------------+

/mnt/sda5/.user/root/src/openwatcom-1.9/rel2/lib386/dos/clib3r.lib


                        +-----------------------+
                        |   Linker Statistics   |
                        +-----------------------+

Stack size:  00010000 (65536.)
Memory size:  000149e7 (84455.)
Entry point address: 0001:00002624
Link time: 00:00.00
